Archive member included to satisfy reference by file (symbol)

d:/stm32/programs/stm32_cube_ide/stm32cubeide_1.5.0/stm32cubeide/plugins/com.st.stm32cube.ide.mcu.externaltools.gnu-tools-for-stm32.7-2018-q2-update.win32_1.5.0.202011040924/tools/bin/../lib/gcc/arm-none-eabi/7.3.1/../../../../arm-none-eabi/lib/thumb/v7e-m/fpv4-sp/hard\libc_nano.a(lib_a-errno.o)
                              Core/Src/syscalls.o (__errno)
d:/stm32/programs/stm32_cube_ide/stm32cubeide_1.5.0/stm32cubeide/plugins/com.st.stm32cube.ide.mcu.externaltools.gnu-tools-for-stm32.7-2018-q2-update.win32_1.5.0.202011040924/tools/bin/../lib/gcc/arm-none-eabi/7.3.1/../../../../arm-none-eabi/lib/thumb/v7e-m/fpv4-sp/hard\libc_nano.a(lib_a-exit.o)
                              d:/stm32/programs/stm32_cube_ide/stm32cubeide_1.5.0/stm32cubeide/plugins/com.st.stm32cube.ide.mcu.externaltools.gnu-tools-for-stm32.7-2018-q2-update.win32_1.5.0.202011040924/tools/bin/../lib/gcc/arm-none-eabi/7.3.1/../../../../arm-none-eabi/lib/thumb/v7e-m/fpv4-sp/hard/crt0.o (exit)
d:/stm32/programs/stm32_cube_ide/stm32cubeide_1.5.0/stm32cubeide/plugins/com.st.stm32cube.ide.mcu.externaltools.gnu-tools-for-stm32.7-2018-q2-update.win32_1.5.0.202011040924/tools/bin/../lib/gcc/arm-none-eabi/7.3.1/../../../../arm-none-eabi/lib/thumb/v7e-m/fpv4-sp/hard\libc_nano.a(lib_a-impure.o)
                              d:/stm32/programs/stm32_cube_ide/stm32cubeide_1.5.0/stm32cubeide/plugins/com.st.stm32cube.ide.mcu.externaltools.gnu-tools-for-stm32.7-2018-q2-update.win32_1.5.0.202011040924/tools/bin/../lib/gcc/arm-none-eabi/7.3.1/../../../../arm-none-eabi/lib/thumb/v7e-m/fpv4-sp/hard\libc_nano.a(lib_a-exit.o) (_global_impure_ptr)
d:/stm32/programs/stm32_cube_ide/stm32cubeide_1.5.0/stm32cubeide/plugins/com.st.stm32cube.ide.mcu.externaltools.gnu-tools-for-stm32.7-2018-q2-update.win32_1.5.0.202011040924/tools/bin/../lib/gcc/arm-none-eabi/7.3.1/../../../../arm-none-eabi/lib/thumb/v7e-m/fpv4-sp/hard\libc_nano.a(lib_a-init.o)
                              d:/stm32/programs/stm32_cube_ide/stm32cubeide_1.5.0/stm32cubeide/plugins/com.st.stm32cube.ide.mcu.externaltools.gnu-tools-for-stm32.7-2018-q2-update.win32_1.5.0.202011040924/tools/bin/../lib/gcc/arm-none-eabi/7.3.1/../../../../arm-none-eabi/lib/thumb/v7e-m/fpv4-sp/hard/crt0.o (__libc_init_array)
d:/stm32/programs/stm32_cube_ide/stm32cubeide_1.5.0/stm32cubeide/plugins/com.st.stm32cube.ide.mcu.externaltools.gnu-tools-for-stm32.7-2018-q2-update.win32_1.5.0.202011040924/tools/bin/../lib/gcc/arm-none-eabi/7.3.1/../../../../arm-none-eabi/lib/thumb/v7e-m/fpv4-sp/hard\libc_nano.a(lib_a-malloc.o)
                              Middlewares/ST/STM32_USB_Host_Library/Class/CDC/Src/usbh_cdc.o (malloc)
d:/stm32/programs/stm32_cube_ide/stm32cubeide_1.5.0/stm32cubeide/plugins/com.st.stm32cube.ide.mcu.externaltools.gnu-tools-for-stm32.7-2018-q2-update.win32_1.5.0.202011040924/tools/bin/../lib/gcc/arm-none-eabi/7.3.1/../../../../arm-none-eabi/lib/thumb/v7e-m/fpv4-sp/hard\libc_nano.a(lib_a-memset.o)
                              d:/stm32/programs/stm32_cube_ide/stm32cubeide_1.5.0/stm32cubeide/plugins/com.st.stm32cube.ide.mcu.externaltools.gnu-tools-for-stm32.7-2018-q2-update.win32_1.5.0.202011040924/tools/bin/../lib/gcc/arm-none-eabi/7.3.1/../../../../arm-none-eabi/lib/thumb/v7e-m/fpv4-sp/hard/crt0.o (memset)
d:/stm32/programs/stm32_cube_ide/stm32cubeide_1.5.0/stm32cubeide/plugins/com.st.stm32cube.ide.mcu.externaltools.gnu-tools-for-stm32.7-2018-q2-update.win32_1.5.0.202011040924/tools/bin/../lib/gcc/arm-none-eabi/7.3.1/../../../../arm-none-eabi/lib/thumb/v7e-m/fpv4-sp/hard\libc_nano.a(lib_a-nano-freer.o)
                              d:/stm32/programs/stm32_cube_ide/stm32cubeide_1.5.0/stm32cubeide/plugins/com.st.stm32cube.ide.mcu.externaltools.gnu-tools-for-stm32.7-2018-q2-update.win32_1.5.0.202011040924/tools/bin/../lib/gcc/arm-none-eabi/7.3.1/../../../../arm-none-eabi/lib/thumb/v7e-m/fpv4-sp/hard\libc_nano.a(lib_a-malloc.o) (_free_r)
d:/stm32/programs/stm32_cube_ide/stm32cubeide_1.5.0/stm32cubeide/plugins/com.st.stm32cube.ide.mcu.externaltools.gnu-tools-for-stm32.7-2018-q2-update.win32_1.5.0.202011040924/tools/bin/../lib/gcc/arm-none-eabi/7.3.1/../../../../arm-none-eabi/lib/thumb/v7e-m/fpv4-sp/hard\libc_nano.a(lib_a-nano-mallocr.o)
                              d:/stm32/programs/stm32_cube_ide/stm32cubeide_1.5.0/stm32cubeide/plugins/com.st.stm32cube.ide.mcu.externaltools.gnu-tools-for-stm32.7-2018-q2-update.win32_1.5.0.202011040924/tools/bin/../lib/gcc/arm-none-eabi/7.3.1/../../../../arm-none-eabi/lib/thumb/v7e-m/fpv4-sp/hard\libc_nano.a(lib_a-malloc.o) (_malloc_r)
d:/stm32/programs/stm32_cube_ide/stm32cubeide_1.5.0/stm32cubeide/plugins/com.st.stm32cube.ide.mcu.externaltools.gnu-tools-for-stm32.7-2018-q2-update.win32_1.5.0.202011040924/tools/bin/../lib/gcc/arm-none-eabi/7.3.1/../../../../arm-none-eabi/lib/thumb/v7e-m/fpv4-sp/hard\libc_nano.a(lib_a-sbrkr.o)
[...]
Memory Configuration

Name             Origin             Length             Attributes
RAM              0x0000000020000000 0x0000000000020000 xrw
FLASH            0x0000000008000000 0x0000000000080000 xr
*default*        0x0000000000000000 0xffffffffffffffff

Linker script and memory map

LOAD d:/stm32/programs/stm32_cube_ide/stm32cubeide_1.5.0/stm32cubeide/plugins/com.st.stm32cube.ide.mcu.externaltools.gnu-tools-for-stm32.7-2018-q2-update.win32_1.5.0.202011040924/tools/bin/../lib/gcc/arm-none-eabi/7.3.1/thumb/v7e-m/fpv4-sp/hard/crti.o
LOAD d:/stm32/programs/stm32_cube_ide/stm32cubeide_1.5.0/stm32cubeide/plugins/com.st.stm32cube.ide.mcu.externaltools.gnu-tools-for-stm32.7-2018-q2-update.win32_1.5.0.202011040924/tools/bin/../lib/gcc/arm-none-eabi/7.3.1/thumb/v7e-m/fpv4-sp/hard/crtbegin.o
LOAD d:/stm32/programs/stm32_cube_ide/stm32cubeide_1.5.0/stm32cubeide/plugins/com.st.stm32cube.ide.mcu.externaltools.gnu-tools-for-stm32.7-2018-q2-update.win32_1.5.0.202011040924/tools/bin/../lib/gcc/arm-none-eabi/7.3.1/../../../../arm-none-eabi/lib/thumb/v7e-m/fpv4-sp/hard/crt0.o
LOAD Core/Src/gpio.o
LOAD Core/Src/i2c.o
LOAD Core/Src/i2s.o
LOAD Core/Src/main.o
LOAD Core/Src/spi.o
LOAD Core/Src/stm32f4xx_hal_msp.o
LOAD Core/Src/stm32f4xx_it.o
LOAD Core/Src/syscalls.o
LOAD Core/Src/sysmem.o
LOAD Core/Src/system_stm32f4xx.o
LOAD Core/Startup/startup_stm32f411vetx.o
LOAD Drivers/STM32F4xx_HAL_Driver/Src/stm32f4xx_hal.o
LOAD Drivers/STM32F4xx_HAL_Driver/Src/stm32f4xx_hal_cortex.o
LOAD Drivers/STM32F4xx_HAL_Driver/Src/stm32f4xx_hal_dma.o
LOAD Drivers/STM32F4xx_HAL_Driver/Src/stm32f4xx_hal_dma_ex.o
LOAD Drivers/STM32F4xx_HAL_Driver/Src/stm32f4xx_hal_exti.o
LOAD Drivers/STM32F4xx_HAL_Driver/Src/stm32f4xx_hal_flash.o
LOAD Drivers/STM32F4xx_HAL_Driver/Src/stm32f4xx_hal_flash_ex.o
LOAD Drivers/STM32F4xx_HAL_Driver/Src/stm32f4xx_hal_flash_ramfunc.o
LOAD Drivers/STM32F4xx_HAL_Driver/Src/stm32f4xx_hal_gpio.o
LOAD Drivers/STM32F4xx_HAL_Driver/Src/stm32f4xx_hal_hcd.o
LOAD Drivers/STM32F4xx_HAL_Driver/Src/stm32f4xx_hal_i2c.o
LOAD Drivers/STM32F4xx_HAL_Driver/Src/stm32f4xx_hal_i2c_ex.o
LOAD Drivers/STM32F4xx_HAL_Driver/Src/stm32f4xx_hal_i2s.o
LOAD Drivers/STM32F4xx_HAL_Driver/Src/stm32f4xx_hal_i2s_ex.o
LOAD Drivers/STM32F4xx_HAL_Driver/Src/stm32f4xx_hal_pwr.o
LOAD Drivers/STM32F4xx_HAL_Driver/Src/stm32f4xx_hal_pwr_ex.o
LOAD Drivers/STM32F4xx_HAL_Driver/Src/stm32f4xx_hal_rcc.o
LOAD Drivers/STM32F4xx_HAL_Driver/Src/stm32f4xx_hal_rcc_ex.o
LOAD Drivers/STM32F4xx_HAL_Driver/Src/stm32f4xx_hal_spi.o
LOAD Drivers/STM32F4xx_HAL_Driver/Src/stm32f4xx_hal_tim.o
LOAD Drivers/STM32F4xx_HAL_Driver/Src/stm32f4xx_hal_tim_ex.o
LOAD Drivers/STM32F4xx_HAL_Driver/Src/stm32f4xx_ll_usb.o
LOAD Middlewares/ST/STM32_USB_Host_Library/Class/CDC/Src/usbh_cdc.o
LOAD Middlewares/ST/STM32_USB_Host_Library/Core/Src/usbh_core.o
LOAD Middlewares/ST/STM32_USB_Host_Library/Core/Src/usbh_ctlreq.o
LOAD Middlewares/ST/STM32_USB_Host_Library/Core/Src/usbh_ioreq.o
LOAD Middlewares/ST/STM32_USB_Host_Library/Core/Src/usbh_pipes.o
LOAD USB_HOST/App/usb_host.o
LOAD USB_HOST/Target/usbh_conf.o
LOAD USB_HOST/Target/usbh_platform.o
START GROUP
LOAD d:/stm32/programs/stm32_cube_ide/stm32cubeide_1.5.0/stm32cubeide/plugins/com.st.stm32cube.ide.mcu.externaltools.gnu-tools-for-stm32.7-2018-q2-update.win32_1.5.0.202011040924/tools/bin/../lib/gcc/arm-none-eabi/7.3.1/../../../../arm-none-eabi/lib/thumb/v7e-m/fpv4-sp/hard\libc_nano.a
LOAD d:/stm32/programs/stm32_cube_ide/stm32cubeide_1.5.0/stm32cubeide/plugins/com.st.stm32cube.ide.mcu.externaltools.gnu-tools-for-stm32.7-2018-q2-update.win32_1.5.0.202011040924/tools/bin/../lib/gcc/arm-none-eabi/7.3.1/../../../../arm-none-eabi/lib/thumb/v7e-m/fpv4-sp/hard\libm.a
END GROUP
START GROUP
LOAD d:/stm32/programs/stm32_cube_ide/stm32cubeide_1.5.0/stm32cubeide/plugins/com.st.stm32cube.ide.mcu.externaltools.gnu-tools-for-stm32.7-2018-q2-update.win32_1.5.0.202011040924/tools/bin/../lib/gcc/arm-none-eabi/7.3.1/thumb/v7e-m/fpv4-sp/hard\libgcc.a
LOAD d:/stm32/programs/stm32_cube_ide/stm32cubeide_1.5.0/stm32cubeide/plugins/com.st.stm32cube.ide.mcu.externaltools.gnu-tools-for-stm32.7-2018-q2-update.win32_1.5.0.202011040924/tools/bin/../lib/gcc/arm-none-eabi/7.3.1/../../../../arm-none-eabi/lib/thumb/v7e-m/fpv4-sp/hard\libc_nano.a
END GROUP
START GROUP
LOAD d:/stm32/programs/stm32_cube_ide/stm32cubeide_1.5.0/stm32cubeide/plugins/com.st.stm32cube.ide.mcu.externaltools.gnu-tools-for-stm32.7-2018-q2-update.win32_1.5.0.202011040924/tools/bin/../lib/gcc/arm-none-eabi/7.3.1/thumb/v7e-m/fpv4-sp/hard\libgcc.a
LOAD d:/stm32/programs/stm32_cube_ide/stm32cubeide_1.5.0/stm32cubeide/plugins/com.st.stm32cube.ide.mcu.externaltools.gnu-tools-for-stm32.7-2018-q2-update.win32_1.5.0.202011040924/tools/bin/../lib/gcc/arm-none-eabi/7.3.1/../../../../arm-none-eabi/lib/thumb/v7e-m/fpv4-sp/hard\libc_nano.a
LOAD d:/stm32/programs/stm32_cube_ide/stm32cubeide_1.5.0/stm32cubeide/plugins/com.st.stm32cube.ide.mcu.externaltools.gnu-tools-for-stm32.7-2018-q2-update.win32_1.5.0.202011040924/tools/bin/../lib/gcc/arm-none-eabi/7.3.1/../../../../arm-none-eabi/lib/thumb/v7e-m/fpv4-sp/hard\libnosys.a
END GROUP
START GROUP
LOAD d:/stm32/programs/stm32_cube_ide/stm32cubeide_1.5.0/stm32cubeide/plugins/com.st.stm32cube.ide.mcu.externaltools.gnu-tools-for-stm32.7-2018-q2-update.win32_1.5.0.202011040924/tools/bin/../lib/gcc/arm-none-eabi/7.3.1/thumb/v7e-m/fpv4-sp/hard\libgcc.a
LOAD d:/stm32/programs/stm32_cube_ide/stm32cubeide_1.5.0/stm32cubeide/plugins/com.st.stm32cube.ide.mcu.externaltools.gnu-tools-for-stm32.7-2018-q2-update.win32_1.5.0.202011040924/tools/bin/../lib/gcc/arm-none-eabi/7.3.1/../../../../arm-none-eabi/lib/thumb/v7e-m/fpv4-sp/hard\libc_nano.a
LOAD d:/stm32/programs/stm32_cube_ide/stm32cubeide_1.5.0/stm32cubeide/plugins/com.st.stm32cube.ide.mcu.externaltools.gnu-tools-for-stm32.7-2018-q2-update.win32_1.5.0.202011040924/tools/bin/../lib/gcc/arm-none-eabi/7.3.1/../../../../arm-none-eabi/lib/thumb/v7e-m/fpv4-sp/hard\libnosys.a
END GROUP
LOAD d:/stm32/programs/stm32_cube_ide/stm32cubeide_1.5.0/stm32cubeide/plugins/com.st.stm32cube.ide.mcu.externaltools.gnu-tools-for-stm32.7-2018-q2-update.win32_1.5.0.202011040924/tools/bin/../lib/gcc/arm-none-eabi/7.3.1/thumb/v7e-m/fpv4-sp/hard/crtend.o
LOAD d:/stm32/programs/stm32_cube_ide/stm32cubeide_1.5.0/stm32cubeide/plugins/com.st.stm32cube.ide.mcu.externaltools.gnu-tools-for-stm32.7-2018-q2-update.win32_1.5.0.202011040924/tools/bin/../lib/gcc/arm-none-eabi/7.3.1/thumb/v7e-m/fpv4-sp/hard/crtn.o
                0x0000000020020000                _estack = (ORIGIN (RAM) + LENGTH (RAM))
                0x0000000000000200                _Min_Heap_Size = 0x200
                0x0000000000000400                _Min_Stack_Size = 0x400

.isr_vector     0x0000000008000000      0x198
                0x0000000008000000                . = ALIGN (0x4)
 *(.isr_vector)
 .isr_vector    0x0000000008000000      0x198 Core/Startup/startup_stm32f411vetx.o
                0x0000000008000000                g_pfnVectors
                0x0000000008000198                . = ALIGN (0x4)

.text           0x0000000008000198     0x7908
                0x0000000008000198                . = ALIGN (0x4)
 *(.text)
 .text          0x0000000008000198       0x40 d:/stm32/programs/stm32_cube_ide/stm32cubeide_1.5.0/stm32cubeide/plugins/com.st.stm32cube.ide.mcu.externaltools.gnu-tools-for-stm32.7-2018-q2-update.win32_1.5.0.202011040924/tools/bin/../lib/gcc/arm-none-eabi/7.3.1/thumb/v7e-m/fpv4-sp/hard/crtbegin.o
 .text          0x00000000080001d8       0x30 d:/stm32/programs/stm32_cube_ide/stm32cubeide_1.5.0/stm32cubeide/plugins/com.st.stm32cube.ide.mcu.externaltools.gnu-tools-for-stm32.7-2018-q2-update.win32_1.5.0.202011040924/tools/bin/../lib/gcc/arm-none-eabi/7.3.1/thumb/v7e-m/fpv4-sp/hard\libgcc.a(_aeabi_uldivmod.o)
                0x00000000080001d8                __aeabi_uldivmod
 .text          0x0000000008000208      0x2cc d:/stm32/programs/stm32_cube_ide/stm32cubeide_1.5.0/stm32cubeide/plugins/com.st.stm32cube.ide.mcu.externaltools.gnu-tools-for-stm32.7-2018-q2-update.win32_1.5.0.202011040924/tools/bin/../lib/gcc/arm-none-eabi/7.3.1/thumb/v7e-m/fpv4-sp/hard\libgcc.a(_udivmoddi4.o)
                0x0000000008000208                __udivmoddi4
 .text          0x00000000080004d4        0x4 d:/stm32/programs/stm32_cube_ide/stm32cubeide_1.5.0/stm32cubeide/plugins/com.st.stm32cube.ide.mcu.externaltools.gnu-tools-for-stm32.7-2018-q2-update.win32_1.5.0.202011040924/tools/bin/../lib/gcc/arm-none-eabi/7.3.1/thumb/v7e-m/fpv4-sp/hard\libgcc.a(_dvmd_tls.o)
                0x00000000080004d4                __aeabi_idiv0
                0x00000000080004d4                __aeabi_ldiv0
 *(.text*)
 .text.MX_GPIO_Init
                0x00000000080004d8      0x1b4 Core/Src/gpio.o
                0x00000000080004d8                MX_GPIO_Init
 .text.MX_I2C1_Init
                0x000000000800068c       0x5c Core/Src/i2c.o
                0x000000000800068c                MX_I2C1_Init
 .text.HAL_I2C_MspInit
                0x00000000080006e8       0x90 Core/Src/i2c.o
                0x00000000080006e8                HAL_I2C_MspInit
 .text.MX_I2S2_Init
                0x0000000008000778       0x5c Core/Src/i2s.o
                0x0000000008000778                MX_I2S2_Init
 .text.MX_I2S3_Init
                0x00000000080007d4       0x60 Core/Src/i2s.o
                0x00000000080007d4                MX_I2S3_Init
 .text.HAL_I2S_MspInit
                0x0000000008000834      0x19c Core/Src/i2s.o
                0x0000000008000834                HAL_I2S_MspInit
 .text.main     0x00000000080009d0       0x60 Core/Src/main.o
                0x00000000080009d0                main
 .text.SystemClock_Config
                0x0000000008000a30      0x108 Core/Src/main.o
                0x0000000008000a30                SystemClock_Config
 .text.Error_Handler
                0x0000000008000b38        0x8 Core/Src/main.o
                0x0000000008000b38                Error_Handler
 .text.MX_SPI1_Init
                0x0000000008000b40       0x6c Core/Src/spi.o
                0x0000000008000b40                MX_SPI1_Init
 .text.HAL_SPI_MspInit
                0x0000000008000bac       0x90 Core/Src/spi.o
                0x0000000008000bac                HAL_SPI_MspInit
 .text.HAL_MspInit
                0x0000000008000c3c       0x50 Core/Src/stm32f4xx_hal_msp.o
                0x0000000008000c3c                HAL_MspInit
 .text.NMI_Handler
                0x0000000008000c8c        0x6 Core/Src/stm32f4xx_it.o
                0x0000000008000c8c                NMI_Handler
 .text.HardFault_Handler
                0x0000000008000c92        0x6 Core/Src/stm32f4xx_it.o
                0x0000000008000c92                HardFault_Handler
 .text.MemManage_Handler
                0x0000000008000c98        0x6 Core/Src/stm32f4xx_it.o
                0x0000000008000c98                MemManage_Handler
 .text.BusFault_Handler
                0x0000000008000c9e        0x6 Core/Src/stm32f4xx_it.o
                0x0000000008000c9e                BusFault_Handler
 .text.UsageFault_Handler
                0x0000000008000ca4        0x6 Core/Src/stm32f4xx_it.o
                0x0000000008000ca4                UsageFault_Handler
 .text.SVC_Handler
                0x0000000008000caa        0xe Core/Src/stm32f4xx_it.o
                0x0000000008000caa                SVC_Handler
 .text.DebugMon_Handler
                0x0000000008000cb8        0xe Core/Src/stm32f4xx_it.o
                0x0000000008000cb8                DebugMon_Handler
 .text.PendSV_Handler
                0x0000000008000cc6        0xe Core/Src/stm32f4xx_it.o
                0x0000000008000cc6                PendSV_Handler
 .text.SysTick_Handler
                0x0000000008000cd4        0xc Core/Src/stm32f4xx_it.o
                0x0000000008000cd4                SysTick_Handler
 .text.OTG_FS_IRQHandler
                0x0000000008000ce0       0x14 Core/Src/stm32f4xx_it.o
                0x0000000008000ce0                OTG_FS_IRQHandler
 .text._sbrk    0x0000000008000cf4       0x6c Core/Src/sysmem.o
                0x0000000008000cf4                _sbrk
 .text.SystemInit
                0x0000000008000d60       0x2c Core/Src/system_stm32f4xx.o
                0x0000000008000d60                SystemInit
 .text.Reset_Handler
                0x0000000008000d8c       0x50 Core/Startup/startup_stm32f411vetx.o
                0x0000000008000d8c                Reset_Handler
 .text.Default_Handler
                0x0000000008000ddc        0x2 Core/Startup/startup_stm32f411vetx.o
                0x0000000008000ddc                RTC_Alarm_IRQHandler
                0x0000000008000ddc                EXTI2_IRQHandler
                0x0000000008000ddc                SPI4_IRQHandler
                0x0000000008000ddc                TIM1_CC_IRQHandler
                0x0000000008000ddc                DMA2_Stream5_IRQHandler
                0x0000000008000ddc                DMA1_Stream5_IRQHandler
                0x0000000008000ddc                PVD_IRQHandler
                0x0000000008000ddc                SDIO_IRQHandler
                0x0000000008000ddc                TAMP_STAMP_IRQHandler
                0x0000000008000ddc                EXTI3_IRQHandler
                0x0000000008000ddc                TIM1_UP_TIM10_IRQHandler
                0x0000000008000ddc                I2C3_ER_IRQHandler
                0x0000000008000ddc                EXTI0_IRQHandler
                0x0000000008000ddc                I2C2_EV_IRQHandler
                0x0000000008000ddc                DMA1_Stream2_IRQHandler
                0x0000000008000ddc                FPU_IRQHandler
                0x0000000008000ddc                DMA2_Stream2_IRQHandler
                0x0000000008000ddc                SPI1_IRQHandler
                0x0000000008000ddc                TIM1_BRK_TIM9_IRQHandler
                0x0000000008000ddc                DMA2_Stream3_IRQHandler
                0x0000000008000ddc                USART6_IRQHandler
                0x0000000008000ddc                DMA2_Stream0_IRQHandler
                0x0000000008000ddc                TIM4_IRQHandler
                0x0000000008000ddc                I2C1_EV_IRQHandler
                0x0000000008000ddc                DMA1_Stream6_IRQHandler
                0x0000000008000ddc                DMA1_Stream1_IRQHandler
                0x0000000008000ddc                TIM3_IRQHandler
                0x0000000008000ddc                RCC_IRQHandler
                0x0000000008000ddc                Default_Handler
                0x0000000008000ddc                EXTI15_10_IRQHandler
                0x0000000008000ddc                ADC_IRQHandler
                0x0000000008000ddc                DMA1_Stream7_IRQHandler
                0x0000000008000ddc                SPI5_IRQHandler
                0x0000000008000ddc                TIM5_IRQHandler
                0x0000000008000ddc                DMA2_Stream7_IRQHandler
                0x0000000008000ddc                I2C3_EV_IRQHandler
                0x0000000008000ddc                EXTI9_5_IRQHandler
                0x0000000008000ddc                RTC_WKUP_IRQHandler
                0x0000000008000ddc                SPI2_IRQHandler
                0x0000000008000ddc                DMA1_Stream0_IRQHandler
                0x0000000008000ddc                EXTI4_IRQHandler
                0x0000000008000ddc                WWDG_IRQHandler
                0x0000000008000ddc                TIM2_IRQHandler
                0x0000000008000ddc                OTG_FS_WKUP_IRQHandler
                0x0000000008000ddc                TIM1_TRG_COM_TIM11_IRQHandler
                0x0000000008000ddc                EXTI1_IRQHandler
                0x0000000008000ddc                USART2_IRQHandler
                0x0000000008000ddc                I2C2_ER_IRQHandler
                0x0000000008000ddc                DMA2_Stream1_IRQHandler
                0x0000000008000ddc                FLASH_IRQHandler
                0x0000000008000ddc                DMA2_Stream4_IRQHandler
                0x0000000008000ddc                USART1_IRQHandler
                0x0000000008000ddc                SPI3_IRQHandler
                0x0000000008000ddc                DMA1_Stream4_IRQHandler
                0x0000000008000ddc                I2C1_ER_IRQHandler
                0x0000000008000ddc                DMA2_Stream6_IRQHandler
                0x0000000008000ddc                DMA1_Stream3_IRQHandler
 *fill*         0x0000000008000dde        0x2 
 .text.HAL_Init
                0x0000000008000de0       0x44 Drivers/STM32F4xx_HAL_Driver/Src/stm32f4xx_hal.o
                0x0000000008000de0                HAL_Init
 .text.HAL_InitTick
                0x0000000008000e24       0x60 Drivers/STM32F4xx_HAL_Driver/Src/stm32f4xx_hal.o
                0x0000000008000e24                HAL_InitTick
 .text.HAL_IncTick
                0x0000000008000e84       0x28 Drivers/STM32F4xx_HAL_Driver/Src/stm32f4xx_hal.o
                0x0000000008000e84                HAL_IncTick
 .text.HAL_GetTick
                0x0000000008000eac       0x18 Drivers/STM32F4xx_HAL_Driver/Src/stm32f4xx_hal.o
                0x0000000008000eac                HAL_GetTick
 .text.HAL_Delay
                0x0000000008000ec4       0x44 Drivers/STM32F4xx_HAL_Driver/Src/stm32f4xx_hal.o
                0x0000000008000ec4                HAL_Delay
 .text.__NVIC_SetPriorityGrouping
                0x0000000008000f08       0x48 Drivers/STM32F4xx_HAL_Driver/Src/stm32f4xx_hal_cortex.o
 .text.__NVIC_GetPriorityGrouping
                0x0000000008000f50       0x1c Drivers/STM32F4xx_HAL_Driver/Src/stm32f4xx_hal_cortex.o
 .text.__NVIC_EnableIRQ
                0x0000000008000f6c       0x3c Drivers/STM32F4xx_HAL_Driver/Src/stm32f4xx_hal_cortex.o
 .text.__NVIC_SetPriority
                0x0000000008000fa8       0x54 Drivers/STM32F4xx_HAL_Driver/Src/stm32f4xx_hal_cortex.o
 .text.NVIC_EncodePriority
                0x0000000008000ffc       0x66 Drivers/STM32F4xx_HAL_Driver/Src/stm32f4xx_hal_cortex.o
 *fill*         0x0000000008001062        0x2 
 .text.SysTick_Config
                0x0000000008001064       0x44 Drivers/STM32F4xx_HAL_Driver/Src/stm32f4xx_hal_cortex.o
 .text.HAL_NVIC_SetPriorityGrouping
                0x00000000080010a8       0x16 Drivers/STM32F4xx_HAL_Driver/Src/stm32f4xx_hal_cortex.o
                0x00000000080010a8                HAL_NVIC_SetPriorityGrouping
 .text.HAL_NVIC_SetPriority
                0x00000000080010be       0x38 Drivers/STM32F4xx_HAL_Driver/Src/stm32f4xx_hal_cortex.o
                0x00000000080010be                HAL_NVIC_SetPriority
 .text.HAL_NVIC_EnableIRQ
                0x00000000080010f6       0x1c Drivers/STM32F4xx_HAL_Driver/Src/stm32f4xx_hal_cortex.o
                0x00000000080010f6                HAL_NVIC_EnableIRQ
 .text.HAL_SYSTICK_Config
                0x0000000008001112       0x18 Drivers/STM32F4xx_HAL_Driver/Src/stm32f4xx_hal_cortex.o
                0x0000000008001112                HAL_SYSTICK_Config
 *fill*         0x000000000800112a        0x2 
 .text.HAL_GPIO_Init
                0x000000000800112c      0x304 Drivers/STM32F4xx_HAL_Driver/Src/stm32f4xx_hal_gpio.o
                0x000000000800112c                HAL_GPIO_Init
 .text.HAL_GPIO_WritePin
                0x0000000008001430       0x32 Drivers/STM32F4xx_HAL_Driver/Src/stm32f4xx_hal_gpio.o
                0x0000000008001430                HAL_GPIO_WritePin
 .text.HAL_HCD_Init
                0x0000000008001462       0xc4 Drivers/STM32F4xx_HAL_Driver/Src/stm32f4xx_hal_hcd.o
                0x0000000008001462                HAL_HCD_Init
 .text.HAL_HCD_HC_Init
                0x0000000008001526      0x130 Drivers/STM32F4xx_HAL_Driver/Src/stm32f4xx_hal_hcd.o
                0x0000000008001526                HAL_HCD_HC_Init
 .text.HAL_HCD_HC_Halt
                0x0000000008001656       0x46 Drivers/STM32F4xx_HAL_Driver/Src/stm32f4xx_hal_hcd.o
                0x0000000008001656                HAL_HCD_HC_Halt
 .text.HAL_HCD_HC_SubmitRequest
                0x000000000800169c      0x2e4 Drivers/STM32F4xx_HAL_Driver/Src/stm32f4xx_hal_hcd.o
                0x000000000800169c                HAL_HCD_HC_SubmitRequest
 .text.HAL_HCD_IRQHandler
                0x0000000008001980      0x208 Drivers/STM32F4xx_HAL_Driver/Src/stm32f4xx_hal_hcd.o
                0x0000000008001980                HAL_HCD_IRQHandler
 .text.HAL_HCD_Start
                0x0000000008001b88       0x46 Drivers/STM32F4xx_HAL_Driver/Src/stm32f4xx_hal_hcd.o
                0x0000000008001b88                HAL_HCD_Start
 .text.HAL_HCD_Stop
                0x0000000008001bce       0x3a Drivers/STM32F4xx_HAL_Driver/Src/stm32f4xx_hal_hcd.o
                0x0000000008001bce                HAL_HCD_Stop
 .text.HAL_HCD_ResetPort
                0x0000000008001c08       0x1c Drivers/STM32F4xx_HAL_Driver/Src/stm32f4xx_hal_hcd.o
                0x0000000008001c08                HAL_HCD_ResetPort
 .text.HAL_HCD_HC_GetURBState
                0x0000000008001c24       0x2a Drivers/STM32F4xx_HAL_Driver/Src/stm32f4xx_hal_hcd.o
                0x0000000008001c24                HAL_HCD_HC_GetURBState
 .text.HAL_HCD_HC_GetXferCount
                0x0000000008001c4e       0x2a Drivers/STM32F4xx_HAL_Driver/Src/stm32f4xx_hal_hcd.o
                0x0000000008001c4e                HAL_HCD_HC_GetXferCount
 .text.HAL_HCD_GetCurrentFrame
                0x0000000008001c78       0x1c Drivers/STM32F4xx_HAL_Driver/Src/stm32f4xx_hal_hcd.o
                0x0000000008001c78                HAL_HCD_GetCurrentFrame
 .text.HAL_HCD_GetCurrentSpeed
                0x0000000008001c94       0x1c Drivers/STM32F4xx_HAL_Driver/Src/stm32f4xx_hal_hcd.o
                0x0000000008001c94                HAL_HCD_GetCurrentSpeed
 .text.HCD_HC_IN_IRQHandler
                0x0000000008001cb0      0x86a Drivers/STM32F4xx_HAL_Driver/Src/stm32f4xx_hal_hcd.o
 .text.HCD_HC_OUT_IRQHandler
                0x000000000800251a      0x6ea Drivers/STM32F4xx_HAL_Driver/Src/stm32f4xx_hal_hcd.o
 .text.HCD_RXQLVL_IRQHandler
                0x0000000008002c04      0x158 Drivers/STM32F4xx_HAL_Driver/Src/stm32f4xx_hal_hcd.o
 .text.HCD_Port_IRQHandler
                0x0000000008002d5c       0xe6 Drivers/STM32F4xx_HAL_Driver/Src/stm32f4xx_hal_hcd.o
 *fill*         0x0000000008002e42        0x2 
 .text.HAL_I2C_Init
                0x0000000008002e44      0x270 Drivers/STM32F4xx_HAL_Driver/Src/stm32f4xx_hal_i2c.o
                0x0000000008002e44                HAL_I2C_Init
 .text.HAL_I2S_Init
                0x00000000080030b4      0x280 Drivers/STM32F4xx_HAL_Driver/Src/stm32f4xx_hal_i2s.o
                0x00000000080030b4                HAL_I2S_Init
 .text.HAL_I2S_TxCpltCallback
                0x0000000008003334       0x14 Drivers/STM32F4xx_HAL_Driver/Src/stm32f4xx_hal_i2s.o
                0x0000000008003334                HAL_I2S_TxCpltCallback
 .text.HAL_I2S_RxCpltCallback
                0x0000000008003348       0x14 Drivers/STM32F4xx_HAL_Driver/Src/stm32f4xx_hal_i2s.o
                0x0000000008003348                HAL_I2S_RxCpltCallback
 .text.HAL_I2S_ErrorCallback
                0x000000000800335c       0x14 Drivers/STM32F4xx_HAL_Driver/Src/stm32f4xx_hal_i2s.o
                0x000000000800335c                HAL_I2S_ErrorCallback
 .text.I2S_Transmit_IT
                0x0000000008003370       0x5c Drivers/STM32F4xx_HAL_Driver/Src/stm32f4xx_hal_i2s.o
 .text.I2S_Receive_IT
                0x00000000080033cc       0x5e Drivers/STM32F4xx_HAL_Driver/Src/stm32f4xx_hal_i2s.o
 .text.I2S_IRQHandler
                0x000000000800342a      0x114 Drivers/STM32F4xx_HAL_Driver/Src/stm32f4xx_hal_i2s.o
 *fill*         0x000000000800353e        0x2 
 .text.HAL_I2SEx_FullDuplex_IRQHandler
                0x0000000008003540      0x2a8 Drivers/STM32F4xx_HAL_Driver/Src/stm32f4xx_hal_i2s_ex.o
                0x0000000008003540                HAL_I2SEx_FullDuplex_IRQHandler
 .text.HAL_I2SEx_TxRxCpltCallback
                0x00000000080037e8       0x14 Drivers/STM32F4xx_HAL_Driver/Src/stm32f4xx_hal_i2s_ex.o
                0x00000000080037e8                HAL_I2SEx_TxRxCpltCallback
 .text.I2SEx_TxISR_I2S
                0x00000000080037fc       0x62 Drivers/STM32F4xx_HAL_Driver/Src/stm32f4xx_hal_i2s_ex.o
 *fill*         0x000000000800385e        0x2 
 .text.I2SEx_TxISR_I2SExt
                0x0000000008003860       0x98 Drivers/STM32F4xx_HAL_Driver/Src/stm32f4xx_hal_i2s_ex.o
 .text.I2SEx_RxISR_I2S
                0x00000000080038f8       0x64 Drivers/STM32F4xx_HAL_Driver/Src/stm32f4xx_hal_i2s_ex.o
 .text.I2SEx_RxISR_I2SExt
                0x000000000800395c       0x98 Drivers/STM32F4xx_HAL_Driver/Src/stm32f4xx_hal_i2s_ex.o
 .text.HAL_RCC_OscConfig
                0x00000000080039f4      0x4e0 Drivers/STM32F4xx_HAL_Driver/Src/stm32f4xx_hal_rcc.o
                0x00000000080039f4                HAL_RCC_OscConfig
 .text.HAL_RCC_ClockConfig
                0x0000000008003ed4      0x1cc Drivers/STM32F4xx_HAL_Driver/Src/stm32f4xx_hal_rcc.o
                0x0000000008003ed4                HAL_RCC_ClockConfig
 .text.HAL_RCC_GetSysClockFreq
                0x00000000080040a0      0x1b0 Drivers/STM32F4xx_HAL_Driver/Src/stm32f4xx_hal_rcc.o
                0x00000000080040a0                HAL_RCC_GetSysClockFreq
 .text.HAL_RCC_GetHCLKFreq
                0x0000000008004250       0x18 Drivers/STM32F4xx_HAL_Driver/Src/stm32f4xx_hal_rcc.o
                0x0000000008004250                HAL_RCC_GetHCLKFreq
 .text.HAL_RCC_GetPCLK1Freq
                0x0000000008004268       0x28 Drivers/STM32F4xx_HAL_Driver/Src/stm32f4xx_hal_rcc.o
                0x0000000008004268                HAL_RCC_GetPCLK1Freq
 .text.HAL_RCCEx_PeriphCLKConfig
                0x0000000008004290      0x1e0 Drivers/STM32F4xx_HAL_Driver/Src/stm32f4xx_hal_rcc_ex.o
                0x0000000008004290                HAL_RCCEx_PeriphCLKConfig
 .text.HAL_RCCEx_GetPeriphCLKFreq
                0x0000000008004470       0xbc Drivers/STM32F4xx_HAL_Driver/Src/stm32f4xx_hal_rcc_ex.o
                0x0000000008004470                HAL_RCCEx_GetPeriphCLKFreq
 .text.HAL_SPI_Init
                0x000000000800452c       0xc8 Drivers/STM32F4xx_HAL_Driver/Src/stm32f4xx_hal_spi.o
                0x000000000800452c                HAL_SPI_Init
 .text.USB_CoreInit
                0x00000000080045f4       0xc2 Drivers/STM32F4xx_HAL_Driver/Src/stm32f4xx_ll_usb.o
                0x00000000080045f4                USB_CoreInit
 .text.USB_EnableGlobalInt
                0x00000000080046b6       0x22 Drivers/STM32F4xx_HAL_Driver/Src/stm32f4xx_ll_usb.o
                0x00000000080046b6                USB_EnableGlobalInt
 .text.USB_DisableGlobalInt
                0x00000000080046d8       0x22 Drivers/STM32F4xx_HAL_Driver/Src/stm32f4xx_ll_usb.o
                0x00000000080046d8                USB_DisableGlobalInt
 .text.USB_SetCurrentMode
                0x00000000080046fa       0x54 Drivers/STM32F4xx_HAL_Driver/Src/stm32f4xx_ll_usb.o
                0x00000000080046fa                USB_SetCurrentMode
 *fill*         0x000000000800474e        0x2 
 .text.USB_FlushTxFifo
                0x0000000008004750       0x4c Drivers/STM32F4xx_HAL_Driver/Src/stm32f4xx_ll_usb.o
                0x0000000008004750                USB_FlushTxFifo
 .text.USB_FlushRxFifo
                0x000000000800479c       0x44 Drivers/STM32F4xx_HAL_Driver/Src/stm32f4xx_ll_usb.o
                0x000000000800479c                USB_FlushRxFifo
 .text.USB_WritePacket
                0x00000000080047e0       0x6a Drivers/STM32F4xx_HAL_Driver/Src/stm32f4xx_ll_usb.o
                0x00000000080047e0                USB_WritePacket
 .text.USB_ReadPacket
                0x000000000800484a       0x52 Drivers/STM32F4xx_HAL_Driver/Src/stm32f4xx_ll_usb.o
                0x000000000800484a                USB_ReadPacket
 .text.USB_ReadInterrupts
                0x000000000800489c       0x26 Drivers/STM32F4xx_HAL_Driver/Src/stm32f4xx_ll_usb.o
                0x000000000800489c                USB_ReadInterrupts
 .text.USB_GetMode
                0x00000000080048c2       0x1c Drivers/STM32F4xx_HAL_Driver/Src/stm32f4xx_ll_usb.o
                0x00000000080048c2                USB_GetMode
 *fill*         0x00000000080048de        0x2 
 .text.USB_CoreReset
                0x00000000080048e0       0x68 Drivers/STM32F4xx_HAL_Driver/Src/stm32f4xx_ll_usb.o
 .text.USB_HostInit
                0x0000000008004948      0x178 Drivers/STM32F4xx_HAL_Driver/Src/stm32f4xx_ll_usb.o
                0x0000000008004948                USB_HostInit
 .text.USB_InitFSLSPClkSel
                0x0000000008004ac0       0x74 Drivers/STM32F4xx_HAL_Driver/Src/stm32f4xx_ll_usb.o
                0x0000000008004ac0                USB_InitFSLSPClkSel
 .text.USB_ResetPort
                0x0000000008004b34       0x54 Drivers/STM32F4xx_HAL_Driver/Src/stm32f4xx_ll_usb.o
                0x0000000008004b34                USB_ResetPort
 .text.USB_DriveVbus
                0x0000000008004b88       0x72 Drivers/STM32F4xx_HAL_Driver/Src/stm32f4xx_ll_usb.o
                0x0000000008004b88                USB_DriveVbus
 .text.USB_GetHostSpeed
                0x0000000008004bfa       0x2e Drivers/STM32F4xx_HAL_Driver/Src/stm32f4xx_ll_usb.o
                0x0000000008004bfa                USB_GetHostSpeed
 .text.USB_GetCurrentFrame
                0x0000000008004c28       0x22 Drivers/STM32F4xx_HAL_Driver/Src/stm32f4xx_ll_usb.o
                0x0000000008004c28                USB_GetCurrentFrame
 *fill*         0x0000000008004c4a        0x2 
 .text.USB_HC_Init
                0x0000000008004c4c      0x214 Drivers/STM32F4xx_HAL_Driver/Src/stm32f4xx_ll_usb.o
                0x0000000008004c4c                USB_HC_Init
 .text.USB_HC_StartXfer
                0x0000000008004e60      0x28c Drivers/STM32F4xx_HAL_Driver/Src/stm32f4xx_ll_usb.o
                0x0000000008004e60                USB_HC_StartXfer
 .text.USB_HC_ReadInterrupt
                0x00000000080050ec       0x22 Drivers/STM32F4xx_HAL_Driver/Src/stm32f4xx_ll_usb.o
                0x00000000080050ec                USB_HC_ReadInterrupt
 .text.USB_HC_Halt
                0x000000000800510e      0x1fe Drivers/STM32F4xx_HAL_Driver/Src/stm32f4xx_ll_usb.o
                0x000000000800510e                USB_HC_Halt
 .text.USB_DoPing
                0x000000000800530c       0x78 Drivers/STM32F4xx_HAL_Driver/Src/stm32f4xx_ll_usb.o
                0x000000000800530c                USB_DoPing
 .text.USB_StopHost
                0x0000000008005384      0x10c Drivers/STM32F4xx_HAL_Driver/Src/stm32f4xx_ll_usb.o
                0x0000000008005384                USB_StopHost
 .text.USBH_CDC_InterfaceInit
                0x0000000008005490      0x2ac Middlewares/ST/STM32_USB_Host_Library/Class/CDC/Src/usbh_cdc.o
 .text.USBH_CDC_InterfaceDeInit
                0x000000000800573c       0xb2 Middlewares/ST/STM32_USB_Host_Library/Class/CDC/Src/usbh_cdc.o
 .text.USBH_CDC_ClassRequest
                0x00000000080057ee       0x3e Middlewares/ST/STM32_USB_Host_Library/Class/CDC/Src/usbh_cdc.o
 .text.USBH_CDC_Process
                0x000000000800582c      0x12c Middlewares/ST/STM32_USB_Host_Library/Class/CDC/Src/usbh_cdc.o
 .text.USBH_CDC_SOFProcess
                0x0000000008005958       0x16 Middlewares/ST/STM32_USB_Host_Library/Class/CDC/Src/usbh_cdc.o
 .text.GetLineCoding
                0x000000000800596e       0x3e Middlewares/ST/STM32_USB_Host_Library/Class/CDC/Src/usbh_cdc.o
 .text.SetLineCoding
                0x00000000080059ac       0x3e Middlewares/ST/STM32_USB_Host_Library/Class/CDC/Src/usbh_cdc.o
 .text.CDC_ProcessTransmission
                0x00000000080059ea       0xf0 Middlewares/ST/STM32_USB_Host_Library/Class/CDC/Src/usbh_cdc.o
 .text.CDC_ProcessReception
                0x0000000008005ada       0xb6 Middlewares/ST/STM32_USB_Host_Library/Class/CDC/Src/usbh_cdc.o
 .text.USBH_CDC_TransmitCallback
                0x0000000008005b90       0x14 Middlewares/ST/STM32_USB_Host_Library/Class/CDC/Src/usbh_cdc.o
                0x0000000008005b90                USBH_CDC_TransmitCallback
 .text.USBH_CDC_ReceiveCallback
                0x0000000008005ba4       0x14 Middlewares/ST/STM32_USB_Host_Library/Class/CDC/Src/usbh_cdc.o
                0x0000000008005ba4                USBH_CDC_ReceiveCallback
 .text.USBH_CDC_LineCodingChanged
                0x0000000008005bb8       0x14 Middlewares/ST/STM32_USB_Host_Library/Class/CDC/Src/usbh_cdc.o
                0x0000000008005bb8                USBH_CDC_LineCodingChanged
 .text.USBH_Init
                0x0000000008005bcc       0x74 Middlewares/ST/STM32_USB_Host_Library/Core/Src/usbh_core.o
                0x0000000008005bcc                USBH_Init
 .text.DeInitStateMachine
                0x0000000008005c40       0xa8 Middlewares/ST/STM32_USB_Host_Library/Core/Src/usbh_core.o
 .text.USBH_RegisterClass
                0x0000000008005ce8       0x54 Middlewares/ST/STM32_USB_Host_Library/Core/Src/usbh_core.o
                0x0000000008005ce8                USBH_RegisterClass
 .text.USBH_SelectInterface
                0x0000000008005d3c       0x38 Middlewares/ST/STM32_USB_Host_Library/Core/Src/usbh_core.o
                0x0000000008005d3c                USBH_SelectInterface
 .text.USBH_FindInterface
                0x0000000008005d74       0x8c Middlewares/ST/STM32_USB_Host_Library/Core/Src/usbh_core.o
                0x0000000008005d74                USBH_FindInterface
 .text.USBH_Start
                0x0000000008005e00       0x20 Middlewares/ST/STM32_USB_Host_Library/Core/Src/usbh_core.o
                0x0000000008005e00                USBH_Start
 .text.USBH_Process
                0x0000000008005e20      0x3c0 Middlewares/ST/STM32_USB_Host_Library/Core/Src/usbh_core.o
                0x0000000008005e20                USBH_Process
 .text.USBH_HandleEnum
                0x00000000080061e0      0x3c8 Middlewares/ST/STM32_USB_Host_Library/Core/Src/usbh_core.o
 .text.USBH_LL_SetTimer
                0x00000000080065a8       0x1e Middlewares/ST/STM32_USB_Host_Library/Core/Src/usbh_core.o
                0x00000000080065a8                USBH_LL_SetTimer
 .text.USBH_LL_IncTimer
                0x00000000080065c6       0x24 Middlewares/ST/STM32_USB_Host_Library/Core/Src/usbh_core.o
                0x00000000080065c6                USBH_LL_IncTimer
 .text.USBH_HandleSof
                0x00000000080065ea       0x30 Middlewares/ST/STM32_USB_Host_Library/Core/Src/usbh_core.o
 .text.USBH_LL_PortEnabled
                0x000000000800661a       0x1c Middlewares/ST/STM32_USB_Host_Library/Core/Src/usbh_core.o
                0x000000000800661a                USBH_LL_PortEnabled
 .text.USBH_LL_PortDisabled
                0x0000000008006636       0x1c Middlewares/ST/STM32_USB_Host_Library/Core/Src/usbh_core.o
                0x0000000008006636                USBH_LL_PortDisabled
 .text.USBH_LL_Connect
                0x0000000008006652       0x2e Middlewares/ST/STM32_USB_Host_Library/Core/Src/usbh_core.o
                0x0000000008006652                USBH_LL_Connect
 .text.USBH_LL_Disconnect
                0x0000000008006680       0x48 Middlewares/ST/STM32_USB_Host_Library/Core/Src/usbh_core.o
                0x0000000008006680                USBH_LL_Disconnect
 .text.USBH_Get_DevDesc
                0x00000000080066c8       0x50 Middlewares/ST/STM32_USB_Host_Library/Core/Src/usbh_ctlreq.o
                0x00000000080066c8                USBH_Get_DevDesc
 .text.USBH_Get_CfgDesc
                0x0000000008006718       0x48 Middlewares/ST/STM32_USB_Host_Library/Core/Src/usbh_ctlreq.o
                0x0000000008006718                USBH_Get_CfgDesc
 .text.USBH_Get_StringDesc
                0x0000000008006760       0x56 Middlewares/ST/STM32_USB_Host_Library/Core/Src/usbh_ctlreq.o
                0x0000000008006760                USBH_Get_StringDesc
 .text.USBH_GetDescriptor
                0x00000000080067b6       0x6a Middlewares/ST/STM32_USB_Host_Library/Core/Src/usbh_ctlreq.o
                0x00000000080067b6                USBH_GetDescriptor
 .text.USBH_SetAddress
                0x0000000008006820       0x48 Middlewares/ST/STM32_USB_Host_Library/Core/Src/usbh_ctlreq.o
                0x0000000008006820                USBH_SetAddress
 .text.USBH_SetCfg
                0x0000000008006868       0x46 Middlewares/ST/STM32_USB_Host_Library/Core/Src/usbh_ctlreq.o
                0x0000000008006868                USBH_SetCfg
 .text.USBH_SetFeature
                0x00000000080068ae       0x48 Middlewares/ST/STM32_USB_Host_Library/Core/Src/usbh_ctlreq.o
                0x00000000080068ae                USBH_SetFeature
 .text.USBH_ClrFeature
                0x00000000080068f6       0x48 Middlewares/ST/STM32_USB_Host_Library/Core/Src/usbh_ctlreq.o
                0x00000000080068f6                USBH_ClrFeature
 .text.USBH_ParseDevDesc
                0x000000000800693e       0xe0 Middlewares/ST/STM32_USB_Host_Library/Core/Src/usbh_ctlreq.o
 .text.USBH_ParseCfgDesc
                0x0000000008006a1e      0x144 Middlewares/ST/STM32_USB_Host_Library/Core/Src/usbh_ctlreq.o
 .text.USBH_ParseInterfaceDesc
                0x0000000008006b62       0x5e Middlewares/ST/STM32_USB_Host_Library/Core/Src/usbh_ctlreq.o
 .text.USBH_ParseEPDesc
                0x0000000008006bc0       0x5a Middlewares/ST/STM32_USB_Host_Library/Core/Src/usbh_ctlreq.o
 .text.USBH_ParseStringDesc
                0x0000000008006c1a       0x66 Middlewares/ST/STM32_USB_Host_Library/Core/Src/usbh_ctlreq.o
 .text.USBH_GetNextDesc
                0x0000000008006c80       0x36 Middlewares/ST/STM32_USB_Host_Library/Core/Src/usbh_ctlreq.o
                0x0000000008006c80                USBH_GetNextDesc
 .text.USBH_CtlReq
                0x0000000008006cb6       0x7a Middlewares/ST/STM32_USB_Host_Library/Core/Src/usbh_ctlreq.o
                0x0000000008006cb6                USBH_CtlReq
 .text.USBH_HandleControl
                0x0000000008006d30      0x2ec Middlewares/ST/STM32_USB_Host_Library/Core/Src/usbh_ctlreq.o
 .text.USBH_CtlSendSetup
                0x000000000800701c       0x34 Middlewares/ST/STM32_USB_Host_Library/Core/Src/usbh_ioreq.o
                0x000000000800701c                USBH_CtlSendSetup
 .text.USBH_CtlSendData
                0x0000000008007050       0x4a Middlewares/ST/STM32_USB_Host_Library/Core/Src/usbh_ioreq.o
                0x0000000008007050                USBH_CtlSendData
 .text.USBH_CtlReceiveData
                0x000000000800709a       0x3c Middlewares/ST/STM32_USB_Host_Library/Core/Src/usbh_ioreq.o
                0x000000000800709a                USBH_CtlReceiveData
 .text.USBH_BulkSendData
                0x00000000080070d6       0x4a Middlewares/ST/STM32_USB_Host_Library/Core/Src/usbh_ioreq.o
                0x00000000080070d6                USBH_BulkSendData
 .text.USBH_BulkReceiveData
                0x0000000008007120       0x3c Middlewares/ST/STM32_USB_Host_Library/Core/Src/usbh_ioreq.o
                0x0000000008007120                USBH_BulkReceiveData
 .text.USBH_OpenPipe
                0x000000000800715c       0x3e Middlewares/ST/STM32_USB_Host_Library/Core/Src/usbh_pipes.o
                0x000000000800715c                USBH_OpenPipe
 .text.USBH_ClosePipe
                0x000000000800719a       0x20 Middlewares/ST/STM32_USB_Host_Library/Core/Src/usbh_pipes.o
                0x000000000800719a                USBH_ClosePipe
 .text.USBH_AllocPipe
                0x00000000080071ba       0x42 Middlewares/ST/STM32_USB_Host_Library/Core/Src/usbh_pipes.o
                0x00000000080071ba                USBH_AllocPipe
 .text.USBH_FreePipe
                0x00000000080071fc       0x3c Middlewares/ST/STM32_USB_Host_Library/Core/Src/usbh_pipes.o
                0x00000000080071fc                USBH_FreePipe
 .text.USBH_GetFreePipe
                0x0000000008007238       0x48 Middlewares/ST/STM32_USB_Host_Library/Core/Src/usbh_pipes.o
 .text.MX_USB_HOST_Init
                0x0000000008007280       0x4c USB_HOST/App/usb_host.o
                0x0000000008007280                MX_USB_HOST_Init
 .text.MX_USB_HOST_Process
                0x00000000080072cc       0x14 USB_HOST/App/usb_host.o
                0x00000000080072cc                MX_USB_HOST_Process
 .text.USBH_UserProcess
                0x00000000080072e0       0x5c USB_HOST/App/usb_host.o
 .text.HAL_HCD_MspInit
                0x000000000800733c       0xc4 USB_HOST/Target/usbh_conf.o
                0x000000000800733c                HAL_HCD_MspInit
 .text.HAL_HCD_SOF_Callback
                0x0000000008007400       0x1c USB_HOST/Target/usbh_conf.o
                0x0000000008007400                HAL_HCD_SOF_Callback
 .text.HAL_HCD_Connect_Callback
                0x000000000800741c       0x1c USB_HOST/Target/usbh_conf.o
                0x000000000800741c                HAL_HCD_Connect_Callback
 .text.HAL_HCD_Disconnect_Callback
                0x0000000008007438       0x1c USB_HOST/Target/usbh_conf.o
                0x0000000008007438                HAL_HCD_Disconnect_Callback
 .text.HAL_HCD_HC_NotifyURBChange_Callback
                0x0000000008007454       0x1c USB_HOST/Target/usbh_conf.o
                0x0000000008007454                HAL_HCD_HC_NotifyURBChange_Callback
 .text.HAL_HCD_PortEnabled_Callback
                0x0000000008007470       0x1c USB_HOST/Target/usbh_conf.o
                0x0000000008007470                HAL_HCD_PortEnabled_Callback
 .text.HAL_HCD_PortDisabled_Callback
                0x000000000800748c       0x1c USB_HOST/Target/usbh_conf.o
                0x000000000800748c                HAL_HCD_PortDisabled_Callback
 .text.USBH_LL_Init
                0x00000000080074a8       0x78 USB_HOST/Target/usbh_conf.o
                0x00000000080074a8                USBH_LL_Init
 .text.USBH_LL_Start
                0x0000000008007520       0x36 USB_HOST/Target/usbh_conf.o
                0x0000000008007520                USBH_LL_Start
 .text.USBH_LL_Stop
                0x0000000008007556       0x36 USB_HOST/Target/usbh_conf.o
                0x0000000008007556                USBH_LL_Stop
 .text.USBH_LL_GetSpeed
                0x000000000800758c       0x4a USB_HOST/Target/usbh_conf.o
                0x000000000800758c                USBH_LL_GetSpeed
 .text.USBH_LL_ResetPort
                0x00000000080075d6       0x36 USB_HOST/Target/usbh_conf.o
                0x00000000080075d6                USBH_LL_ResetPort
 .text.USBH_LL_GetLastXferSize
                0x000000000800760c       0x26 USB_HOST/Target/usbh_conf.o
                0x000000000800760c                USBH_LL_GetLastXferSize
 .text.USBH_LL_OpenPipe
                0x0000000008007632       0x5e USB_HOST/Target/usbh_conf.o
                0x0000000008007632                USBH_LL_OpenPipe
 .text.USBH_LL_ClosePipe
                0x0000000008007690       0x3e USB_HOST/Target/usbh_conf.o
                0x0000000008007690                USBH_LL_ClosePipe
 .text.USBH_LL_SubmitURB
                0x00000000080076ce       0x62 USB_HOST/Target/usbh_conf.o
                0x00000000080076ce                USBH_LL_SubmitURB
 .text.USBH_LL_GetURBState
                0x0000000008007730       0x26 USB_HOST/Target/usbh_conf.o
                0x0000000008007730                USBH_LL_GetURBState
 .text.USBH_LL_DriverVBUS
                0x0000000008007756       0x2e USB_HOST/Target/usbh_conf.o
                0x0000000008007756                USBH_LL_DriverVBUS
 .text.USBH_LL_SetToggle
                0x0000000008007784       0x66 USB_HOST/Target/usbh_conf.o
                0x0000000008007784                USBH_LL_SetToggle
 .text.USBH_Delay
                0x00000000080077ea       0x16 USB_HOST/Target/usbh_conf.o
                0x00000000080077ea                USBH_Delay
 .text.USBH_Get_USB_Status
                0x0000000008007800       0x58 USB_HOST/Target/usbh_conf.o
                0x0000000008007800                USBH_Get_USB_Status
 .text.MX_DriverVbusFS
                0x0000000008007858       0x38 USB_HOST/Target/usbh_platform.o
                0x0000000008007858                MX_DriverVbusFS
 .text.__errno  0x0000000008007890        0xc d:/stm32/programs/stm32_cube_ide/stm32cubeide_1.5.0/stm32cubeide/plugins/com.st.stm32cube.ide.mcu.externaltools.gnu-tools-for-stm32.7-2018-q2-update.win32_1.5.0.202011040924/tools/bin/../lib/gcc/arm-none-eabi/7.3.1/../../../../arm-none-eabi/lib/thumb/v7e-m/fpv4-sp/hard\libc_nano.a(lib_a-errno.o)
                0x0000000008007890                __errno
 .text.__libc_init_array
                0x000000000800789c       0x48 d:/stm32/programs/stm32_cube_ide/stm32cubeide_1.5.0/stm32cubeide/plugins/com.st.stm32cube.ide.mcu.externaltools.gnu-tools-for-stm32.7-2018-q2-update.win32_1.5.0.202011040924/tools/bin/../lib/gcc/arm-none-eabi/7.3.1/../../../../arm-none-eabi/lib/thumb/v7e-m/fpv4-sp/hard\libc_nano.a(lib_a-init.o)
                0x000000000800789c                __libc_init_array
 .text.malloc   0x00000000080078e4       0x10 d:/stm32/programs/stm32_cube_ide/stm32cubeide_1.5.0/stm32cubeide/plugins/com.st.stm32cube.ide.mcu.externaltools.gnu-tools-for-stm32.7-2018-q2-update.win32_1.5.0.202011040924/tools/bin/../lib/gcc/arm-none-eabi/7.3.1/../../../../arm-none-eabi/lib/thumb/v7e-m/fpv4-sp/hard\libc_nano.a(lib_a-malloc.o)
                0x00000000080078e4                malloc
 .text.free     0x00000000080078f4       0x10 d:/stm32/programs/stm32_cube_ide/stm32cubeide_1.5.0/stm32cubeide/plugins/com.st.stm32cube.ide.mcu.externaltools.gnu-tools-for-stm32.7-2018-q2-update.win32_1.5.0.202011040924/tools/bin/../lib/gcc/arm-none-eabi/7.3.1/../../../../arm-none-eabi/lib/thumb/v7e-m/fpv4-sp/hard\libc_nano.a(lib_a-malloc.o)
                0x00000000080078f4                free
 .text.memset   0x0000000008007904       0x10 d:/stm32/programs/stm32_cube_ide/stm32cubeide_1.5.0/stm32cubeide/plugins/com.st.stm32cube.ide.mcu.externaltools.gnu-tools-for-stm32.7-2018-q2-update.win32_1.5.0.202011040924/tools/bin/../lib/gcc/arm-none-eabi/7.3.1/../../../../arm-none-eabi/lib/thumb/v7e-m/fpv4-sp/hard\libc_nano.a(lib_a-memset.o)
                0x0000000008007904                memset
 .text._free_r  0x0000000008007914       0x9c d:/stm32/programs/stm32_cube_ide/stm32cubeide_1.5.0/stm32cubeide/plugins/com.st.stm32cube.ide.mcu.externaltools.gnu-tools-for-stm32.7-2018-q2-update.win32_1.5.0.202011040924/tools/bin/../lib/gcc/arm-none-eabi/7.3.1/../../../../arm-none-eabi/lib/thumb/v7e-m/fpv4-sp/hard\libc_nano.a(lib_a-nano-freer.o)
                0x0000000008007914                _free_r
 .text._malloc_r
                0x00000000080079b0       0xb4 d:/stm32/programs/stm32_cube_ide/stm32cubeide_1.5.0/stm32cubeide/plugins/com.st.stm32cube.ide.mcu.externaltools.gnu-tools-for-stm32.7-2018-q2-update.win32_1.5.0.202011040924/tools/bin/../lib/gcc/arm-none-eabi/7.3.1/../../../../arm-none-eabi/lib/thumb/v7e-m/fpv4-sp/hard\libc_nano.a(lib_a-nano-mallocr.o)
                0x00000000080079b0                _malloc_r
 .text._sbrk_r  0x0000000008007a64       0x20 d:/stm32/programs/stm32_cube_ide/stm32cubeide_1.5.0/stm32cubeide/plugins/com.st.stm32cube.ide.mcu.externaltools.gnu-tools-for-stm32.7-2018-q2-update.win32_1.5.0.202011040924/tools/bin/../lib/gcc/arm-none-eabi/7.3.1/../../../../arm-none-eabi/lib/thumb/v7e-m/fpv4-sp/hard\libc_nano.a(lib_a-sbrkr.o)
                0x0000000008007a64                _sbrk_r
 .text.__malloc_lock
                0x0000000008007a84        0x2 d:/stm32/programs/stm32_cube_ide/stm32cubeide_1.5.0/stm32cubeide/plugins/com.st.stm32cube.ide.mcu.externaltools.gnu-tools-for-stm32.7-2018-q2-update.win32_1.5.0.202011040924/tools/bin/../lib/gcc/arm-none-eabi/7.3.1/../../../../arm-none-eabi/lib/thumb/v7e-m/fpv4-sp/hard\libc_nano.a(lib_a-mlock.o)
                0x0000000008007a84                __malloc_lock
 .text.__malloc_unlock
                0x0000000008007a86        0x2 d:/stm32/programs/stm32_cube_ide/stm32cubeide_1.5.0/stm32cubeide/plugins/com.st.stm32cube.ide.mcu.externaltools.gnu-tools-for-stm32.7-2018-q2-update.win32_1.5.0.202011040924/tools/bin/../lib/gcc/arm-none-eabi/7.3.1/../../../../arm-none-eabi/lib/thumb/v7e-m/fpv4-sp/hard\libc_nano.a(lib_a-mlock.o)
                0x0000000008007a86                __malloc_unlock
 *(.glue_7)
 .glue_7        0x0000000008007a88        0x0 linker stubs
 *(.glue_7t)
 .glue_7t       0x0000000008007a88        0x0 linker stubs
 *(.eh_frame)
 .eh_frame      0x0000000008007a88        0x0 d:/stm32/programs/stm32_cube_ide/stm32cubeide_1.5.0/stm32cubeide/plugins/com.st.stm32cube.ide.mcu.externaltools.gnu-tools-for-stm32.7-2018-q2-update.win32_1.5.0.202011040924/tools/bin/../lib/gcc/arm-none-eabi/7.3.1/thumb/v7e-m/fpv4-sp/hard/crtbegin.o
 *(.init)
 .init          0x0000000008007a88        0x4 d:/stm32/programs/stm32_cube_ide/stm32cubeide_1.5.0/stm32cubeide/plugins/com.st.stm32cube.ide.mcu.externaltools.gnu-tools-for-stm32.7-2018-q2-update.win32_1.5.0.202011040924/tools/bin/../lib/gcc/arm-none-eabi/7.3.1/thumb/v7e-m/fpv4-sp/hard/crti.o
                0x0000000008007a88                _init
 .init          0x0000000008007a8c        0x8 d:/stm32/programs/stm32_cube_ide/stm32cubeide_1.5.0/stm32cubeide/plugins/com.st.stm32cube.ide.mcu.externaltools.gnu-tools-for-stm32.7-2018-q2-update.win32_1.5.0.202011040924/tools/bin/../lib/gcc/arm-none-eabi/7.3.1/thumb/v7e-m/fpv4-sp/hard/crtn.o
 *(.fini)
 .fini          0x0000000008007a94        0x4 d:/stm32/programs/stm32_cube_ide/stm32cubeide_1.5.0/stm32cubeide/plugins/com.st.stm32cube.ide.mcu.externaltools.gnu-tools-for-stm32.7-2018-q2-update.win32_1.5.0.202011040924/tools/bin/../lib/gcc/arm-none-eabi/7.3.1/thumb/v7e-m/fpv4-sp/hard/crti.o
                0x0000000008007a94                _fini
 .fini          0x0000000008007a98        0x8 d:/stm32/programs/stm32_cube_ide/stm32cubeide_1.5.0/stm32cubeide/plugins/com.st.stm32cube.ide.mcu.externaltools.gnu-tools-for-stm32.7-2018-q2-update.win32_1.5.0.202011040924/tools/bin/../lib/gcc/arm-none-eabi/7.3.1/thumb/v7e-m/fpv4-sp/hard/crtn.o
                0x0000000008007aa0                . = ALIGN (0x4)
                0x0000000008007aa0                _etext = .

.vfp11_veneer   0x0000000008007aa0        0x0
 .vfp11_veneer  0x0000000008007aa0        0x0 linker stubs

.v4_bx          0x0000000008007aa0        0x0
 .v4_bx         0x0000000008007aa0        0x0 linker stubs

.iplt           0x0000000008007aa0        0x0
 .iplt          0x0000000008007aa0        0x0 d:/stm32/programs/stm32_cube_ide/stm32cubeide_1.5.0/stm32cubeide/plugins/com.st.stm32cube.ide.mcu.externaltools.gnu-tools-for-stm32.7-2018-q2-update.win32_1.5.0.202011040924/tools/bin/../lib/gcc/arm-none-eabi/7.3.1/thumb/v7e-m/fpv4-sp/hard/crtbegin.o

.rodata         0x0000000008007aa0       0x1c
                0x0000000008007aa0                . = ALIGN (0x4)
 *(.rodata)
 .rodata        0x0000000008007aa0        0x4 Middlewares/ST/STM32_USB_Host_Library/Class/CDC/Src/usbh_cdc.o
 *(.rodata*)
 .rodata.AHBPrescTable
                0x0000000008007aa4       0x10 Core/Src/system_stm32f4xx.o
                0x0000000008007aa4                AHBPrescTable
 .rodata.APBPrescTable
                0x0000000008007ab4        0x8 Core/Src/system_stm32f4xx.o
                0x0000000008007ab4                APBPrescTable
                0x0000000008007abc                . = ALIGN (0x4)

.ARM.extab      0x0000000008007abc        0x0
                0x0000000008007abc                . = ALIGN (0x4)
 *(.ARM.extab* .gnu.linkonce.armextab.*)
                0x0000000008007abc                . = ALIGN (0x4)

.ARM            0x0000000008007abc        0x8
                0x0000000008007abc                . = ALIGN (0x4)
                0x0000000008007abc                __exidx_start = .
 *(.ARM.exidx*)
 .ARM.exidx     0x0000000008007abc        0x8 d:/stm32/programs/stm32_cube_ide/stm32cubeide_1.5.0/stm32cubeide/plugins/com.st.stm32cube.ide.mcu.externaltools.gnu-tools-for-stm32.7-2018-q2-update.win32_1.5.0.202011040924/tools/bin/../lib/gcc/arm-none-eabi/7.3.1/thumb/v7e-m/fpv4-sp/hard\libgcc.a(_udivmoddi4.o)
                0x0000000008007ac4                __exidx_end = .
                0x0000000008007ac4                . = ALIGN (0x4)

.rel.dyn        0x0000000008007ac4        0x0
 .rel.iplt      0x0000000008007ac4        0x0 d:/stm32/programs/stm32_cube_ide/stm32cubeide_1.5.0/stm32cubeide/plugins/com.st.stm32cube.ide.mcu.externaltools.gnu-tools-for-stm32.7-2018-q2-update.win32_1.5.0.202011040924/tools/bin/../lib/gcc/arm-none-eabi/7.3.1/thumb/v7e-m/fpv4-sp/hard/crtbegin.o

.preinit_array  0x0000000008007ac4        0x0
                0x0000000008007ac4                . = ALIGN (0x4)
                0x0000000008007ac4                PROVIDE (__preinit_array_start = .)
 *(.preinit_array*)
                0x0000000008007ac4                PROVIDE (__preinit_array_end = .)
                0x0000000008007ac4                . = ALIGN (0x4)

.init_array     0x0000000008007ac4        0x4
                0x0000000008007ac4                . = ALIGN (0x4)
                0x0000000008007ac4                PROVIDE (__init_array_start = .)
 *(SORT_BY_NAME(.init_array.*))
 *(.init_array*)
 .init_array    0x0000000008007ac4        0x4 d:/stm32/programs/stm32_cube_ide/stm32cubeide_1.5.0/stm32cubeide/plugins/com.st.stm32cube.ide.mcu.externaltools.gnu-tools-for-stm32.7-2018-q2-update.win32_1.5.0.202011040924/tools/bin/../lib/gcc/arm-none-eabi/7.3.1/thumb/v7e-m/fpv4-sp/hard/crtbegin.o
                0x0000000008007ac8                PROVIDE (__init_array_end = .)
                0x0000000008007ac8                . = ALIGN (0x4)

.fini_array     0x0000000008007ac8        0x4
                0x0000000008007ac8                . = ALIGN (0x4)
                [!provide]                        PROVIDE (__fini_array_start = .)
 *(SORT_BY_NAME(.fini_array.*))
 *(.fini_array*)
 .fini_array    0x0000000008007ac8        0x4 d:/stm32/programs/stm32_cube_ide/stm32cubeide_1.5.0/stm32cubeide/plugins/com.st.stm32cube.ide.mcu.externaltools.gnu-tools-for-stm32.7-2018-q2-update.win32_1.5.0.202011040924/tools/bin/../lib/gcc/arm-none-eabi/7.3.1/thumb/v7e-m/fpv4-sp/hard/crtbegin.o
                [!provide]                        PROVIDE (__fini_array_end = .)
                0x0000000008007acc                . = ALIGN (0x4)
                0x0000000008007acc                _sidata = LOADADDR (.data)

.data           0x0000000020000000       0x90 load address 0x0000000008007acc
                0x0000000020000000                . = ALIGN (0x4)
                0x0000000020000000                _sdata = .
 *(.data)
 *(.data*)
 .data.SystemCoreClock
                0x0000000020000000        0x4 Core/Src/system_stm32f4xx.o
                0x0000000020000000                SystemCoreClock
 .data.uwTickPrio
                0x0000000020000004        0x4 Drivers/STM32F4xx_HAL_Driver/Src/stm32f4xx_hal.o
                0x0000000020000004                uwTickPrio
 .data.uwTickFreq
                0x0000000020000008        0x1 Drivers/STM32F4xx_HAL_Driver/Src/stm32f4xx_hal.o
                0x0000000020000008                uwTickFreq
 *fill*         0x0000000020000009        0x3 
 .data.CDC_Class
                0x000000002000000c       0x20 Middlewares/ST/STM32_USB_Host_Library/Class/CDC/Src/usbh_cdc.o
                0x000000002000000c                CDC_Class
 .data._impure_ptr
                0x000000002000002c        0x4 d:/stm32/programs/stm32_cube_ide/stm32cubeide_1.5.0/stm32cubeide/plugins/com.st.stm32cube.ide.mcu.externaltools.gnu-tools-for-stm32.7-2018-q2-update.win32_1.5.0.202011040924/tools/bin/../lib/gcc/arm-none-eabi/7.3.1/../../../../arm-none-eabi/lib/thumb/v7e-m/fpv4-sp/hard\libc_nano.a(lib_a-impure.o)
                0x000000002000002c                _impure_ptr
 .data.impure_data
                0x0000000020000030       0x60 d:/stm32/programs/stm32_cube_ide/stm32cubeide_1.5.0/stm32cubeide/plugins/com.st.stm32cube.ide.mcu.externaltools.gnu-tools-for-stm32.7-2018-q2-update.win32_1.5.0.202011040924/tools/bin/../lib/gcc/arm-none-eabi/7.3.1/../../../../arm-none-eabi/lib/thumb/v7e-m/fpv4-sp/hard\libc_nano.a(lib_a-impure.o)
 *(.RamFunc)
 *(.RamFunc*)
                0x0000000020000090                . = ALIGN (0x4)
                0x0000000020000090                _edata = .

.igot.plt       0x0000000020000090        0x0 load address 0x0000000008007b5c
 .igot.plt      0x0000000020000090        0x0 d:/stm32/programs/stm32_cube_ide/stm32cubeide_1.5.0/stm32cubeide/plugins/com.st.stm32cube.ide.mcu.externaltools.gnu-tools-for-stm32.7-2018-q2-update.win32_1.5.0.202011040924/tools/bin/../lib/gcc/arm-none-eabi/7.3.1/thumb/v7e-m/fpv4-sp/hard/crtbegin.o
                0x0000000020000090                . = ALIGN (0x4)

.bss            0x0000000020000090      0x810 load address 0x0000000008007b5c
                0x0000000020000090                _sbss = .
                0x0000000020000090                __bss_start__ = _sbss
 *(.bss)
 .bss           0x0000000020000090       0x1c d:/stm32/programs/stm32_cube_ide/stm32cubeide_1.5.0/stm32cubeide/plugins/com.st.stm32cube.ide.mcu.externaltools.gnu-tools-for-stm32.7-2018-q2-update.win32_1.5.0.202011040924/tools/bin/../lib/gcc/arm-none-eabi/7.3.1/thumb/v7e-m/fpv4-sp/hard/crtbegin.o
 *(.bss*)
 .bss.__sbrk_heap_end
                0x00000000200000ac        0x4 Core/Src/sysmem.o
 .bss.tmpreg.8283
                0x00000000200000b0        0x4 Drivers/STM32F4xx_HAL_Driver/Src/stm32f4xx_ll_usb.o
 .bss.Appli_state
                0x00000000200000b4        0x1 USB_HOST/App/usb_host.o
                0x00000000200000b4                Appli_state
 *fill*         0x00000000200000b5        0x3 
 .bss.__malloc_free_list
                0x00000000200000b8        0x4 d:/stm32/programs/stm32_cube_ide/stm32cubeide_1.5.0/stm32cubeide/plugins/com.st.stm32cube.ide.mcu.externaltools.gnu-tools-for-stm32.7-2018-q2-update.win32_1.5.0.202011040924/tools/bin/../lib/gcc/arm-none-eabi/7.3.1/../../../../arm-none-eabi/lib/thumb/v7e-m/fpv4-sp/hard\libc_nano.a(lib_a-nano-mallocr.o)
                0x00000000200000b8                __malloc_free_list
 .bss.__malloc_sbrk_start
                0x00000000200000bc        0x4 d:/stm32/programs/stm32_cube_ide/stm32cubeide_1.5.0/stm32cubeide/plugins/com.st.stm32cube.ide.mcu.externaltools.gnu-tools-for-stm32.7-2018-q2-update.win32_1.5.0.202011040924/tools/bin/../lib/gcc/arm-none-eabi/7.3.1/../../../../arm-none-eabi/lib/thumb/v7e-m/fpv4-sp/hard\libc_nano.a(lib_a-nano-mallocr.o)
                0x00000000200000bc                __malloc_sbrk_start
 *(COMMON)
 COMMON         0x00000000200000c0       0x54 Core/Src/i2c.o
                0x00000000200000c0                hi2c1
 COMMON         0x0000000020000114       0x90 Core/Src/i2s.o
                0x0000000020000114                hi2s2
                0x000000002000015c                hi2s3
 COMMON         0x00000000200001a4       0x58 Core/Src/spi.o
                0x00000000200001a4                hspi1
 COMMON         0x00000000200001fc        0x4 Drivers/STM32F4xx_HAL_Driver/Src/stm32f4xx_hal.o
                0x00000000200001fc                uwTick
 COMMON         0x0000000020000200      0x3d8 USB_HOST/App/usb_host.o
                0x0000000020000200                hUsbHostFS
 COMMON         0x00000000200005d8      0x2c4 USB_HOST/Target/usbh_conf.o
                0x00000000200005d8                hhcd_USB_OTG_FS
 COMMON         0x000000002000089c        0x4 d:/stm32/programs/stm32_cube_ide/stm32cubeide_1.5.0/stm32cubeide/plugins/com.st.stm32cube.ide.mcu.externaltools.gnu-tools-for-stm32.7-2018-q2-update.win32_1.5.0.202011040924/tools/bin/../lib/gcc/arm-none-eabi/7.3.1/../../../../arm-none-eabi/lib/thumb/v7e-m/fpv4-sp/hard\libc_nano.a(lib_a-reent.o)
                0x000000002000089c                errno
                0x00000000200008a0                . = ALIGN (0x4)
                0x00000000200008a0                _ebss = .
                0x00000000200008a0                __bss_end__ = _ebss

._user_heap_stack
                0x00000000200008a0      0x600 load address 0x0000000008007b5c
                0x00000000200008a0                . = ALIGN (0x8)
                [!provide]                        PROVIDE (end = .)
                0x00000000200008a0                PROVIDE (_end = .)
                0x0000000020000aa0                . = (. + _Min_Heap_Size)
 *fill*         0x00000000200008a0      0x200 
                0x0000000020000ea0                . = (. + _Min_Stack_Size)
 *fill*         0x0000000020000aa0      0x400 
                0x0000000020000ea0                . = ALIGN (0x8)

/DISCARD/
 libc.a(*)
 libm.a(*)
 libgcc.a(*)

.ARM.attributes
                0x0000000000000000       0x30
 *(.ARM.attributes)
 .ARM.attributes
                0x0000000000000000       0x22 d:/stm32/programs/stm32_cube_ide/stm32cubeide_1.5.0/stm32cubeide/plugins/com.st.stm32cube.ide.mcu.externaltools.gnu-tools-for-stm32.7-2018-q2-update.win32_1.5.0.202011040924/tools/bin/../lib/gcc/arm-none-eabi/7.3.1/thumb/v7e-m/fpv4-sp/hard/crti.o
 .ARM.attributes
                0x0000000000000022       0x34 d:/stm32/programs/stm32_cube_ide/stm32cubeide_1.5.0/stm32cubeide/plugins/com.st.stm32cube.ide.mcu.externaltools.gnu-tools-for-stm32.7-2018-q2-update.win32_1.5.0.202011040924/tools/bin/../lib/gcc/arm-none-eabi/7.3.1/thumb/v7e-m/fpv4-sp/hard/crtbegin.o
 .ARM.attributes
                0x0000000000000056       0x39 Core/Src/gpio.o
 .ARM.attributes
                0x000000000000008f       0x39 Core/Src/i2c.o
 .ARM.attributes
                0x00000000000000c8       0x39 Core/Src/i2s.o
 .ARM.attributes
                0x0000000000000101       0x39 Core/Src/main.o
 .ARM.attributes
                0x000000000000013a       0x39 Core/Src/spi.o
 .ARM.attributes
                0x0000000000000173       0x39 Core/Src/stm32f4xx_hal_msp.o
 .ARM.attributes
                0x00000000000001ac       0x39 Core/Src/stm32f4xx_it.o
 .ARM.attributes
                0x00000000000001e5       0x39 Core/Src/sysmem.o
 .ARM.attributes
                0x000000000000021e       0x39 Core/Src/system_stm32f4xx.o
 .ARM.attributes
                0x0000000000000257       0x21 Core/Startup/startup_stm32f411vetx.o
 .ARM.attributes
                0x0000000000000278       0x39 Drivers/STM32F4xx_HAL_Driver/Src/stm32f4xx_hal.o
 .ARM.attributes
                0x00000000000002b1       0x39 Drivers/STM32F4xx_HAL_Driver/Src/stm32f4xx_hal_cortex.o
 .ARM.attributes
                0x00000000000002ea       0x39 Drivers/STM32F4xx_HAL_Driver/Src/stm32f4xx_hal_gpio.o
 .ARM.attributes
                0x0000000000000323       0x39 Drivers/STM32F4xx_HAL_Driver/Src/stm32f4xx_hal_hcd.o
 .ARM.attributes
                0x000000000000035c       0x39 Drivers/STM32F4xx_HAL_Driver/Src/stm32f4xx_hal_i2c.o
 .ARM.attributes
                0x0000000000000395       0x39 Drivers/STM32F4xx_HAL_Driver/Src/stm32f4xx_hal_i2s.o
 .ARM.attributes
                0x00000000000003ce       0x39 Drivers/STM32F4xx_HAL_Driver/Src/stm32f4xx_hal_i2s_ex.o
 .ARM.attributes
                0x0000000000000407       0x39 Drivers/STM32F4xx_HAL_Driver/Src/stm32f4xx_hal_rcc.o
 .ARM.attributes
                0x0000000000000440       0x39 Drivers/STM32F4xx_HAL_Driver/Src/stm32f4xx_hal_rcc_ex.o
 .ARM.attributes
                0x0000000000000479       0x39 Drivers/STM32F4xx_HAL_Driver/Src/stm32f4xx_hal_spi.o
 .ARM.attributes
                0x00000000000004b2       0x39 Drivers/STM32F4xx_HAL_Driver/Src/stm32f4xx_ll_usb.o
 .ARM.attributes
                0x00000000000004eb       0x39 Middlewares/ST/STM32_USB_Host_Library/Class/CDC/Src/usbh_cdc.o
 .ARM.attributes
                0x0000000000000524       0x39 Middlewares/ST/STM32_USB_Host_Library/Core/Src/usbh_core.o
 .ARM.attributes
                0x000000000000055d       0x39 Middlewares/ST/STM32_USB_Host_Library/Core/Src/usbh_ctlreq.o
 .ARM.attributes
                0x0000000000000596       0x39 Middlewares/ST/STM32_USB_Host_Library/Core/Src/usbh_ioreq.o
 .ARM.attributes
                0x00000000000005cf       0x39 Middlewares/ST/STM32_USB_Host_Library/Core/Src/usbh_pipes.o
 .ARM.attributes
                0x0000000000000608       0x39 USB_HOST/App/usb_host.o
 .ARM.attributes
                0x0000000000000641       0x39 USB_HOST/Target/usbh_conf.o
 .ARM.attributes
                0x000000000000067a       0x39 USB_HOST/Target/usbh_platform.o
 .ARM.attributes
                0x00000000000006b3       0x34 d:/stm32/programs/stm32_cube_ide/stm32cubeide_1.5.0/stm32cubeide/plugins/com.st.stm32cube.ide.mcu.externaltools.gnu-tools-for-stm32.7-2018-q2-update.win32_1.5.0.202011040924/tools/bin/../lib/gcc/arm-none-eabi/7.3.1/../../../../arm-none-eabi/lib/thumb/v7e-m/fpv4-sp/hard\libc_nano.a(lib_a-errno.o)
 .ARM.attributes
                0x00000000000006e7       0x34 d:/stm32/programs/stm32_cube_ide/stm32cubeide_1.5.0/stm32cubeide/plugins/com.st.stm32cube.ide.mcu.externaltools.gnu-tools-for-stm32.7-2018-q2-update.win32_1.5.0.202011040924/tools/bin/../lib/gcc/arm-none-eabi/7.3.1/../../../../arm-none-eabi/lib/thumb/v7e-m/fpv4-sp/hard\libc_nano.a(lib_a-impure.o)
 .ARM.attributes
                0x000000000000071b       0x34 d:/stm32/programs/stm32_cube_ide/stm32cubeide_1.5.0/stm32cubeide/plugins/com.st.stm32cube.ide.mcu.externaltools.gnu-tools-for-stm32.7-2018-q2-update.win32_1.5.0.202011040924/tools/bin/../lib/gcc/arm-none-eabi/7.3.1/../../../../arm-none-eabi/lib/thumb/v7e-m/fpv4-sp/hard\libc_nano.a(lib_a-init.o)
 .ARM.attributes
                0x000000000000074f       0x34 d:/stm32/programs/stm32_cube_ide/stm32cubeide_1.5.0/stm32cubeide/plugins/com.st.stm32cube.ide.mcu.externaltools.gnu-tools-for-stm32.7-2018-q2-update.win32_1.5.0.202011040924/tools/bin/../lib/gcc/arm-none-eabi/7.3.1/../../../../arm-none-eabi/lib/thumb/v7e-m/fpv4-sp/hard\libc_nano.a(lib_a-malloc.o)
 .ARM.attributes
                0x0000000000000783       0x34 d:/stm32/programs/stm32_cube_ide/stm32cubeide_1.5.0/stm32cubeide/plugins/com.st.stm32cube.ide.mcu.externaltools.gnu-tools-for-stm32.7-2018-q2-update.win32_1.5.0.202011040924/tools/bin/../lib/gcc/arm-none-eabi/7.3.1/../../../../arm-none-eabi/lib/thumb/v7e-m/fpv4-sp/hard\libc_nano.a(lib_a-memset.o)
 .ARM.attributes
                0x00000000000007b7       0x34 d:/stm32/programs/stm32_cube_ide/stm32cubeide_1.5.0/stm32cubeide/plugins/com.st.stm32cube.ide.mcu.externaltools.gnu-tools-for-stm32.7-2018-q2-update.win32_1.5.0.202011040924/tools/bin/../lib/gcc/arm-none-eabi/7.3.1/../../../../arm-none-eabi/lib/thumb/v7e-m/fpv4-sp/hard\libc_nano.a(lib_a-nano-freer.o)
 .ARM.attributes
                0x00000000000007eb       0x34 d:/stm32/programs/stm32_cube_ide/stm32cubeide_1.5.0/stm32cubeide/plugins/com.st.stm32cube.ide.mcu.externaltools.gnu-tools-for-stm32.7-2018-q2-update.win32_1.5.0.202011040924/tools/bin/../lib/gcc/arm-none-eabi/7.3.1/../../../../arm-none-eabi/lib/thumb/v7e-m/fpv4-sp/hard\libc_nano.a(lib_a-nano-mallocr.o)
 .ARM.attributes
                0x000000000000081f       0x34 d:/stm32/programs/stm32_cube_ide/stm32cubeide_1.5.0/stm32cubeide/plugins/com.st.stm32cube.ide.mcu.externaltools.gnu-tools-for-stm32.7-2018-q2-update.win32_1.5.0.202011040924/tools/bin/../lib/gcc/arm-none-eabi/7.3.1/../../../../arm-none-eabi/lib/thumb/v7e-m/fpv4-sp/hard\libc_nano.a(lib_a-sbrkr.o)
 .ARM.attributes
                0x0000000000000853       0x34 d:/stm32/programs/stm32_cube_ide/stm32cubeide_1.5.0/stm32cubeide/plugins/com.st.stm32cube.ide.mcu.externaltools.gnu-tools-for-stm32.7-2018-q2-update.win32_1.5.0.202011040924/tools/bin/../lib/gcc/arm-none-eabi/7.3.1/../../../../arm-none-eabi/lib/thumb/v7e-m/fpv4-sp/hard\libc_nano.a(lib_a-mlock.o)
 .ARM.attributes
                0x0000000000000887       0x34 d:/stm32/programs/stm32_cube_ide/stm32cubeide_1.5.0/stm32cubeide/plugins/com.st.stm32cube.ide.mcu.externaltools.gnu-tools-for-stm32.7-2018-q2-update.win32_1.5.0.202011040924/tools/bin/../lib/gcc/arm-none-eabi/7.3.1/../../../../arm-none-eabi/lib/thumb/v7e-m/fpv4-sp/hard\libc_nano.a(lib_a-reent.o)
 .ARM.attributes
                0x00000000000008bb       0x22 d:/stm32/programs/stm32_cube_ide/stm32cubeide_1.5.0/stm32cubeide/plugins/com.st.stm32cube.ide.mcu.externaltools.gnu-tools-for-stm32.7-2018-q2-update.win32_1.5.0.202011040924/tools/bin/../lib/gcc/arm-none-eabi/7.3.1/thumb/v7e-m/fpv4-sp/hard\libgcc.a(_aeabi_uldivmod.o)
 .ARM.attributes
                0x00000000000008dd       0x34 d:/stm32/programs/stm32_cube_ide/stm32cubeide_1.5.0/stm32cubeide/plugins/com.st.stm32cube.ide.mcu.externaltools.gnu-tools-for-stm32.7-2018-q2-update.win32_1.5.0.202011040924/tools/bin/../lib/gcc/arm-none-eabi/7.3.1/thumb/v7e-m/fpv4-sp/hard\libgcc.a(_udivmoddi4.o)
 .ARM.attributes
                0x0000000000000911       0x22 d:/stm32/programs/stm32_cube_ide/stm32cubeide_1.5.0/stm32cubeide/plugins/com.st.stm32cube.ide.mcu.externaltools.gnu-tools-for-stm32.7-2018-q2-update.win32_1.5.0.202011040924/tools/bin/../lib/gcc/arm-none-eabi/7.3.1/thumb/v7e-m/fpv4-sp/hard\libgcc.a(_dvmd_tls.o)
 .ARM.attributes
                0x0000000000000933       0x22 d:/stm32/programs/stm32_cube_ide/stm32cubeide_1.5.0/stm32cubeide/plugins/com.st.stm32cube.ide.mcu.externaltools.gnu-tools-for-stm32.7-2018-q2-update.win32_1.5.0.202011040924/tools/bin/../lib/gcc/arm-none-eabi/7.3.1/thumb/v7e-m/fpv4-sp/hard/crtn.o
OUTPUT(02_msalomon.elf elf32-littlearm)

.debug_info     0x0000000000000000    0x19cdf
 .debug_info    0x0000000000000000      0x52a Core/Src/gpio.o
 .debug_info    0x000000000000052a      0xa08 Core/Src/i2c.o
 .debug_info    0x0000000000000f32      0xa47 Core/Src/i2s.o
 .debug_info    0x0000000000001979      0xfc5 Core/Src/main.o
 .debug_info    0x000000000000293e      0x9d9 Core/Src/spi.o
 .debug_info    0x0000000000003317      0x38c Core/Src/stm32f4xx_hal_msp.o
 .debug_info    0x00000000000036a3      0x6b4 Core/Src/stm32f4xx_it.o
 .debug_info    0x0000000000003d57      0x985 Core/Src/sysmem.o
 .debug_info    0x00000000000046dc      0x57e Core/Src/system_stm32f4xx.o
 .debug_info    0x0000000000004c5a       0x22 Core/Startup/startup_stm32f411vetx.o
 .debug_info    0x0000000000004c7c      0x8d5 Drivers/STM32F4xx_HAL_Driver/Src/stm32f4xx_hal.o
 .debug_info    0x0000000000005551      0xd98 Drivers/STM32F4xx_HAL_Driver/Src/stm32f4xx_hal_cortex.o
 .debug_info    0x00000000000062e9      0x7d7 Drivers/STM32F4xx_HAL_Driver/Src/stm32f4xx_hal_gpio.o
 .debug_info    0x0000000000006ac0      0xe5f Drivers/STM32F4xx_HAL_Driver/Src/stm32f4xx_hal_hcd.o
 .debug_info    0x000000000000791f     0x242b Drivers/STM32F4xx_HAL_Driver/Src/stm32f4xx_hal_i2c.o
 .debug_info    0x0000000000009d4a      0xe56 Drivers/STM32F4xx_HAL_Driver/Src/stm32f4xx_hal_i2s.o
 .debug_info    0x000000000000aba0      0xb6e Drivers/STM32F4xx_HAL_Driver/Src/stm32f4xx_hal_i2s_ex.o
 .debug_info    0x000000000000b70e      0x92a Drivers/STM32F4xx_HAL_Driver/Src/stm32f4xx_hal_rcc.o
 .debug_info    0x000000000000c038      0x618 Drivers/STM32F4xx_HAL_Driver/Src/stm32f4xx_hal_rcc_ex.o
 .debug_info    0x000000000000c650     0x1632 Drivers/STM32F4xx_HAL_Driver/Src/stm32f4xx_hal_spi.o
 .debug_info    0x000000000000dc82     0x18dd Drivers/STM32F4xx_HAL_Driver/Src/stm32f4xx_ll_usb.o
 .debug_info    0x000000000000f55f     0x1ad3 Middlewares/ST/STM32_USB_Host_Library/Class/CDC/Src/usbh_cdc.o
 .debug_info    0x0000000000011032     0x16b2 Middlewares/ST/STM32_USB_Host_Library/Core/Src/usbh_core.o
 .debug_info    0x00000000000126e4     0x1772 Middlewares/ST/STM32_USB_Host_Library/Core/Src/usbh_ctlreq.o
 .debug_info    0x0000000000013e56     0x14df Middlewares/ST/STM32_USB_Host_Library/Core/Src/usbh_ioreq.o
 .debug_info    0x0000000000015335     0x1321 Middlewares/ST/STM32_USB_Host_Library/Core/Src/usbh_pipes.o
 .debug_info    0x0000000000016656     0x1275 USB_HOST/App/usb_host.o
 .debug_info    0x00000000000178cb     0x219a USB_HOST/Target/usbh_conf.o
 .debug_info    0x0000000000019a65      0x27a USB_HOST/Target/usbh_platform.o

.debug_abbrev   0x0000000000000000     0x3ab0
 .debug_abbrev  0x0000000000000000      0x134 Core/Src/gpio.o
 .debug_abbrev  0x0000000000000134      0x199 Core/Src/i2c.o
 .debug_abbrev  0x00000000000002cd      0x199 Core/Src/i2s.o
 .debug_abbrev  0x0000000000000466      0x1b7 Core/Src/main.o
 .debug_abbrev  0x000000000000061d      0x199 Core/Src/spi.o
 .debug_abbrev  0x00000000000007b6      0x109 Core/Src/stm32f4xx_hal_msp.o
 .debug_abbrev  0x00000000000008bf      0x164 Core/Src/stm32f4xx_it.o
 .debug_abbrev  0x0000000000000a23      0x19b Core/Src/sysmem.o
 .debug_abbrev  0x0000000000000bbe      0x12b Core/Src/system_stm32f4xx.o
 .debug_abbrev  0x0000000000000ce9       0x12 Core/Startup/startup_stm32f411vetx.o
 .debug_abbrev  0x0000000000000cfb      0x1f2 Drivers/STM32F4xx_HAL_Driver/Src/stm32f4xx_hal.o
 .debug_abbrev  0x0000000000000eed      0x2fa Drivers/STM32F4xx_HAL_Driver/Src/stm32f4xx_hal_cortex.o
 .debug_abbrev  0x00000000000011e7      0x1c9 Drivers/STM32F4xx_HAL_Driver/Src/stm32f4xx_hal_gpio.o
 .debug_abbrev  0x00000000000013b0      0x255 Drivers/STM32F4xx_HAL_Driver/Src/stm32f4xx_hal_hcd.o
 .debug_abbrev  0x0000000000001605      0x263 Drivers/STM32F4xx_HAL_Driver/Src/stm32f4xx_hal_i2c.o
 .debug_abbrev  0x0000000000001868      0x22a Drivers/STM32F4xx_HAL_Driver/Src/stm32f4xx_hal_i2s.o
 .debug_abbrev  0x0000000000001a92      0x255 Drivers/STM32F4xx_HAL_Driver/Src/stm32f4xx_hal_i2s_ex.o
 .debug_abbrev  0x0000000000001ce7      0x245 Drivers/STM32F4xx_HAL_Driver/Src/stm32f4xx_hal_rcc.o
 .debug_abbrev  0x0000000000001f2c      0x173 Drivers/STM32F4xx_HAL_Driver/Src/stm32f4xx_hal_rcc_ex.o
 .debug_abbrev  0x000000000000209f      0x240 Drivers/STM32F4xx_HAL_Driver/Src/stm32f4xx_hal_spi.o
 .debug_abbrev  0x00000000000022df      0x26d Drivers/STM32F4xx_HAL_Driver/Src/stm32f4xx_ll_usb.o
 .debug_abbrev  0x000000000000254c      0x308 Middlewares/ST/STM32_USB_Host_Library/Class/CDC/Src/usbh_cdc.o
 .debug_abbrev  0x0000000000002854      0x362 Middlewares/ST/STM32_USB_Host_Library/Core/Src/usbh_core.o
 .debug_abbrev  0x0000000000002bb6      0x31b Middlewares/ST/STM32_USB_Host_Library/Core/Src/usbh_ctlreq.o
 .debug_abbrev  0x0000000000002ed1      0x279 Middlewares/ST/STM32_USB_Host_Library/Core/Src/usbh_ioreq.o
 .debug_abbrev  0x000000000000314a      0x2b1 Middlewares/ST/STM32_USB_Host_Library/Core/Src/usbh_pipes.o
 .debug_abbrev  0x00000000000033fb      0x268 USB_HOST/App/usb_host.o
 .debug_abbrev  0x0000000000003663      0x349 USB_HOST/Target/usbh_conf.o
 .debug_abbrev  0x00000000000039ac      0x104 USB_HOST/Target/usbh_platform.o

.debug_aranges  0x0000000000000000     0x1178
 .debug_aranges
                0x0000000000000000       0x20 Core/Src/gpio.o
 .debug_aranges
                0x0000000000000020       0x30 Core/Src/i2c.o
 .debug_aranges
                0x0000000000000050       0x38 Core/Src/i2s.o
 .debug_aranges
                0x0000000000000088       0x30 Core/Src/main.o
 .debug_aranges
                0x00000000000000b8       0x30 Core/Src/spi.o
 .debug_aranges
                0x00000000000000e8       0x20 Core/Src/stm32f4xx_hal_msp.o
 .debug_aranges
                0x0000000000000108       0x68 Core/Src/stm32f4xx_it.o
 .debug_aranges
                0x0000000000000170       0x20 Core/Src/sysmem.o
 .debug_aranges
                0x0000000000000190       0x28 Core/Src/system_stm32f4xx.o
 .debug_aranges
                0x00000000000001b8       0x28 Core/Startup/startup_stm32f411vetx.o
 .debug_aranges
                0x00000000000001e0       0xf0 Drivers/STM32F4xx_HAL_Driver/Src/stm32f4xx_hal.o
 .debug_aranges
                0x00000000000002d0      0x118 Drivers/STM32F4xx_HAL_Driver/Src/stm32f4xx_hal_cortex.o
 .debug_aranges
                0x00000000000003e8       0x58 Drivers/STM32F4xx_HAL_Driver/Src/stm32f4xx_hal_gpio.o
 .debug_aranges
                0x0000000000000440       0xf8 Drivers/STM32F4xx_HAL_Driver/Src/stm32f4xx_hal_hcd.o
 .debug_aranges
                0x0000000000000538      0x2a0 Drivers/STM32F4xx_HAL_Driver/Src/stm32f4xx_hal_i2c.o
 .debug_aranges
                0x00000000000007d8      0x108 Drivers/STM32F4xx_HAL_Driver/Src/stm32f4xx_hal_i2s.o
 .debug_aranges
                0x00000000000008e0       0x88 Drivers/STM32F4xx_HAL_Driver/Src/stm32f4xx_hal_i2s_ex.o
 .debug_aranges
                0x0000000000000968       0x88 Drivers/STM32F4xx_HAL_Driver/Src/stm32f4xx_hal_rcc.o
 .debug_aranges
                0x00000000000009f0       0x50 Drivers/STM32F4xx_HAL_Driver/Src/stm32f4xx_hal_rcc_ex.o
 .debug_aranges
                0x0000000000000a40      0x1d0 Drivers/STM32F4xx_HAL_Driver/Src/stm32f4xx_hal_spi.o
 .debug_aranges
                0x0000000000000c10      0x198 Drivers/STM32F4xx_HAL_Driver/Src/stm32f4xx_ll_usb.o
 .debug_aranges
                0x0000000000000da8       0xa8 Middlewares/ST/STM32_USB_Host_Library/Class/CDC/Src/usbh_cdc.o
 .debug_aranges
                0x0000000000000e50       0xc0 Middlewares/ST/STM32_USB_Host_Library/Core/Src/usbh_core.o
 .debug_aranges
                0x0000000000000f10       0xa0 Middlewares/ST/STM32_USB_Host_Library/Core/Src/usbh_ctlreq.o
 .debug_aranges
                0x0000000000000fb0       0x60 Middlewares/ST/STM32_USB_Host_Library/Core/Src/usbh_ioreq.o
 .debug_aranges
                0x0000000000001010       0x40 Middlewares/ST/STM32_USB_Host_Library/Core/Src/usbh_pipes.o
 .debug_aranges
                0x0000000000001050       0x30 USB_HOST/App/usb_host.o
 .debug_aranges
                0x0000000000001080       0xd8 USB_HOST/Target/usbh_conf.o
 .debug_aranges
                0x0000000000001158       0x20 USB_HOST/Target/usbh_platform.o

.debug_ranges   0x0000000000000000      0xfd8
 .debug_ranges  0x0000000000000000       0x10 Core/Src/gpio.o
 .debug_ranges  0x0000000000000010       0x20 Core/Src/i2c.o
 .debug_ranges  0x0000000000000030       0x28 Core/Src/i2s.o
 .debug_ranges  0x0000000000000058       0x20 Core/Src/main.o
 .debug_ranges  0x0000000000000078       0x20 Core/Src/spi.o
 .debug_ranges  0x0000000000000098       0x10 Core/Src/stm32f4xx_hal_msp.o
 .debug_ranges  0x00000000000000a8       0x58 Core/Src/stm32f4xx_it.o
 .debug_ranges  0x0000000000000100       0x10 Core/Src/sysmem.o
 .debug_ranges  0x0000000000000110       0x18 Core/Src/system_stm32f4xx.o
 .debug_ranges  0x0000000000000128       0x20 Core/Startup/startup_stm32f411vetx.o
 .debug_ranges  0x0000000000000148       0xe0 Drivers/STM32F4xx_HAL_Driver/Src/stm32f4xx_hal.o
 .debug_ranges  0x0000000000000228      0x108 Drivers/STM32F4xx_HAL_Driver/Src/stm32f4xx_hal_cortex.o
 .debug_ranges  0x0000000000000330       0x48 Drivers/STM32F4xx_HAL_Driver/Src/stm32f4xx_hal_gpio.o
 .debug_ranges  0x0000000000000378       0xe8 Drivers/STM32F4xx_HAL_Driver/Src/stm32f4xx_hal_hcd.o
 .debug_ranges  0x0000000000000460      0x2b8 Drivers/STM32F4xx_HAL_Driver/Src/stm32f4xx_hal_i2c.o
 .debug_ranges  0x0000000000000718       0xf8 Drivers/STM32F4xx_HAL_Driver/Src/stm32f4xx_hal_i2s.o
 .debug_ranges  0x0000000000000810       0x78 Drivers/STM32F4xx_HAL_Driver/Src/stm32f4xx_hal_i2s_ex.o
 .debug_ranges  0x0000000000000888       0x78 Drivers/STM32F4xx_HAL_Driver/Src/stm32f4xx_hal_rcc.o
 .debug_ranges  0x0000000000000900       0x40 Drivers/STM32F4xx_HAL_Driver/Src/stm32f4xx_hal_rcc_ex.o
 .debug_ranges  0x0000000000000940      0x1c0 Drivers/STM32F4xx_HAL_Driver/Src/stm32f4xx_hal_spi.o
 .debug_ranges  0x0000000000000b00      0x188 Drivers/STM32F4xx_HAL_Driver/Src/stm32f4xx_ll_usb.o
 .debug_ranges  0x0000000000000c88       0x98 Middlewares/ST/STM32_USB_Host_Library/Class/CDC/Src/usbh_cdc.o
 .debug_ranges  0x0000000000000d20       0xb0 Middlewares/ST/STM32_USB_Host_Library/Core/Src/usbh_core.o
 .debug_ranges  0x0000000000000dd0       0x90 Middlewares/ST/STM32_USB_Host_Library/Core/Src/usbh_ctlreq.o
 .debug_ranges  0x0000000000000e60       0x50 Middlewares/ST/STM32_USB_Host_Library/Core/Src/usbh_ioreq.o
 .debug_ranges  0x0000000000000eb0       0x30 Middlewares/ST/STM32_USB_Host_Library/Core/Src/usbh_pipes.o
 .debug_ranges  0x0000000000000ee0       0x20 USB_HOST/App/usb_host.o
 .debug_ranges  0x0000000000000f00       0xc8 USB_HOST/Target/usbh_conf.o
 .debug_ranges  0x0000000000000fc8       0x10 USB_HOST/Target/usbh_platform.o

.debug_macro    0x0000000000000000    0x19784
 .debug_macro   0x0000000000000000      0x21e Core/Src/gpio.o
 .debug_macro   0x000000000000021e      0xa5a Core/Src/gpio.o
 .debug_macro   0x0000000000000c78      0x2a0 Core/Src/gpio.o
 .debug_macro   0x0000000000000f18       0x2e Core/Src/gpio.o
 .debug_macro   0x0000000000000f46       0x28 Core/Src/gpio.o
 .debug_macro   0x0000000000000f6e       0x22 Core/Src/gpio.o
 .debug_macro   0x0000000000000f90       0x8e Core/Src/gpio.o
 .debug_macro   0x000000000000101e       0x51 Core/Src/gpio.o
 .debug_macro   0x000000000000106f       0xef Core/Src/gpio.o
 .debug_macro   0x000000000000115e       0x6a Core/Src/gpio.o
 .debug_macro   0x00000000000011c8      0x1df Core/Src/gpio.o
 .debug_macro   0x00000000000013a7       0x1c Core/Src/gpio.o
 .debug_macro   0x00000000000013c3       0x22 Core/Src/gpio.o
 .debug_macro   0x00000000000013e5       0xdf Core/Src/gpio.o
 .debug_macro   0x00000000000014c4     0x102d Core/Src/gpio.o
 .debug_macro   0x00000000000024f1      0x11f Core/Src/gpio.o
 .debug_macro   0x0000000000002610     0xb937 Core/Src/gpio.o
 .debug_macro   0x000000000000df47       0x43 Core/Src/gpio.o
 .debug_macro   0x000000000000df8a     0x3659 Core/Src/gpio.o
 .debug_macro   0x00000000000115e3      0x174 Core/Src/gpio.o
 .debug_macro   0x0000000000011757       0x5a Core/Src/gpio.o
 .debug_macro   0x00000000000117b1      0x447 Core/Src/gpio.o
 .debug_macro   0x0000000000011bf8      0x9fe Core/Src/gpio.o
 .debug_macro   0x00000000000125f6      0x117 Core/Src/gpio.o
 .debug_macro   0x000000000001270d      0x11b Core/Src/gpio.o
 .debug_macro   0x0000000000012828       0x27 Core/Src/gpio.o
 .debug_macro   0x000000000001284f      0x15f Core/Src/gpio.o
 .debug_macro   0x00000000000129ae      0x287 Core/Src/gpio.o
 .debug_macro   0x0000000000012c35       0x5f Core/Src/gpio.o
 .debug_macro   0x0000000000012c94      0x236 Core/Src/gpio.o
 .debug_macro   0x0000000000012eca      0x132 Core/Src/gpio.o
 .debug_macro   0x0000000000012ffc      0x264 Core/Src/gpio.o
 .debug_macro   0x0000000000013260       0x2e Core/Src/gpio.o
 .debug_macro   0x000000000001328e      0x1b5 Core/Src/gpio.o
 .debug_macro   0x0000000000013443       0x22 Core/Src/gpio.o
 .debug_macro   0x0000000000013465       0xd6 Core/Src/gpio.o
 .debug_macro   0x000000000001353b      0x1a7 Core/Src/gpio.o
 .debug_macro   0x00000000000136e2       0x46 Core/Src/gpio.o
 .debug_macro   0x0000000000013728       0x4a Core/Src/gpio.o
 .debug_macro   0x0000000000013772      0x11a Core/Src/gpio.o
 .debug_macro   0x000000000001388c       0x85 Core/Src/gpio.o
 .debug_macro   0x0000000000013911       0x89 Core/Src/gpio.o
 .debug_macro   0x000000000001399a      0x225 Core/Src/gpio.o
 .debug_macro   0x0000000000013bbf      0x21e Core/Src/gpio.o
 .debug_macro   0x0000000000013ddd       0x68 Core/Src/gpio.o
 .debug_macro   0x0000000000013e45      0x126 Core/Src/gpio.o
 .debug_macro   0x0000000000013f6b      0x19e Core/Src/gpio.o
 .debug_macro   0x0000000000014109      0x21e Core/Src/i2c.o
 .debug_macro   0x0000000000014327      0x21e Core/Src/i2s.o
 .debug_macro   0x0000000000014545      0x24a Core/Src/main.o
 .debug_macro   0x000000000001478f      0x21e Core/Src/spi.o
 .debug_macro   0x00000000000149ad      0x214 Core/Src/stm32f4xx_hal_msp.o
 .debug_macro   0x0000000000014bc1      0x21e Core/Src/stm32f4xx_it.o
 .debug_macro   0x0000000000014ddf       0xee Core/Src/sysmem.o
 .debug_macro   0x0000000000014ecd      0x23b Core/Src/sysmem.o
 .debug_macro   0x0000000000015108      0x20b Core/Src/system_stm32f4xx.o
 .debug_macro   0x0000000000015313      0x265 Drivers/STM32F4xx_HAL_Driver/Src/stm32f4xx_hal.o
 .debug_macro   0x0000000000015578      0x205 Drivers/STM32F4xx_HAL_Driver/Src/stm32f4xx_hal_cortex.o
 .debug_macro   0x000000000001577d      0x23b Drivers/STM32F4xx_HAL_Driver/Src/stm32f4xx_hal_gpio.o
 .debug_macro   0x00000000000159b8      0x205 Drivers/STM32F4xx_HAL_Driver/Src/stm32f4xx_hal_hcd.o
 .debug_macro   0x0000000000015bbd      0x24c Drivers/STM32F4xx_HAL_Driver/Src/stm32f4xx_hal_i2c.o
 .debug_macro   0x0000000000015e09      0x20d Drivers/STM32F4xx_HAL_Driver/Src/stm32f4xx_hal_i2s.o
 .debug_macro   0x0000000000016016      0x205 Drivers/STM32F4xx_HAL_Driver/Src/stm32f4xx_hal_i2s_ex.o
 .debug_macro   0x000000000001621b      0x229 Drivers/STM32F4xx_HAL_Driver/Src/stm32f4xx_hal_rcc.o
 .debug_macro   0x0000000000016444      0x205 Drivers/STM32F4xx_HAL_Driver/Src/stm32f4xx_hal_rcc_ex.o
 .debug_macro   0x0000000000016649      0x214 Drivers/STM32F4xx_HAL_Driver/Src/stm32f4xx_hal_spi.o
 .debug_macro   0x000000000001685d      0x205 Drivers/STM32F4xx_HAL_Driver/Src/stm32f4xx_ll_usb.o
 .debug_macro   0x0000000000016a62      0x42a Middlewares/ST/STM32_USB_Host_Library/Class/CDC/Src/usbh_cdc.o
 .debug_macro   0x0000000000016e8c       0x16 Middlewares/ST/STM32_USB_Host_Library/Class/CDC/Src/usbh_cdc.o
 .debug_macro   0x0000000000016ea2       0x97 Middlewares/ST/STM32_USB_Host_Library/Class/CDC/Src/usbh_cdc.o
 .debug_macro   0x0000000000016f39       0xfd Middlewares/ST/STM32_USB_Host_Library/Class/CDC/Src/usbh_cdc.o
 .debug_macro   0x0000000000017036       0x16 Middlewares/ST/STM32_USB_Host_Library/Class/CDC/Src/usbh_cdc.o
 .debug_macro   0x000000000001704c       0x20 Middlewares/ST/STM32_USB_Host_Library/Class/CDC/Src/usbh_cdc.o
 .debug_macro   0x000000000001706c       0xd9 Middlewares/ST/STM32_USB_Host_Library/Class/CDC/Src/usbh_cdc.o
 .debug_macro   0x0000000000017145       0x54 Middlewares/ST/STM32_USB_Host_Library/Class/CDC/Src/usbh_cdc.o
 .debug_macro   0x0000000000017199       0x73 Middlewares/ST/STM32_USB_Host_Library/Class/CDC/Src/usbh_cdc.o
 .debug_macro   0x000000000001720c      0x218 Middlewares/ST/STM32_USB_Host_Library/Class/CDC/Src/usbh_cdc.o
 .debug_macro   0x0000000000017424       0x2e Middlewares/ST/STM32_USB_Host_Library/Class/CDC/Src/usbh_cdc.o
 .debug_macro   0x0000000000017452       0x2e Middlewares/ST/STM32_USB_Host_Library/Class/CDC/Src/usbh_cdc.o
 .debug_macro   0x0000000000017480       0x28 Middlewares/ST/STM32_USB_Host_Library/Class/CDC/Src/usbh_cdc.o
 .debug_macro   0x00000000000174a8      0x15c Middlewares/ST/STM32_USB_Host_Library/Class/CDC/Src/usbh_cdc.o
 .debug_macro   0x0000000000017604      0x427 Middlewares/ST/STM32_USB_Host_Library/Core/Src/usbh_core.o
 .debug_macro   0x0000000000017a2b      0x41f Middlewares/ST/STM32_USB_Host_Library/Core/Src/usbh_ctlreq.o
 .debug_macro   0x0000000000017e4a       0x28 Middlewares/ST/STM32_USB_Host_Library/Core/Src/usbh_ctlreq.o
 .debug_macro   0x0000000000017e72      0x419 Middlewares/ST/STM32_USB_Host_Library/Core/Src/usbh_ioreq.o
 .debug_macro   0x000000000001828b      0x419 Middlewares/ST/STM32_USB_Host_Library/Core/Src/usbh_pipes.o
 .debug_macro   0x00000000000186a4      0x428 USB_HOST/App/usb_host.o
 .debug_macro   0x0000000000018acc       0x46 USB_HOST/App/usb_host.o
 .debug_macro   0x0000000000018b12      0x32a USB_HOST/App/usb_host.o
 .debug_macro   0x0000000000018e3c      0x1a4 USB_HOST/App/usb_host.o
 .debug_macro   0x0000000000018fe0      0x162 USB_HOST/App/usb_host.o
 .debug_macro   0x0000000000019142      0x429 USB_HOST/Target/usbh_conf.o
 .debug_macro   0x000000000001956b      0x219 USB_HOST/Target/usbh_platform.o

.debug_line     0x0000000000000000    0x16499
 .debug_line    0x0000000000000000      0x904 Core/Src/gpio.o
 .debug_line    0x0000000000000904      0x913 Core/Src/i2c.o
 .debug_line    0x0000000000001217      0x958 Core/Src/i2s.o
 .debug_line    0x0000000000001b6f      0x987 Core/Src/main.o
 .debug_line    0x00000000000024f6      0x915 Core/Src/spi.o
 .debug_line    0x0000000000002e0b      0x8e2 Core/Src/stm32f4xx_hal_msp.o
 .debug_line    0x00000000000036ed      0x99b Core/Src/stm32f4xx_it.o
 .debug_line    0x0000000000004088      0x773 Core/Src/sysmem.o
 .debug_line    0x00000000000047fb      0x8fc Core/Src/system_stm32f4xx.o
 .debug_line    0x00000000000050f7       0x85 Core/Startup/startup_stm32f411vetx.o
 .debug_line    0x000000000000517c      0xae6 Drivers/STM32F4xx_HAL_Driver/Src/stm32f4xx_hal.o
 .debug_line    0x0000000000005c62      0xc0a Drivers/STM32F4xx_HAL_Driver/Src/stm32f4xx_hal_cortex.o
 .debug_line    0x000000000000686c      0xa89 Drivers/STM32F4xx_HAL_Driver/Src/stm32f4xx_hal_gpio.o
 .debug_line    0x00000000000072f5      0xd81 Drivers/STM32F4xx_HAL_Driver/Src/stm32f4xx_hal_hcd.o
 .debug_line    0x0000000000008076     0x1d94 Drivers/STM32F4xx_HAL_Driver/Src/stm32f4xx_hal_i2c.o
 .debug_line    0x0000000000009e0a      0xf82 Drivers/STM32F4xx_HAL_Driver/Src/stm32f4xx_hal_i2s.o
 .debug_line    0x000000000000ad8c     0x10b0 Drivers/STM32F4xx_HAL_Driver/Src/stm32f4xx_hal_i2s_ex.o
 .debug_line    0x000000000000be3c      0xb3e Drivers/STM32F4xx_HAL_Driver/Src/stm32f4xx_hal_rcc.o
 .debug_line    0x000000000000c97a      0xa23 Drivers/STM32F4xx_HAL_Driver/Src/stm32f4xx_hal_rcc_ex.o
 .debug_line    0x000000000000d39d     0x12a2 Drivers/STM32F4xx_HAL_Driver/Src/stm32f4xx_hal_spi.o
 .debug_line    0x000000000000e63f     0x1011 Drivers/STM32F4xx_HAL_Driver/Src/stm32f4xx_ll_usb.o
 .debug_line    0x000000000000f650      0xf44 Middlewares/ST/STM32_USB_Host_Library/Class/CDC/Src/usbh_cdc.o
 .debug_line    0x0000000000010594     0x106f Middlewares/ST/STM32_USB_Host_Library/Core/Src/usbh_core.o
 .debug_line    0x0000000000011603      0xf56 Middlewares/ST/STM32_USB_Host_Library/Core/Src/usbh_ctlreq.o
 .debug_line    0x0000000000012559      0xd5c Middlewares/ST/STM32_USB_Host_Library/Core/Src/usbh_ioreq.o
 .debug_line    0x00000000000132b5      0xd14 Middlewares/ST/STM32_USB_Host_Library/Core/Src/usbh_pipes.o
 .debug_line    0x0000000000013fc9      0xd15 USB_HOST/App/usb_host.o
 .debug_line    0x0000000000014cde      0xeae USB_HOST/Target/usbh_conf.o
 .debug_line    0x0000000000015b8c      0x90d USB_HOST/Target/usbh_platform.o

.debug_str      0x0000000000000000    0x8e1b2
 .debug_str     0x0000000000000000    0x82cb3 Core/Src/gpio.o
                                      0x82f62 (size before relaxing)
 .debug_str     0x0000000000082cb3      0x4f9 Core/Src/i2c.o
                                      0x83467 (size before relaxing)
 .debug_str     0x00000000000831ac      0x202 Core/Src/i2s.o
                                      0x833c2 (size before relaxing)
 .debug_str     0x00000000000833ae      0x352 Core/Src/main.o
                                      0x8395c (size before relaxing)
 .debug_str     0x0000000000083700       0x4b Core/Src/spi.o
                                      0x833bf (size before relaxing)
 .debug_str     0x000000000008374b       0x2c Core/Src/stm32f4xx_hal_msp.o
                                      0x82ec5 (size before relaxing)
 .debug_str     0x0000000000083777      0x43d Core/Src/stm32f4xx_it.o
                                      0x83269 (size before relaxing)
 .debug_str     0x0000000000083bb4     0x1fc8 Core/Src/sysmem.o
                                       0x5f4e (size before relaxing)
 .debug_str     0x0000000000085b7c       0xc4 Core/Src/system_stm32f4xx.o
                                      0x828b0 (size before relaxing)
 .debug_str     0x0000000000085c40       0x36 Core/Startup/startup_stm32f411vetx.o
                                         0x5b (size before relaxing)
 .debug_str     0x0000000000085c76      0x919 Drivers/STM32F4xx_HAL_Driver/Src/stm32f4xx_hal.o
                                      0x83225 (size before relaxing)
 .debug_str     0x000000000008658f      0x392 Drivers/STM32F4xx_HAL_Driver/Src/stm32f4xx_hal_cortex.o
                                      0x83002 (size before relaxing)
 .debug_str     0x0000000000086921      0x20c Drivers/STM32F4xx_HAL_Driver/Src/stm32f4xx_hal_gpio.o
                                      0x82aef (size before relaxing)
 .debug_str     0x0000000000086b2d      0x3da Drivers/STM32F4xx_HAL_Driver/Src/stm32f4xx_hal_hcd.o
                                      0x82f10 (size before relaxing)
 .debug_str     0x0000000000086f07      0xaab Drivers/STM32F4xx_HAL_Driver/Src/stm32f4xx_hal_i2c.o
                                      0x83810 (size before relaxing)
 .debug_str     0x00000000000879b2      0x281 Drivers/STM32F4xx_HAL_Driver/Src/stm32f4xx_hal_i2s.o
                                      0x82e52 (size before relaxing)
 .debug_str     0x0000000000087c33      0x1f1 Drivers/STM32F4xx_HAL_Driver/Src/stm32f4xx_hal_i2s_ex.o
                                      0x82d90 (size before relaxing)
 .debug_str     0x0000000000087e24      0x24e Drivers/STM32F4xx_HAL_Driver/Src/stm32f4xx_hal_rcc.o
                                      0x82c9d (size before relaxing)
 .debug_str     0x0000000000088072      0x12b Drivers/STM32F4xx_HAL_Driver/Src/stm32f4xx_hal_rcc_ex.o
                                      0x82a1b (size before relaxing)
 .debug_str     0x000000000008819d      0x525 Drivers/STM32F4xx_HAL_Driver/Src/stm32f4xx_hal_spi.o
                                      0x8310c (size before relaxing)
 .debug_str     0x00000000000886c2      0x626 Drivers/STM32F4xx_HAL_Driver/Src/stm32f4xx_ll_usb.o
                                      0x83172 (size before relaxing)
 .debug_str     0x0000000000088ce8     0x4c2d Middlewares/ST/STM32_USB_Host_Library/Class/CDC/Src/usbh_cdc.o
                                      0x89614 (size before relaxing)
 .debug_str     0x000000000008d915      0x266 Middlewares/ST/STM32_USB_Host_Library/Core/Src/usbh_core.o
                                      0x88b1a (size before relaxing)
 .debug_str     0x000000000008db7b      0x222 Middlewares/ST/STM32_USB_Host_Library/Core/Src/usbh_ctlreq.o
                                      0x88b3e (size before relaxing)
 .debug_str     0x000000000008dd9d       0xfe Middlewares/ST/STM32_USB_Host_Library/Core/Src/usbh_ioreq.o
                                      0x889b9 (size before relaxing)
 .debug_str     0x000000000008de9b       0x97 Middlewares/ST/STM32_USB_Host_Library/Core/Src/usbh_pipes.o
                                      0x8893e (size before relaxing)
 .debug_str     0x000000000008df32       0xc7 USB_HOST/App/usb_host.o
                                      0x8902b (size before relaxing)
 .debug_str     0x000000000008dff9      0x186 USB_HOST/Target/usbh_conf.o
                                      0x89529 (size before relaxing)
 .debug_str     0x000000000008e17f       0x33 USB_HOST/Target/usbh_platform.o
                                      0x827b2 (size before relaxing)

.comment        0x0000000000000000       0x7b
 .comment       0x0000000000000000       0x7b Core/Src/gpio.o
                                         0x7c (size before relaxing)
 .comment       0x000000000000007b       0x7c Core/Src/i2c.o
 .comment       0x000000000000007b       0x7c Core/Src/i2s.o
 .comment       0x000000000000007b       0x7c Core/Src/main.o
 .comment       0x000000000000007b       0x7c Core/Src/spi.o
 .comment       0x000000000000007b       0x7c Core/Src/stm32f4xx_hal_msp.o