Archive member included to satisfy reference by file (symbol)

d:/stm32/programs/stm32_cube_ide/stm32cubeide_1.5.0/stm32cubeide/plugins/com.st.stm32cube.ide.mcu.externaltools.gnu-tools-for-stm32.7-2018-q2-update.win32_1.5.0.202011040924/tools/bin/../lib/gcc/arm-none-eabi/7.3.1/../../../../arm-none-eabi/lib/thumb/v7e-m/fpv4-sp/hard\libc_nano.a(lib_a-errno.o)
                              Core/Src/syscalls.o (__errno)
d:/stm32/programs/stm32_cube_ide/stm32cubeide_1.5.0/stm32cubeide/plugins/com.st.stm32cube.ide.mcu.externaltools.gnu-tools-for-stm32.7-2018-q2-update.win32_1.5.0.202011040924/tools/bin/../lib/gcc/arm-none-eabi/7.3.1/../../../../arm-none-eabi/lib/thumb/v7e-m/fpv4-sp/hard\libc_nano.a(lib_a-exit.o)
                              d:/stm32/programs/stm32_cube_ide/stm32cubeide_1.5.0/stm32cubeide/plugins/com.st.stm32cube.ide.mcu.externaltools.gnu-tools-for-stm32.7-2018-q2-update.win32_1.5.0.202011040924/tools/bin/../lib/gcc/arm-none-eabi/7.3.1/../../../../arm-none-eabi/lib/thumb/v7e-m/fpv4-sp/hard/crt0.o (exit)
d:/stm32/programs/stm32_cube_ide/stm32cubeide_1.5.0/stm32cubeide/plugins/com.st.stm32cube.ide.mcu.externaltools.gnu-tools-for-stm32.7-2018-q2-update.win32_1.5.0.202011040924/tools/bin/../lib/gcc/arm-none-eabi/7.3.1/../../../../arm-none-eabi/lib/thumb/v7e-m/fpv4-sp/hard\libc_nano.a(lib_a-impure.o)
                              d:/stm32/programs/stm32_cube_ide/stm32cubeide_1.5.0/stm32cubeide/plugins/com.st.stm32cube.ide.mcu.externaltools.gnu-tools-for-stm32.7-2018-q2-update.win32_1.5.0.202011040924/tools/bin/../lib/gcc/arm-none-eabi/7.3.1/../../../../arm-none-eabi/lib/thumb/v7e-m/fpv4-sp/hard\libc_nano.a(lib_a-exit.o) (_global_impure_ptr)
d:/stm32/programs/stm32_cube_ide/stm32cubeide_1.5.0/stm32cubeide/plugins/com.st.stm32cube.ide.mcu.externaltools.gnu-tools-for-stm32.7-2018-q2-update.win32_1.5.0.202011040924/tools/bin/../lib/gcc/arm-none-eabi/7.3.1/../../../../arm-none-eabi/lib/thumb/v7e-m/fpv4-sp/hard\libc_nano.a(lib_a-init.o)
                              d:/stm32/programs/stm32_cube_ide/stm32cubeide_1.5.0/stm32cubeide/plugins/com.st.stm32cube.ide.mcu.externaltools.gnu-tools-for-stm32.7-2018-q2-update.win32_1.5.0.202011040924/tools/bin/../lib/gcc/arm-none-eabi/7.3.1/../../../../arm-none-eabi/lib/thumb/v7e-m/fpv4-sp/hard/crt0.o (__libc_init_array)
d:/stm32/programs/stm32_cube_ide/stm32cubeide_1.5.0/stm32cubeide/plugins/com.st.stm32cube.ide.mcu.externaltools.gnu-tools-for-stm32.7-2018-q2-update.win32_1.5.0.202011040924/tools/bin/../lib/gcc/arm-none-eabi/7.3.1/../../../../arm-none-eabi/lib/thumb/v7e-m/fpv4-sp/hard\libc_nano.a(lib_a-malloc.o)
                              Middlewares/ST/STM32_USB_Host_Library/Class/CDC/Src/usbh_cdc.o (malloc)
d:/stm32/programs/stm32_cube_ide/stm32cubeide_1.5.0/stm32cubeide/plugins/com.st.stm32cube.ide.mcu.externaltools.gnu-tools-for-stm32.7-2018-q2-update.win32_1.5.0.202011040924/tools/bin/../lib/gcc/arm-none-eabi/7.3.1/../../../../arm-none-eabi/lib/thumb/v7e-m/fpv4-sp/hard\libc_nano.a(lib_a-memset.o)
                              d:/stm32/programs/stm32_cube_ide/stm32cubeide_1.5.0/stm32cubeide/plugins/com.st.stm32cube.ide.mcu.externaltools.gnu-tools-for-stm32.7-2018-q2-update.win32_1.5.0.202011040924/tools/bin/../lib/gcc/arm-none-eabi/7.3.1/../../../../arm-none-eabi/lib/thumb/v7e-m/fpv4-sp/hard/crt0.o (memset)
d:/stm32/programs/stm32_cube_ide/stm32cubeide_1.5.0/stm32cubeide/plugins/com.st.stm32cube.ide.mcu.externaltools.gnu-tools-for-stm32.7-2018-q2-update.win32_1.5.0.202011040924/tools/bin/../lib/gcc/arm-none-eabi/7.3.1/../../../../arm-none-eabi/lib/thumb/v7e-m/fpv4-sp/hard\libc_nano.a(lib_a-nano-freer.o)
                              d:/stm32/programs/stm32_cube_ide/stm32cubeide_1.5.0/stm32cubeide/plugins/com.st.stm32cube.ide.mcu.externaltools.gnu-tools-for-stm32.7-2018-q2-update.win32_1.5.0.202011040924/tools/bin/../lib/gcc/arm-none-eabi/7.3.1/../../../../arm-none-eabi/lib/thumb/v7e-m/fpv4-sp/hard\libc_nano.a(lib_a-malloc.o) (_free_r)
d:/stm32/programs/stm32_cube_ide/stm32cubeide_1.5.0/stm32cubeide/plugins/com.st.stm32cube.ide.mcu.externaltools.gnu-tools-for-stm32.7-2018-q2-update.win32_1.5.0.202011040924/tools/bin/../lib/gcc/arm-none-eabi/7.3.1/../../../../arm-none-eabi/lib/thumb/v7e-m/fpv4-sp/hard\libc_nano.a(lib_a-nano-mallocr.o)
                              d:/stm32/programs/stm32_cube_ide/stm32cubeide_1.5.0/stm32cubeide/plugins/com.st.stm32cube.ide.mcu.externaltools.gnu-tools-for-stm32.7-2018-q2-update.win32_1.5.0.202011040924/tools/bin/../lib/gcc/arm-none-eabi/7.3.1/../../../../arm-none-eabi/lib/thumb/v7e-m/fpv4-sp/hard\libc_nano.a(lib_a-malloc.o) (_malloc_r)
d:/stm32/programs/stm32_cube_ide/stm32cubeide_1.5.0/stm32cubeide/plugins/com.st.stm32cube.ide.mcu.externaltools.gnu-tools-for-stm32.7-2018-q2-update.win32_1.5.0.202011040924/tools/bin/../lib/gcc/arm-none-eabi/7.3.1/../../../../arm-none-eabi/lib/thumb/v7e-m/fpv4-sp/hard\libc_nano.a(lib_a-sbrkr.o)
[...]
Memory Configuration

Name             Origin             Length             Attributes
RAM              0x0000000020000000 0x0000000000020000 xrw
FLASH            0x0000000008000000 0x0000000000080000 xr
*default*        0x0000000000000000 0xffffffffffffffff

Linker script and memory map

LOAD d:/stm32/programs/stm32_cube_ide/stm32cubeide_1.5.0/stm32cubeide/plugins/com.st.stm32cube.ide.mcu.externaltools.gnu-tools-for-stm32.7-2018-q2-update.win32_1.5.0.202011040924/tools/bin/../lib/gcc/arm-none-eabi/7.3.1/thumb/v7e-m/fpv4-sp/hard/crti.o
LOAD d:/stm32/programs/stm32_cube_ide/stm32cubeide_1.5.0/stm32cubeide/plugins/com.st.stm32cube.ide.mcu.externaltools.gnu-tools-for-stm32.7-2018-q2-update.win32_1.5.0.202011040924/tools/bin/../lib/gcc/arm-none-eabi/7.3.1/thumb/v7e-m/fpv4-sp/hard/crtbegin.o
LOAD d:/stm32/programs/stm32_cube_ide/stm32cubeide_1.5.0/stm32cubeide/plugins/com.st.stm32cube.ide.mcu.externaltools.gnu-tools-for-stm32.7-2018-q2-update.win32_1.5.0.202011040924/tools/bin/../lib/gcc/arm-none-eabi/7.3.1/../../../../arm-none-eabi/lib/thumb/v7e-m/fpv4-sp/hard/crt0.o
LOAD Core/Src/button.o
LOAD Core/Src/gpio.o
LOAD Core/Src/i2c.o
LOAD Core/Src/i2s.o
LOAD Core/Src/main.o
LOAD Core/Src/spi.o
LOAD Core/Src/stm32f4xx_hal_msp.o
LOAD Core/Src/stm32f4xx_it.o
LOAD Core/Src/syscalls.o
LOAD Core/Src/sysmem.o
LOAD Core/Src/system_stm32f4xx.o
LOAD Core/Startup/startup_stm32f411vetx.o
LOAD Drivers/STM32F4xx_HAL_Driver/Src/stm32f4xx_hal.o
LOAD Drivers/STM32F4xx_HAL_Driver/Src/stm32f4xx_hal_cortex.o
LOAD Drivers/STM32F4xx_HAL_Driver/Src/stm32f4xx_hal_dma.o
LOAD Drivers/STM32F4xx_HAL_Driver/Src/stm32f4xx_hal_dma_ex.o
LOAD Drivers/STM32F4xx_HAL_Driver/Src/stm32f4xx_hal_exti.o
LOAD Drivers/STM32F4xx_HAL_Driver/Src/stm32f4xx_hal_flash.o
LOAD Drivers/STM32F4xx_HAL_Driver/Src/stm32f4xx_hal_flash_ex.o
LOAD Drivers/STM32F4xx_HAL_Driver/Src/stm32f4xx_hal_flash_ramfunc.o
LOAD Drivers/STM32F4xx_HAL_Driver/Src/stm32f4xx_hal_gpio.o
LOAD Drivers/STM32F4xx_HAL_Driver/Src/stm32f4xx_hal_hcd.o
LOAD Drivers/STM32F4xx_HAL_Driver/Src/stm32f4xx_hal_i2c.o
LOAD Drivers/STM32F4xx_HAL_Driver/Src/stm32f4xx_hal_i2c_ex.o
LOAD Drivers/STM32F4xx_HAL_Driver/Src/stm32f4xx_hal_i2s.o
LOAD Drivers/STM32F4xx_HAL_Driver/Src/stm32f4xx_hal_i2s_ex.o
LOAD Drivers/STM32F4xx_HAL_Driver/Src/stm32f4xx_hal_pwr.o
LOAD Drivers/STM32F4xx_HAL_Driver/Src/stm32f4xx_hal_pwr_ex.o
LOAD Drivers/STM32F4xx_HAL_Driver/Src/stm32f4xx_hal_rcc.o
LOAD Drivers/STM32F4xx_HAL_Driver/Src/stm32f4xx_hal_rcc_ex.o
LOAD Drivers/STM32F4xx_HAL_Driver/Src/stm32f4xx_hal_spi.o
LOAD Drivers/STM32F4xx_HAL_Driver/Src/stm32f4xx_hal_tim.o
LOAD Drivers/STM32F4xx_HAL_Driver/Src/stm32f4xx_hal_tim_ex.o
LOAD Drivers/STM32F4xx_HAL_Driver/Src/stm32f4xx_ll_usb.o
LOAD Middlewares/ST/STM32_USB_Host_Library/Class/CDC/Src/usbh_cdc.o
LOAD Middlewares/ST/STM32_USB_Host_Library/Core/Src/usbh_core.o
LOAD Middlewares/ST/STM32_USB_Host_Library/Core/Src/usbh_ctlreq.o
LOAD Middlewares/ST/STM32_USB_Host_Library/Core/Src/usbh_ioreq.o
LOAD Middlewares/ST/STM32_USB_Host_Library/Core/Src/usbh_pipes.o
LOAD USB_HOST/App/usb_host.o
LOAD USB_HOST/Target/usbh_conf.o
LOAD USB_HOST/Target/usbh_platform.o
START GROUP
LOAD d:/stm32/programs/stm32_cube_ide/stm32cubeide_1.5.0/stm32cubeide/plugins/com.st.stm32cube.ide.mcu.externaltools.gnu-tools-for-stm32.7-2018-q2-update.win32_1.5.0.202011040924/tools/bin/../lib/gcc/arm-none-eabi/7.3.1/../../../../arm-none-eabi/lib/thumb/v7e-m/fpv4-sp/hard\libc_nano.a
LOAD d:/stm32/programs/stm32_cube_ide/stm32cubeide_1.5.0/stm32cubeide/plugins/com.st.stm32cube.ide.mcu.externaltools.gnu-tools-for-stm32.7-2018-q2-update.win32_1.5.0.202011040924/tools/bin/../lib/gcc/arm-none-eabi/7.3.1/../../../../arm-none-eabi/lib/thumb/v7e-m/fpv4-sp/hard\libm.a
END GROUP
START GROUP
LOAD d:/stm32/programs/stm32_cube_ide/stm32cubeide_1.5.0/stm32cubeide/plugins/com.st.stm32cube.ide.mcu.externaltools.gnu-tools-for-stm32.7-2018-q2-update.win32_1.5.0.202011040924/tools/bin/../lib/gcc/arm-none-eabi/7.3.1/thumb/v7e-m/fpv4-sp/hard\libgcc.a
LOAD d:/stm32/programs/stm32_cube_ide/stm32cubeide_1.5.0/stm32cubeide/plugins/com.st.stm32cube.ide.mcu.externaltools.gnu-tools-for-stm32.7-2018-q2-update.win32_1.5.0.202011040924/tools/bin/../lib/gcc/arm-none-eabi/7.3.1/../../../../arm-none-eabi/lib/thumb/v7e-m/fpv4-sp/hard\libc_nano.a
END GROUP
START GROUP
LOAD d:/stm32/programs/stm32_cube_ide/stm32cubeide_1.5.0/stm32cubeide/plugins/com.st.stm32cube.ide.mcu.externaltools.gnu-tools-for-stm32.7-2018-q2-update.win32_1.5.0.202011040924/tools/bin/../lib/gcc/arm-none-eabi/7.3.1/thumb/v7e-m/fpv4-sp/hard\libgcc.a
LOAD d:/stm32/programs/stm32_cube_ide/stm32cubeide_1.5.0/stm32cubeide/plugins/com.st.stm32cube.ide.mcu.externaltools.gnu-tools-for-stm32.7-2018-q2-update.win32_1.5.0.202011040924/tools/bin/../lib/gcc/arm-none-eabi/7.3.1/../../../../arm-none-eabi/lib/thumb/v7e-m/fpv4-sp/hard\libc_nano.a
LOAD d:/stm32/programs/stm32_cube_ide/stm32cubeide_1.5.0/stm32cubeide/plugins/com.st.stm32cube.ide.mcu.externaltools.gnu-tools-for-stm32.7-2018-q2-update.win32_1.5.0.202011040924/tools/bin/../lib/gcc/arm-none-eabi/7.3.1/../../../../arm-none-eabi/lib/thumb/v7e-m/fpv4-sp/hard\libnosys.a
END GROUP
START GROUP
LOAD d:/stm32/programs/stm32_cube_ide/stm32cubeide_1.5.0/stm32cubeide/plugins/com.st.stm32cube.ide.mcu.externaltools.gnu-tools-for-stm32.7-2018-q2-update.win32_1.5.0.202011040924/tools/bin/../lib/gcc/arm-none-eabi/7.3.1/thumb/v7e-m/fpv4-sp/hard\libgcc.a
LOAD d:/stm32/programs/stm32_cube_ide/stm32cubeide_1.5.0/stm32cubeide/plugins/com.st.stm32cube.ide.mcu.externaltools.gnu-tools-for-stm32.7-2018-q2-update.win32_1.5.0.202011040924/tools/bin/../lib/gcc/arm-none-eabi/7.3.1/../../../../arm-none-eabi/lib/thumb/v7e-m/fpv4-sp/hard\libc_nano.a
LOAD d:/stm32/programs/stm32_cube_ide/stm32cubeide_1.5.0/stm32cubeide/plugins/com.st.stm32cube.ide.mcu.externaltools.gnu-tools-for-stm32.7-2018-q2-update.win32_1.5.0.202011040924/tools/bin/../lib/gcc/arm-none-eabi/7.3.1/../../../../arm-none-eabi/lib/thumb/v7e-m/fpv4-sp/hard\libnosys.a
END GROUP
LOAD d:/stm32/programs/stm32_cube_ide/stm32cubeide_1.5.0/stm32cubeide/plugins/com.st.stm32cube.ide.mcu.externaltools.gnu-tools-for-stm32.7-2018-q2-update.win32_1.5.0.202011040924/tools/bin/../lib/gcc/arm-none-eabi/7.3.1/thumb/v7e-m/fpv4-sp/hard/crtend.o
LOAD d:/stm32/programs/stm32_cube_ide/stm32cubeide_1.5.0/stm32cubeide/plugins/com.st.stm32cube.ide.mcu.externaltools.gnu-tools-for-stm32.7-2018-q2-update.win32_1.5.0.202011040924/tools/bin/../lib/gcc/arm-none-eabi/7.3.1/thumb/v7e-m/fpv4-sp/hard/crtn.o
                0x0000000020020000                _estack = (ORIGIN (RAM) + LENGTH (RAM))
                0x0000000000000200                _Min_Heap_Size = 0x200
                0x0000000000000400                _Min_Stack_Size = 0x400

.isr_vector     0x0000000008000000      0x198
                0x0000000008000000                . = ALIGN (0x4)
 *(.isr_vector)
 .isr_vector    0x0000000008000000      0x198 Core/Startup/startup_stm32f411vetx.o
                0x0000000008000000                g_pfnVectors
                0x0000000008000198                . = ALIGN (0x4)

.text           0x0000000008000198     0x7c80
                0x0000000008000198                . = ALIGN (0x4)
 *(.text)
 .text          0x0000000008000198       0x40 d:/stm32/programs/stm32_cube_ide/stm32cubeide_1.5.0/stm32cubeide/plugins/com.st.stm32cube.ide.mcu.externaltools.gnu-tools-for-stm32.7-2018-q2-update.win32_1.5.0.202011040924/tools/bin/../lib/gcc/arm-none-eabi/7.3.1/thumb/v7e-m/fpv4-sp/hard/crtbegin.o
 .text          0x00000000080001d8       0x30 d:/stm32/programs/stm32_cube_ide/stm32cubeide_1.5.0/stm32cubeide/plugins/com.st.stm32cube.ide.mcu.externaltools.gnu-tools-for-stm32.7-2018-q2-update.win32_1.5.0.202011040924/tools/bin/../lib/gcc/arm-none-eabi/7.3.1/thumb/v7e-m/fpv4-sp/hard\libgcc.a(_aeabi_uldivmod.o)
                0x00000000080001d8                __aeabi_uldivmod
 .text          0x0000000008000208      0x2cc d:/stm32/programs/stm32_cube_ide/stm32cubeide_1.5.0/stm32cubeide/plugins/com.st.stm32cube.ide.mcu.externaltools.gnu-tools-for-stm32.7-2018-q2-update.win32_1.5.0.202011040924/tools/bin/../lib/gcc/arm-none-eabi/7.3.1/thumb/v7e-m/fpv4-sp/hard\libgcc.a(_udivmoddi4.o)
                0x0000000008000208                __udivmoddi4
 .text          0x00000000080004d4        0x4 d:/stm32/programs/stm32_cube_ide/stm32cubeide_1.5.0/stm32cubeide/plugins/com.st.stm32cube.ide.mcu.externaltools.gnu-tools-for-stm32.7-2018-q2-update.win32_1.5.0.202011040924/tools/bin/../lib/gcc/arm-none-eabi/7.3.1/thumb/v7e-m/fpv4-sp/hard\libgcc.a(_dvmd_tls.o)
                0x00000000080004d4                __aeabi_idiv0
                0x00000000080004d4                __aeabi_ldiv0
 *(.text*)
 .text.ButtonInitKey
                0x00000000080004d8       0x4c Core/Src/button.o
                0x00000000080004d8                ButtonInitKey
 .text.ButtonRegisterPressCallback
                0x0000000008000524       0x1c Core/Src/button.o
                0x0000000008000524                ButtonRegisterPressCallback
 .text.ButtonRegisterLongPressCallback
                0x0000000008000540       0x1c Core/Src/button.o
                0x0000000008000540                ButtonRegisterLongPressCallback
 .text.ButtonRegisterRepeatPressCallback
                0x000000000800055c       0x1c Core/Src/button.o
                0x000000000800055c                ButtonRegisterRepeatPressCallback
 .text.ButtonIdleRoutine
                0x0000000008000578       0x62 Core/Src/button.o
                0x0000000008000578                ButtonIdleRoutine
 .text.ButtonDebounceRoutine
                0x00000000080005da       0x70 Core/Src/button.o
                0x00000000080005da                ButtonDebounceRoutine
 .text.ButtonPressedRoutine
                0x000000000800064a       0x70 Core/Src/button.o
                0x000000000800064a                ButtonPressedRoutine
 .text.ButtonRepeatRoutine
                0x00000000080006ba       0x62 Core/Src/button.o
                0x00000000080006ba                ButtonRepeatRoutine
 .text.ButtonTask
                0x000000000800071c       0x54 Core/Src/button.o
                0x000000000800071c                ButtonTask
 .text.MX_GPIO_Init
                0x0000000008000770      0x1b4 Core/Src/gpio.o
                0x0000000008000770                MX_GPIO_Init
 .text.MX_I2C1_Init
                0x0000000008000924       0x5c Core/Src/i2c.o
                0x0000000008000924                MX_I2C1_Init
 .text.HAL_I2C_MspInit
                0x0000000008000980       0x90 Core/Src/i2c.o
                0x0000000008000980                HAL_I2C_MspInit
 .text.MX_I2S2_Init
                0x0000000008000a10       0x5c Core/Src/i2s.o
                0x0000000008000a10                MX_I2S2_Init
 .text.MX_I2S3_Init
                0x0000000008000a6c       0x60 Core/Src/i2s.o
                0x0000000008000a6c                MX_I2S3_Init
 .text.HAL_I2S_MspInit
                0x0000000008000acc      0x19c Core/Src/i2s.o
                0x0000000008000acc                HAL_I2S_MspInit
 .text.main     0x0000000008000c68       0x7c Core/Src/main.o
                0x0000000008000c68                main
 .text.SystemClock_Config
                0x0000000008000ce4      0x108 Core/Src/main.o
                0x0000000008000ce4                SystemClock_Config
 .text.TurnOnLed
                0x0000000008000dec       0x18 Core/Src/main.o
                0x0000000008000dec                TurnOnLed
 .text.TurnOffLed
                0x0000000008000e04       0x18 Core/Src/main.o
                0x0000000008000e04                TurnOffLed
 .text.ToggleLed
                0x0000000008000e1c       0x2c Core/Src/main.o
                0x0000000008000e1c                ToggleLed
 .text.Error_Handler
                0x0000000008000e48        0x8 Core/Src/main.o
                0x0000000008000e48                Error_Handler
 .text.MX_SPI1_Init
                0x0000000008000e50       0x6c Core/Src/spi.o
                0x0000000008000e50                MX_SPI1_Init
 .text.HAL_SPI_MspInit
                0x0000000008000ebc       0x90 Core/Src/spi.o
                0x0000000008000ebc                HAL_SPI_MspInit
 .text.HAL_MspInit
                0x0000000008000f4c       0x50 Core/Src/stm32f4xx_hal_msp.o
                0x0000000008000f4c                HAL_MspInit
 .text.NMI_Handler
                0x0000000008000f9c        0x6 Core/Src/stm32f4xx_it.o
                0x0000000008000f9c                NMI_Handler
 .text.HardFault_Handler
                0x0000000008000fa2        0x6 Core/Src/stm32f4xx_it.o
                0x0000000008000fa2                HardFault_Handler
 .text.MemManage_Handler
                0x0000000008000fa8        0x6 Core/Src/stm32f4xx_it.o
                0x0000000008000fa8                MemManage_Handler
 .text.BusFault_Handler
                0x0000000008000fae        0x6 Core/Src/stm32f4xx_it.o
                0x0000000008000fae                BusFault_Handler
 .text.UsageFault_Handler
                0x0000000008000fb4        0x6 Core/Src/stm32f4xx_it.o
                0x0000000008000fb4                UsageFault_Handler
 .text.SVC_Handler
                0x0000000008000fba        0xe Core/Src/stm32f4xx_it.o
                0x0000000008000fba                SVC_Handler
 .text.DebugMon_Handler
                0x0000000008000fc8        0xe Core/Src/stm32f4xx_it.o
                0x0000000008000fc8                DebugMon_Handler
 .text.PendSV_Handler
                0x0000000008000fd6        0xe Core/Src/stm32f4xx_it.o
                0x0000000008000fd6                PendSV_Handler
 .text.SysTick_Handler
                0x0000000008000fe4        0xc Core/Src/stm32f4xx_it.o
                0x0000000008000fe4                SysTick_Handler
 .text.OTG_FS_IRQHandler
                0x0000000008000ff0       0x14 Core/Src/stm32f4xx_it.o
                0x0000000008000ff0                OTG_FS_IRQHandler
 .text._sbrk    0x0000000008001004       0x6c Core/Src/sysmem.o
                0x0000000008001004                _sbrk
 .text.SystemInit
                0x0000000008001070       0x2c Core/Src/system_stm32f4xx.o
                0x0000000008001070                SystemInit
 .text.Reset_Handler
                0x000000000800109c       0x50 Core/Startup/startup_stm32f411vetx.o
                0x000000000800109c                Reset_Handler
 .text.Default_Handler
                0x00000000080010ec        0x2 Core/Startup/startup_stm32f411vetx.o
                0x00000000080010ec                RTC_Alarm_IRQHandler
                0x00000000080010ec                EXTI2_IRQHandler
                0x00000000080010ec                SPI4_IRQHandler
                0x00000000080010ec                TIM1_CC_IRQHandler
                0x00000000080010ec                DMA2_Stream5_IRQHandler
                0x00000000080010ec                DMA1_Stream5_IRQHandler
                0x00000000080010ec                PVD_IRQHandler
                0x00000000080010ec                SDIO_IRQHandler
                0x00000000080010ec                TAMP_STAMP_IRQHandler
                0x00000000080010ec                EXTI3_IRQHandler
                0x00000000080010ec                TIM1_UP_TIM10_IRQHandler
                0x00000000080010ec                I2C3_ER_IRQHandler
                0x00000000080010ec                EXTI0_IRQHandler
                0x00000000080010ec                I2C2_EV_IRQHandler
                0x00000000080010ec                DMA1_Stream2_IRQHandler
                0x00000000080010ec                FPU_IRQHandler
                0x00000000080010ec                DMA2_Stream2_IRQHandler
                0x00000000080010ec                SPI1_IRQHandler
                0x00000000080010ec                TIM1_BRK_TIM9_IRQHandler
                0x00000000080010ec                DMA2_Stream3_IRQHandler
                0x00000000080010ec                USART6_IRQHandler
                0x00000000080010ec                DMA2_Stream0_IRQHandler
                0x00000000080010ec                TIM4_IRQHandler
                0x00000000080010ec                I2C1_EV_IRQHandler
                0x00000000080010ec                DMA1_Stream6_IRQHandler
                0x00000000080010ec                DMA1_Stream1_IRQHandler
                0x00000000080010ec                TIM3_IRQHandler
                0x00000000080010ec                RCC_IRQHandler
                0x00000000080010ec                Default_Handler
                0x00000000080010ec                EXTI15_10_IRQHandler
                0x00000000080010ec                ADC_IRQHandler
                0x00000000080010ec                DMA1_Stream7_IRQHandler
                0x00000000080010ec                SPI5_IRQHandler
                0x00000000080010ec                TIM5_IRQHandler
                0x00000000080010ec                DMA2_Stream7_IRQHandler
                0x00000000080010ec                I2C3_EV_IRQHandler
                0x00000000080010ec                EXTI9_5_IRQHandler
                0x00000000080010ec                RTC_WKUP_IRQHandler
                0x00000000080010ec                SPI2_IRQHandler
                0x00000000080010ec                DMA1_Stream0_IRQHandler
                0x00000000080010ec                EXTI4_IRQHandler
                0x00000000080010ec                WWDG_IRQHandler
                0x00000000080010ec                TIM2_IRQHandler
                0x00000000080010ec                OTG_FS_WKUP_IRQHandler
                0x00000000080010ec                TIM1_TRG_COM_TIM11_IRQHandler
                0x00000000080010ec                EXTI1_IRQHandler
                0x00000000080010ec                USART2_IRQHandler
                0x00000000080010ec                I2C2_ER_IRQHandler
                0x00000000080010ec                DMA2_Stream1_IRQHandler
                0x00000000080010ec                FLASH_IRQHandler
                0x00000000080010ec                DMA2_Stream4_IRQHandler
                0x00000000080010ec                USART1_IRQHandler
                0x00000000080010ec                SPI3_IRQHandler
                0x00000000080010ec                DMA1_Stream4_IRQHandler
                0x00000000080010ec                I2C1_ER_IRQHandler
                0x00000000080010ec                DMA2_Stream6_IRQHandler
                0x00000000080010ec                DMA1_Stream3_IRQHandler
 *fill*         0x00000000080010ee        0x2 
 .text.HAL_Init
                0x00000000080010f0       0x44 Drivers/STM32F4xx_HAL_Driver/Src/stm32f4xx_hal.o
                0x00000000080010f0                HAL_Init
 .text.HAL_InitTick
                0x0000000008001134       0x60 Drivers/STM32F4xx_HAL_Driver/Src/stm32f4xx_hal.o
                0x0000000008001134                HAL_InitTick
 .text.HAL_IncTick
                0x0000000008001194       0x28 Drivers/STM32F4xx_HAL_Driver/Src/stm32f4xx_hal.o
                0x0000000008001194                HAL_IncTick
 .text.HAL_GetTick
                0x00000000080011bc       0x18 Drivers/STM32F4xx_HAL_Driver/Src/stm32f4xx_hal.o
                0x00000000080011bc                HAL_GetTick
 .text.HAL_Delay
                0x00000000080011d4       0x44 Drivers/STM32F4xx_HAL_Driver/Src/stm32f4xx_hal.o
                0x00000000080011d4                HAL_Delay
 .text.__NVIC_SetPriorityGrouping
                0x0000000008001218       0x48 Drivers/STM32F4xx_HAL_Driver/Src/stm32f4xx_hal_cortex.o
 .text.__NVIC_GetPriorityGrouping
                0x0000000008001260       0x1c Drivers/STM32F4xx_HAL_Driver/Src/stm32f4xx_hal_cortex.o
 .text.__NVIC_EnableIRQ
                0x000000000800127c       0x3c Drivers/STM32F4xx_HAL_Driver/Src/stm32f4xx_hal_cortex.o
 .text.__NVIC_SetPriority
                0x00000000080012b8       0x54 Drivers/STM32F4xx_HAL_Driver/Src/stm32f4xx_hal_cortex.o
 .text.NVIC_EncodePriority
                0x000000000800130c       0x66 Drivers/STM32F4xx_HAL_Driver/Src/stm32f4xx_hal_cortex.o
 *fill*         0x0000000008001372        0x2 
 .text.SysTick_Config
                0x0000000008001374       0x44 Drivers/STM32F4xx_HAL_Driver/Src/stm32f4xx_hal_cortex.o
 .text.HAL_NVIC_SetPriorityGrouping
                0x00000000080013b8       0x16 Drivers/STM32F4xx_HAL_Driver/Src/stm32f4xx_hal_cortex.o
                0x00000000080013b8                HAL_NVIC_SetPriorityGrouping
 .text.HAL_NVIC_SetPriority
                0x00000000080013ce       0x38 Drivers/STM32F4xx_HAL_Driver/Src/stm32f4xx_hal_cortex.o
                0x00000000080013ce                HAL_NVIC_SetPriority
 .text.HAL_NVIC_EnableIRQ
                0x0000000008001406       0x1c Drivers/STM32F4xx_HAL_Driver/Src/stm32f4xx_hal_cortex.o
                0x0000000008001406                HAL_NVIC_EnableIRQ
 .text.HAL_SYSTICK_Config
                0x0000000008001422       0x18 Drivers/STM32F4xx_HAL_Driver/Src/stm32f4xx_hal_cortex.o
                0x0000000008001422                HAL_SYSTICK_Config
 *fill*         0x000000000800143a        0x2 
 .text.HAL_GPIO_Init
                0x000000000800143c      0x304 Drivers/STM32F4xx_HAL_Driver/Src/stm32f4xx_hal_gpio.o
                0x000000000800143c                HAL_GPIO_Init
 .text.HAL_GPIO_ReadPin
                0x0000000008001740       0x30 Drivers/STM32F4xx_HAL_Driver/Src/stm32f4xx_hal_gpio.o
                0x0000000008001740                HAL_GPIO_ReadPin
 .text.HAL_GPIO_WritePin
                0x0000000008001770       0x32 Drivers/STM32F4xx_HAL_Driver/Src/stm32f4xx_hal_gpio.o
                0x0000000008001770                HAL_GPIO_WritePin
 .text.HAL_GPIO_TogglePin
                0x00000000080017a2       0x36 Drivers/STM32F4xx_HAL_Driver/Src/stm32f4xx_hal_gpio.o
                0x00000000080017a2                HAL_GPIO_TogglePin
 .text.HAL_HCD_Init
                0x00000000080017d8       0xc4 Drivers/STM32F4xx_HAL_Driver/Src/stm32f4xx_hal_hcd.o
                0x00000000080017d8                HAL_HCD_Init
 .text.HAL_HCD_HC_Init
                0x000000000800189c      0x130 Drivers/STM32F4xx_HAL_Driver/Src/stm32f4xx_hal_hcd.o
                0x000000000800189c                HAL_HCD_HC_Init
 .text.HAL_HCD_HC_Halt
                0x00000000080019cc       0x46 Drivers/STM32F4xx_HAL_Driver/Src/stm32f4xx_hal_hcd.o
                0x00000000080019cc                HAL_HCD_HC_Halt
 *fill*         0x0000000008001a12        0x2 
 .text.HAL_HCD_HC_SubmitRequest
                0x0000000008001a14      0x2e4 Drivers/STM32F4xx_HAL_Driver/Src/stm32f4xx_hal_hcd.o
                0x0000000008001a14                HAL_HCD_HC_SubmitRequest
 .text.HAL_HCD_IRQHandler
                0x0000000008001cf8      0x208 Drivers/STM32F4xx_HAL_Driver/Src/stm32f4xx_hal_hcd.o
                0x0000000008001cf8                HAL_HCD_IRQHandler
 .text.HAL_HCD_Start
                0x0000000008001f00       0x46 Drivers/STM32F4xx_HAL_Driver/Src/stm32f4xx_hal_hcd.o
                0x0000000008001f00                HAL_HCD_Start
 .text.HAL_HCD_Stop
                0x0000000008001f46       0x3a Drivers/STM32F4xx_HAL_Driver/Src/stm32f4xx_hal_hcd.o
                0x0000000008001f46                HAL_HCD_Stop
 .text.HAL_HCD_ResetPort
                0x0000000008001f80       0x1c Drivers/STM32F4xx_HAL_Driver/Src/stm32f4xx_hal_hcd.o
                0x0000000008001f80                HAL_HCD_ResetPort
 .text.HAL_HCD_HC_GetURBState
                0x0000000008001f9c       0x2a Drivers/STM32F4xx_HAL_Driver/Src/stm32f4xx_hal_hcd.o
                0x0000000008001f9c                HAL_HCD_HC_GetURBState
 .text.HAL_HCD_HC_GetXferCount
                0x0000000008001fc6       0x2a Drivers/STM32F4xx_HAL_Driver/Src/stm32f4xx_hal_hcd.o
                0x0000000008001fc6                HAL_HCD_HC_GetXferCount
 .text.HAL_HCD_GetCurrentFrame
                0x0000000008001ff0       0x1c Drivers/STM32F4xx_HAL_Driver/Src/stm32f4xx_hal_hcd.o
                0x0000000008001ff0                HAL_HCD_GetCurrentFrame
 .text.HAL_HCD_GetCurrentSpeed
                0x000000000800200c       0x1c Drivers/STM32F4xx_HAL_Driver/Src/stm32f4xx_hal_hcd.o
                0x000000000800200c                HAL_HCD_GetCurrentSpeed
 .text.HCD_HC_IN_IRQHandler
                0x0000000008002028      0x86a Drivers/STM32F4xx_HAL_Driver/Src/stm32f4xx_hal_hcd.o
 .text.HCD_HC_OUT_IRQHandler
                0x0000000008002892      0x6ea Drivers/STM32F4xx_HAL_Driver/Src/stm32f4xx_hal_hcd.o
 .text.HCD_RXQLVL_IRQHandler
                0x0000000008002f7c      0x158 Drivers/STM32F4xx_HAL_Driver/Src/stm32f4xx_hal_hcd.o
 .text.HCD_Port_IRQHandler
                0x00000000080030d4       0xe6 Drivers/STM32F4xx_HAL_Driver/Src/stm32f4xx_hal_hcd.o
 *fill*         0x00000000080031ba        0x2 
 .text.HAL_I2C_Init
                0x00000000080031bc      0x270 Drivers/STM32F4xx_HAL_Driver/Src/stm32f4xx_hal_i2c.o
                0x00000000080031bc                HAL_I2C_Init
 .text.HAL_I2S_Init
                0x000000000800342c      0x280 Drivers/STM32F4xx_HAL_Driver/Src/stm32f4xx_hal_i2s.o
                0x000000000800342c                HAL_I2S_Init
 .text.HAL_I2S_TxCpltCallback
                0x00000000080036ac       0x14 Drivers/STM32F4xx_HAL_Driver/Src/stm32f4xx_hal_i2s.o
                0x00000000080036ac                HAL_I2S_TxCpltCallback
 .text.HAL_I2S_RxCpltCallback
                0x00000000080036c0       0x14 Drivers/STM32F4xx_HAL_Driver/Src/stm32f4xx_hal_i2s.o
                0x00000000080036c0                HAL_I2S_RxCpltCallback
 .text.HAL_I2S_ErrorCallback
                0x00000000080036d4       0x14 Drivers/STM32F4xx_HAL_Driver/Src/stm32f4xx_hal_i2s.o
                0x00000000080036d4                HAL_I2S_ErrorCallback
 .text.I2S_Transmit_IT
                0x00000000080036e8       0x5c Drivers/STM32F4xx_HAL_Driver/Src/stm32f4xx_hal_i2s.o
 .text.I2S_Receive_IT
                0x0000000008003744       0x5e Drivers/STM32F4xx_HAL_Driver/Src/stm32f4xx_hal_i2s.o
 .text.I2S_IRQHandler
                0x00000000080037a2      0x114 Drivers/STM32F4xx_HAL_Driver/Src/stm32f4xx_hal_i2s.o
 *fill*         0x00000000080038b6        0x2 
 .text.HAL_I2SEx_FullDuplex_IRQHandler
                0x00000000080038b8      0x2a8 Drivers/STM32F4xx_HAL_Driver/Src/stm32f4xx_hal_i2s_ex.o
                0x00000000080038b8                HAL_I2SEx_FullDuplex_IRQHandler
 .text.HAL_I2SEx_TxRxCpltCallback
                0x0000000008003b60       0x14 Drivers/STM32F4xx_HAL_Driver/Src/stm32f4xx_hal_i2s_ex.o
                0x0000000008003b60                HAL_I2SEx_TxRxCpltCallback
 .text.I2SEx_TxISR_I2S
                0x0000000008003b74       0x62 Drivers/STM32F4xx_HAL_Driver/Src/stm32f4xx_hal_i2s_ex.o
 *fill*         0x0000000008003bd6        0x2 
 .text.I2SEx_TxISR_I2SExt
                0x0000000008003bd8       0x98 Drivers/STM32F4xx_HAL_Driver/Src/stm32f4xx_hal_i2s_ex.o
 .text.I2SEx_RxISR_I2S
                0x0000000008003c70       0x64 Drivers/STM32F4xx_HAL_Driver/Src/stm32f4xx_hal_i2s_ex.o
 .text.I2SEx_RxISR_I2SExt
                0x0000000008003cd4       0x98 Drivers/STM32F4xx_HAL_Driver/Src/stm32f4xx_hal_i2s_ex.o
 .text.HAL_RCC_OscConfig
                0x0000000008003d6c      0x4e0 Drivers/STM32F4xx_HAL_Driver/Src/stm32f4xx_hal_rcc.o
                0x0000000008003d6c                HAL_RCC_OscConfig
 .text.HAL_RCC_ClockConfig
                0x000000000800424c      0x1cc Drivers/STM32F4xx_HAL_Driver/Src/stm32f4xx_hal_rcc.o
                0x000000000800424c                HAL_RCC_ClockConfig
 .text.HAL_RCC_GetSysClockFreq
                0x0000000008004418      0x1b0 Drivers/STM32F4xx_HAL_Driver/Src/stm32f4xx_hal_rcc.o
                0x0000000008004418                HAL_RCC_GetSysClockFreq
 .text.HAL_RCC_GetHCLKFreq
                0x00000000080045c8       0x18 Drivers/STM32F4xx_HAL_Driver/Src/stm32f4xx_hal_rcc.o
                0x00000000080045c8                HAL_RCC_GetHCLKFreq
 .text.HAL_RCC_GetPCLK1Freq
                0x00000000080045e0       0x28 Drivers/STM32F4xx_HAL_Driver/Src/stm32f4xx_hal_rcc.o
                0x00000000080045e0                HAL_RCC_GetPCLK1Freq
 .text.HAL_RCCEx_PeriphCLKConfig
                0x0000000008004608      0x1e0 Drivers/STM32F4xx_HAL_Driver/Src/stm32f4xx_hal_rcc_ex.o
                0x0000000008004608                HAL_RCCEx_PeriphCLKConfig
 .text.HAL_RCCEx_GetPeriphCLKFreq
                0x00000000080047e8       0xbc Drivers/STM32F4xx_HAL_Driver/Src/stm32f4xx_hal_rcc_ex.o
                0x00000000080047e8                HAL_RCCEx_GetPeriphCLKFreq
 .text.HAL_SPI_Init
                0x00000000080048a4       0xc8 Drivers/STM32F4xx_HAL_Driver/Src/stm32f4xx_hal_spi.o
                0x00000000080048a4                HAL_SPI_Init
 .text.USB_CoreInit
                0x000000000800496c       0xc2 Drivers/STM32F4xx_HAL_Driver/Src/stm32f4xx_ll_usb.o
                0x000000000800496c                USB_CoreInit
 .text.USB_EnableGlobalInt
                0x0000000008004a2e       0x22 Drivers/STM32F4xx_HAL_Driver/Src/stm32f4xx_ll_usb.o
                0x0000000008004a2e                USB_EnableGlobalInt
 .text.USB_DisableGlobalInt
                0x0000000008004a50       0x22 Drivers/STM32F4xx_HAL_Driver/Src/stm32f4xx_ll_usb.o
                0x0000000008004a50                USB_DisableGlobalInt
 .text.USB_SetCurrentMode
                0x0000000008004a72       0x54 Drivers/STM32F4xx_HAL_Driver/Src/stm32f4xx_ll_usb.o
                0x0000000008004a72                USB_SetCurrentMode
 *fill*         0x0000000008004ac6        0x2 
 .text.USB_FlushTxFifo
                0x0000000008004ac8       0x4c Drivers/STM32F4xx_HAL_Driver/Src/stm32f4xx_ll_usb.o
                0x0000000008004ac8                USB_FlushTxFifo
 .text.USB_FlushRxFifo
                0x0000000008004b14       0x44 Drivers/STM32F4xx_HAL_Driver/Src/stm32f4xx_ll_usb.o
                0x0000000008004b14                USB_FlushRxFifo
 .text.USB_WritePacket
                0x0000000008004b58       0x6a Drivers/STM32F4xx_HAL_Driver/Src/stm32f4xx_ll_usb.o
                0x0000000008004b58                USB_WritePacket
 .text.USB_ReadPacket
                0x0000000008004bc2       0x52 Drivers/STM32F4xx_HAL_Driver/Src/stm32f4xx_ll_usb.o
                0x0000000008004bc2                USB_ReadPacket
 .text.USB_ReadInterrupts
                0x0000000008004c14       0x26 Drivers/STM32F4xx_HAL_Driver/Src/stm32f4xx_ll_usb.o
                0x0000000008004c14                USB_ReadInterrupts
 .text.USB_GetMode
                0x0000000008004c3a       0x1c Drivers/STM32F4xx_HAL_Driver/Src/stm32f4xx_ll_usb.o
                0x0000000008004c3a                USB_GetMode
 *fill*         0x0000000008004c56        0x2 
 .text.USB_CoreReset
                0x0000000008004c58       0x68 Drivers/STM32F4xx_HAL_Driver/Src/stm32f4xx_ll_usb.o
 .text.USB_HostInit
                0x0000000008004cc0      0x178 Drivers/STM32F4xx_HAL_Driver/Src/stm32f4xx_ll_usb.o
                0x0000000008004cc0                USB_HostInit
 .text.USB_InitFSLSPClkSel
                0x0000000008004e38       0x74 Drivers/STM32F4xx_HAL_Driver/Src/stm32f4xx_ll_usb.o
                0x0000000008004e38                USB_InitFSLSPClkSel
 .text.USB_ResetPort
                0x0000000008004eac       0x54 Drivers/STM32F4xx_HAL_Driver/Src/stm32f4xx_ll_usb.o
                0x0000000008004eac                USB_ResetPort
 .text.USB_DriveVbus
                0x0000000008004f00       0x72 Drivers/STM32F4xx_HAL_Driver/Src/stm32f4xx_ll_usb.o
                0x0000000008004f00                USB_DriveVbus
 .text.USB_GetHostSpeed
                0x0000000008004f72       0x2e Drivers/STM32F4xx_HAL_Driver/Src/stm32f4xx_ll_usb.o
                0x0000000008004f72                USB_GetHostSpeed
 .text.USB_GetCurrentFrame
                0x0000000008004fa0       0x22 Drivers/STM32F4xx_HAL_Driver/Src/stm32f4xx_ll_usb.o
                0x0000000008004fa0                USB_GetCurrentFrame
 *fill*         0x0000000008004fc2        0x2 
 .text.USB_HC_Init
                0x0000000008004fc4      0x214 Drivers/STM32F4xx_HAL_Driver/Src/stm32f4xx_ll_usb.o
                0x0000000008004fc4                USB_HC_Init
 .text.USB_HC_StartXfer
                0x00000000080051d8      0x28c Drivers/STM32F4xx_HAL_Driver/Src/stm32f4xx_ll_usb.o
                0x00000000080051d8                USB_HC_StartXfer
 .text.USB_HC_ReadInterrupt
                0x0000000008005464       0x22 Drivers/STM32F4xx_HAL_Driver/Src/stm32f4xx_ll_usb.o
                0x0000000008005464                USB_HC_ReadInterrupt
 .text.USB_HC_Halt
                0x0000000008005486      0x1fe Drivers/STM32F4xx_HAL_Driver/Src/stm32f4xx_ll_usb.o
                0x0000000008005486                USB_HC_Halt
 .text.USB_DoPing
                0x0000000008005684       0x78 Drivers/STM32F4xx_HAL_Driver/Src/stm32f4xx_ll_usb.o
                0x0000000008005684                USB_DoPing
 .text.USB_StopHost
                0x00000000080056fc      0x10c Drivers/STM32F4xx_HAL_Driver/Src/stm32f4xx_ll_usb.o
                0x00000000080056fc                USB_StopHost
 .text.USBH_CDC_InterfaceInit
                0x0000000008005808      0x2ac Middlewares/ST/STM32_USB_Host_Library/Class/CDC/Src/usbh_cdc.o
 .text.USBH_CDC_InterfaceDeInit
                0x0000000008005ab4       0xb2 Middlewares/ST/STM32_USB_Host_Library/Class/CDC/Src/usbh_cdc.o
 .text.USBH_CDC_ClassRequest
                0x0000000008005b66       0x3e Middlewares/ST/STM32_USB_Host_Library/Class/CDC/Src/usbh_cdc.o
 .text.USBH_CDC_Process
                0x0000000008005ba4      0x12c Middlewares/ST/STM32_USB_Host_Library/Class/CDC/Src/usbh_cdc.o
 .text.USBH_CDC_SOFProcess
                0x0000000008005cd0       0x16 Middlewares/ST/STM32_USB_Host_Library/Class/CDC/Src/usbh_cdc.o
 .text.GetLineCoding
                0x0000000008005ce6       0x3e Middlewares/ST/STM32_USB_Host_Library/Class/CDC/Src/usbh_cdc.o
 .text.SetLineCoding
                0x0000000008005d24       0x3e Middlewares/ST/STM32_USB_Host_Library/Class/CDC/Src/usbh_cdc.o
 .text.CDC_ProcessTransmission
                0x0000000008005d62       0xf0 Middlewares/ST/STM32_USB_Host_Library/Class/CDC/Src/usbh_cdc.o
 .text.CDC_ProcessReception
                0x0000000008005e52       0xb6 Middlewares/ST/STM32_USB_Host_Library/Class/CDC/Src/usbh_cdc.o
 .text.USBH_CDC_TransmitCallback
                0x0000000008005f08       0x14 Middlewares/ST/STM32_USB_Host_Library/Class/CDC/Src/usbh_cdc.o
                0x0000000008005f08                USBH_CDC_TransmitCallback
 .text.USBH_CDC_ReceiveCallback
                0x0000000008005f1c       0x14 Middlewares/ST/STM32_USB_Host_Library/Class/CDC/Src/usbh_cdc.o
                0x0000000008005f1c                USBH_CDC_ReceiveCallback
 .text.USBH_CDC_LineCodingChanged
                0x0000000008005f30       0x14 Middlewares/ST/STM32_USB_Host_Library/Class/CDC/Src/usbh_cdc.o
                0x0000000008005f30                USBH_CDC_LineCodingChanged
 .text.USBH_Init
                0x0000000008005f44       0x74 Middlewares/ST/STM32_USB_Host_Library/Core/Src/usbh_core.o
                0x0000000008005f44                USBH_Init
 .text.DeInitStateMachine
                0x0000000008005fb8       0xa8 Middlewares/ST/STM32_USB_Host_Library/Core/Src/usbh_core.o
 .text.USBH_RegisterClass
                0x0000000008006060       0x54 Middlewares/ST/STM32_USB_Host_Library/Core/Src/usbh_core.o
                0x0000000008006060                USBH_RegisterClass
 .text.USBH_SelectInterface
                0x00000000080060b4       0x38 Middlewares/ST/STM32_USB_Host_Library/Core/Src/usbh_core.o
                0x00000000080060b4                USBH_SelectInterface
 .text.USBH_FindInterface
                0x00000000080060ec       0x8c Middlewares/ST/STM32_USB_Host_Library/Core/Src/usbh_core.o
                0x00000000080060ec                USBH_FindInterface
 .text.USBH_Start
                0x0000000008006178       0x20 Middlewares/ST/STM32_USB_Host_Library/Core/Src/usbh_core.o
                0x0000000008006178                USBH_Start
 .text.USBH_Process
                0x0000000008006198      0x3c0 Middlewares/ST/STM32_USB_Host_Library/Core/Src/usbh_core.o
                0x0000000008006198                USBH_Process
 .text.USBH_HandleEnum
                0x0000000008006558      0x3c8 Middlewares/ST/STM32_USB_Host_Library/Core/Src/usbh_core.o
 .text.USBH_LL_SetTimer
                0x0000000008006920       0x1e Middlewares/ST/STM32_USB_Host_Library/Core/Src/usbh_core.o
                0x0000000008006920                USBH_LL_SetTimer
 .text.USBH_LL_IncTimer
                0x000000000800693e       0x24 Middlewares/ST/STM32_USB_Host_Library/Core/Src/usbh_core.o
                0x000000000800693e                USBH_LL_IncTimer
 .text.USBH_HandleSof
                0x0000000008006962       0x30 Middlewares/ST/STM32_USB_Host_Library/Core/Src/usbh_core.o
 .text.USBH_LL_PortEnabled
                0x0000000008006992       0x1c Middlewares/ST/STM32_USB_Host_Library/Core/Src/usbh_core.o
                0x0000000008006992                USBH_LL_PortEnabled
 .text.USBH_LL_PortDisabled
                0x00000000080069ae       0x1c Middlewares/ST/STM32_USB_Host_Library/Core/Src/usbh_core.o
                0x00000000080069ae                USBH_LL_PortDisabled
 .text.USBH_LL_Connect
                0x00000000080069ca       0x2e Middlewares/ST/STM32_USB_Host_Library/Core/Src/usbh_core.o
                0x00000000080069ca                USBH_LL_Connect
 .text.USBH_LL_Disconnect
                0x00000000080069f8       0x48 Middlewares/ST/STM32_USB_Host_Library/Core/Src/usbh_core.o
                0x00000000080069f8                USBH_LL_Disconnect
 .text.USBH_Get_DevDesc
                0x0000000008006a40       0x50 Middlewares/ST/STM32_USB_Host_Library/Core/Src/usbh_ctlreq.o
                0x0000000008006a40                USBH_Get_DevDesc
 .text.USBH_Get_CfgDesc
                0x0000000008006a90       0x48 Middlewares/ST/STM32_USB_Host_Library/Core/Src/usbh_ctlreq.o
                0x0000000008006a90                USBH_Get_CfgDesc
 .text.USBH_Get_StringDesc
                0x0000000008006ad8       0x56 Middlewares/ST/STM32_USB_Host_Library/Core/Src/usbh_ctlreq.o
                0x0000000008006ad8                USBH_Get_StringDesc
 .text.USBH_GetDescriptor
                0x0000000008006b2e       0x6a Middlewares/ST/STM32_USB_Host_Library/Core/Src/usbh_ctlreq.o
                0x0000000008006b2e                USBH_GetDescriptor
 .text.USBH_SetAddress
                0x0000000008006b98       0x48 Middlewares/ST/STM32_USB_Host_Library/Core/Src/usbh_ctlreq.o
                0x0000000008006b98                USBH_SetAddress
 .text.USBH_SetCfg
                0x0000000008006be0       0x46 Middlewares/ST/STM32_USB_Host_Library/Core/Src/usbh_ctlreq.o
                0x0000000008006be0                USBH_SetCfg
 .text.USBH_SetFeature
                0x0000000008006c26       0x48 Middlewares/ST/STM32_USB_Host_Library/Core/Src/usbh_ctlreq.o
                0x0000000008006c26                USBH_SetFeature
 .text.USBH_ClrFeature
                0x0000000008006c6e       0x48 Middlewares/ST/STM32_USB_Host_Library/Core/Src/usbh_ctlreq.o
                0x0000000008006c6e                USBH_ClrFeature
 .text.USBH_ParseDevDesc
                0x0000000008006cb6       0xe0 Middlewares/ST/STM32_USB_Host_Library/Core/Src/usbh_ctlreq.o
 .text.USBH_ParseCfgDesc
                0x0000000008006d96      0x144 Middlewares/ST/STM32_USB_Host_Library/Core/Src/usbh_ctlreq.o
 .text.USBH_ParseInterfaceDesc
                0x0000000008006eda       0x5e Middlewares/ST/STM32_USB_Host_Library/Core/Src/usbh_ctlreq.o
 .text.USBH_ParseEPDesc
                0x0000000008006f38       0x5a Middlewares/ST/STM32_USB_Host_Library/Core/Src/usbh_ctlreq.o
 .text.USBH_ParseStringDesc
                0x0000000008006f92       0x66 Middlewares/ST/STM32_USB_Host_Library/Core/Src/usbh_ctlreq.o
 .text.USBH_GetNextDesc
                0x0000000008006ff8       0x36 Middlewares/ST/STM32_USB_Host_Library/Core/Src/usbh_ctlreq.o
                0x0000000008006ff8                USBH_GetNextDesc
 .text.USBH_CtlReq
                0x000000000800702e       0x7a Middlewares/ST/STM32_USB_Host_Library/Core/Src/usbh_ctlreq.o
                0x000000000800702e                USBH_CtlReq
 .text.USBH_HandleControl
                0x00000000080070a8      0x2ec Middlewares/ST/STM32_USB_Host_Library/Core/Src/usbh_ctlreq.o
 .text.USBH_CtlSendSetup
                0x0000000008007394       0x34 Middlewares/ST/STM32_USB_Host_Library/Core/Src/usbh_ioreq.o
                0x0000000008007394                USBH_CtlSendSetup
 .text.USBH_CtlSendData
                0x00000000080073c8       0x4a Middlewares/ST/STM32_USB_Host_Library/Core/Src/usbh_ioreq.o
                0x00000000080073c8                USBH_CtlSendData
 .text.USBH_CtlReceiveData
                0x0000000008007412       0x3c Middlewares/ST/STM32_USB_Host_Library/Core/Src/usbh_ioreq.o
                0x0000000008007412                USBH_CtlReceiveData
 .text.USBH_BulkSendData
                0x000000000800744e       0x4a Middlewares/ST/STM32_USB_Host_Library/Core/Src/usbh_ioreq.o
                0x000000000800744e                USBH_BulkSendData
 .text.USBH_BulkReceiveData
                0x0000000008007498       0x3c Middlewares/ST/STM32_USB_Host_Library/Core/Src/usbh_ioreq.o
                0x0000000008007498                USBH_BulkReceiveData
 .text.USBH_OpenPipe
                0x00000000080074d4       0x3e Middlewares/ST/STM32_USB_Host_Library/Core/Src/usbh_pipes.o
                0x00000000080074d4                USBH_OpenPipe
 .text.USBH_ClosePipe
                0x0000000008007512       0x20 Middlewares/ST/STM32_USB_Host_Library/Core/Src/usbh_pipes.o
                0x0000000008007512                USBH_ClosePipe
 .text.USBH_AllocPipe
                0x0000000008007532       0x42 Middlewares/ST/STM32_USB_Host_Library/Core/Src/usbh_pipes.o
                0x0000000008007532                USBH_AllocPipe
 .text.USBH_FreePipe
                0x0000000008007574       0x3c Middlewares/ST/STM32_USB_Host_Library/Core/Src/usbh_pipes.o
                0x0000000008007574                USBH_FreePipe
 .text.USBH_GetFreePipe
                0x00000000080075b0       0x48 Middlewares/ST/STM32_USB_Host_Library/Core/Src/usbh_pipes.o
 .text.MX_USB_HOST_Init
                0x00000000080075f8       0x4c USB_HOST/App/usb_host.o
                0x00000000080075f8                MX_USB_HOST_Init
 .text.MX_USB_HOST_Process
                0x0000000008007644       0x14 USB_HOST/App/usb_host.o
                0x0000000008007644                MX_USB_HOST_Process
 .text.USBH_UserProcess
                0x0000000008007658       0x5c USB_HOST/App/usb_host.o
 .text.HAL_HCD_MspInit
                0x00000000080076b4       0xc4 USB_HOST/Target/usbh_conf.o
                0x00000000080076b4                HAL_HCD_MspInit
 .text.HAL_HCD_SOF_Callback
                0x0000000008007778       0x1c USB_HOST/Target/usbh_conf.o
                0x0000000008007778                HAL_HCD_SOF_Callback
 .text.HAL_HCD_Connect_Callback
                0x0000000008007794       0x1c USB_HOST/Target/usbh_conf.o
                0x0000000008007794                HAL_HCD_Connect_Callback
 .text.HAL_HCD_Disconnect_Callback
                0x00000000080077b0       0x1c USB_HOST/Target/usbh_conf.o
                0x00000000080077b0                HAL_HCD_Disconnect_Callback
 .text.HAL_HCD_HC_NotifyURBChange_Callback
                0x00000000080077cc       0x1c USB_HOST/Target/usbh_conf.o
                0x00000000080077cc                HAL_HCD_HC_NotifyURBChange_Callback
 .text.HAL_HCD_PortEnabled_Callback
                0x00000000080077e8       0x1c USB_HOST/Target/usbh_conf.o
                0x00000000080077e8                HAL_HCD_PortEnabled_Callback
 .text.HAL_HCD_PortDisabled_Callback
                0x0000000008007804       0x1c USB_HOST/Target/usbh_conf.o
                0x0000000008007804                HAL_HCD_PortDisabled_Callback
 .text.USBH_LL_Init
                0x0000000008007820       0x78 USB_HOST/Target/usbh_conf.o
                0x0000000008007820                USBH_LL_Init
 .text.USBH_LL_Start
                0x0000000008007898       0x36 USB_HOST/Target/usbh_conf.o
                0x0000000008007898                USBH_LL_Start
 .text.USBH_LL_Stop
                0x00000000080078ce       0x36 USB_HOST/Target/usbh_conf.o
                0x00000000080078ce                USBH_LL_Stop
 .text.USBH_LL_GetSpeed
                0x0000000008007904       0x4a USB_HOST/Target/usbh_conf.o
                0x0000000008007904                USBH_LL_GetSpeed
 .text.USBH_LL_ResetPort
                0x000000000800794e       0x36 USB_HOST/Target/usbh_conf.o
                0x000000000800794e                USBH_LL_ResetPort
 .text.USBH_LL_GetLastXferSize
                0x0000000008007984       0x26 USB_HOST/Target/usbh_conf.o
                0x0000000008007984                USBH_LL_GetLastXferSize
 .text.USBH_LL_OpenPipe
                0x00000000080079aa       0x5e USB_HOST/Target/usbh_conf.o
                0x00000000080079aa                USBH_LL_OpenPipe
 .text.USBH_LL_ClosePipe
                0x0000000008007a08       0x3e USB_HOST/Target/usbh_conf.o
                0x0000000008007a08                USBH_LL_ClosePipe
 .text.USBH_LL_SubmitURB
                0x0000000008007a46       0x62 USB_HOST/Target/usbh_conf.o
                0x0000000008007a46                USBH_LL_SubmitURB
 .text.USBH_LL_GetURBState
                0x0000000008007aa8       0x26 USB_HOST/Target/usbh_conf.o
                0x0000000008007aa8                USBH_LL_GetURBState
 .text.USBH_LL_DriverVBUS
                0x0000000008007ace       0x2e USB_HOST/Target/usbh_conf.o
                0x0000000008007ace                USBH_LL_DriverVBUS
 .text.USBH_LL_SetToggle
                0x0000000008007afc       0x66 USB_HOST/Target/usbh_conf.o
                0x0000000008007afc                USBH_LL_SetToggle
 .text.USBH_Delay
                0x0000000008007b62       0x16 USB_HOST/Target/usbh_conf.o
                0x0000000008007b62                USBH_Delay
 .text.USBH_Get_USB_Status
                0x0000000008007b78       0x58 USB_HOST/Target/usbh_conf.o
                0x0000000008007b78                USBH_Get_USB_Status
 .text.MX_DriverVbusFS
                0x0000000008007bd0       0x38 USB_HOST/Target/usbh_platform.o
                0x0000000008007bd0                MX_DriverVbusFS
 .text.__errno  0x0000000008007c08        0xc d:/stm32/programs/stm32_cube_ide/stm32cubeide_1.5.0/stm32cubeide/plugins/com.st.stm32cube.ide.mcu.externaltools.gnu-tools-for-stm32.7-2018-q2-update.win32_1.5.0.202011040924/tools/bin/../lib/gcc/arm-none-eabi/7.3.1/../../../../arm-none-eabi/lib/thumb/v7e-m/fpv4-sp/hard\libc_nano.a(lib_a-errno.o)
                0x0000000008007c08                __errno
 .text.__libc_init_array
                0x0000000008007c14       0x48 d:/stm32/programs/stm32_cube_ide/stm32cubeide_1.5.0/stm32cubeide/plugins/com.st.stm32cube.ide.mcu.externaltools.gnu-tools-for-stm32.7-2018-q2-update.win32_1.5.0.202011040924/tools/bin/../lib/gcc/arm-none-eabi/7.3.1/../../../../arm-none-eabi/lib/thumb/v7e-m/fpv4-sp/hard\libc_nano.a(lib_a-init.o)
                0x0000000008007c14                __libc_init_array
 .text.malloc   0x0000000008007c5c       0x10 d:/stm32/programs/stm32_cube_ide/stm32cubeide_1.5.0/stm32cubeide/plugins/com.st.stm32cube.ide.mcu.externaltools.gnu-tools-for-stm32.7-2018-q2-update.win32_1.5.0.202011040924/tools/bin/../lib/gcc/arm-none-eabi/7.3.1/../../../../arm-none-eabi/lib/thumb/v7e-m/fpv4-sp/hard\libc_nano.a(lib_a-malloc.o)
                0x0000000008007c5c                malloc
 .text.free     0x0000000008007c6c       0x10 d:/stm32/programs/stm32_cube_ide/stm32cubeide_1.5.0/stm32cubeide/plugins/com.st.stm32cube.ide.mcu.externaltools.gnu-tools-for-stm32.7-2018-q2-update.win32_1.5.0.202011040924/tools/bin/../lib/gcc/arm-none-eabi/7.3.1/../../../../arm-none-eabi/lib/thumb/v7e-m/fpv4-sp/hard\libc_nano.a(lib_a-malloc.o)
                0x0000000008007c6c                free
 .text.memset   0x0000000008007c7c       0x10 d:/stm32/programs/stm32_cube_ide/stm32cubeide_1.5.0/stm32cubeide/plugins/com.st.stm32cube.ide.mcu.externaltools.gnu-tools-for-stm32.7-2018-q2-update.win32_1.5.0.202011040924/tools/bin/../lib/gcc/arm-none-eabi/7.3.1/../../../../arm-none-eabi/lib/thumb/v7e-m/fpv4-sp/hard\libc_nano.a(lib_a-memset.o)
                0x0000000008007c7c                memset
 .text._free_r  0x0000000008007c8c       0x9c d:/stm32/programs/stm32_cube_ide/stm32cubeide_1.5.0/stm32cubeide/plugins/com.st.stm32cube.ide.mcu.externaltools.gnu-tools-for-stm32.7-2018-q2-update.win32_1.5.0.202011040924/tools/bin/../lib/gcc/arm-none-eabi/7.3.1/../../../../arm-none-eabi/lib/thumb/v7e-m/fpv4-sp/hard\libc_nano.a(lib_a-nano-freer.o)
                0x0000000008007c8c                _free_r
 .text._malloc_r
                0x0000000008007d28       0xb4 d:/stm32/programs/stm32_cube_ide/stm32cubeide_1.5.0/stm32cubeide/plugins/com.st.stm32cube.ide.mcu.externaltools.gnu-tools-for-stm32.7-2018-q2-update.win32_1.5.0.202011040924/tools/bin/../lib/gcc/arm-none-eabi/7.3.1/../../../../arm-none-eabi/lib/thumb/v7e-m/fpv4-sp/hard\libc_nano.a(lib_a-nano-mallocr.o)
                0x0000000008007d28                _malloc_r
 .text._sbrk_r  0x0000000008007ddc       0x20 d:/stm32/programs/stm32_cube_ide/stm32cubeide_1.5.0/stm32cubeide/plugins/com.st.stm32cube.ide.mcu.externaltools.gnu-tools-for-stm32.7-2018-q2-update.win32_1.5.0.202011040924/tools/bin/../lib/gcc/arm-none-eabi/7.3.1/../../../../arm-none-eabi/lib/thumb/v7e-m/fpv4-sp/hard\libc_nano.a(lib_a-sbrkr.o)
                0x0000000008007ddc                _sbrk_r
 .text.__malloc_lock
                0x0000000008007dfc        0x2 d:/stm32/programs/stm32_cube_ide/stm32cubeide_1.5.0/stm32cubeide/plugins/com.st.stm32cube.ide.mcu.externaltools.gnu-tools-for-stm32.7-2018-q2-update.win32_1.5.0.202011040924/tools/bin/../lib/gcc/arm-none-eabi/7.3.1/../../../../arm-none-eabi/lib/thumb/v7e-m/fpv4-sp/hard\libc_nano.a(lib_a-mlock.o)
                0x0000000008007dfc                __malloc_lock
 .text.__malloc_unlock
                0x0000000008007dfe        0x2 d:/stm32/programs/stm32_cube_ide/stm32cubeide_1.5.0/stm32cubeide/plugins/com.st.stm32cube.ide.mcu.externaltools.gnu-tools-for-stm32.7-2018-q2-update.win32_1.5.0.202011040924/tools/bin/../lib/gcc/arm-none-eabi/7.3.1/../../../../arm-none-eabi/lib/thumb/v7e-m/fpv4-sp/hard\libc_nano.a(lib_a-mlock.o)
                0x0000000008007dfe                __malloc_unlock
 *(.glue_7)
 .glue_7        0x0000000008007e00        0x0 linker stubs
 *(.glue_7t)
 .glue_7t       0x0000000008007e00        0x0 linker stubs
 *(.eh_frame)
 .eh_frame      0x0000000008007e00        0x0 d:/stm32/programs/stm32_cube_ide/stm32cubeide_1.5.0/stm32cubeide/plugins/com.st.stm32cube.ide.mcu.externaltools.gnu-tools-for-stm32.7-2018-q2-update.win32_1.5.0.202011040924/tools/bin/../lib/gcc/arm-none-eabi/7.3.1/thumb/v7e-m/fpv4-sp/hard/crtbegin.o
 *(.init)
 .init          0x0000000008007e00        0x4 d:/stm32/programs/stm32_cube_ide/stm32cubeide_1.5.0/stm32cubeide/plugins/com.st.stm32cube.ide.mcu.externaltools.gnu-tools-for-stm32.7-2018-q2-update.win32_1.5.0.202011040924/tools/bin/../lib/gcc/arm-none-eabi/7.3.1/thumb/v7e-m/fpv4-sp/hard/crti.o
                0x0000000008007e00                _init
 .init          0x0000000008007e04        0x8 d:/stm32/programs/stm32_cube_ide/stm32cubeide_1.5.0/stm32cubeide/plugins/com.st.stm32cube.ide.mcu.externaltools.gnu-tools-for-stm32.7-2018-q2-update.win32_1.5.0.202011040924/tools/bin/../lib/gcc/arm-none-eabi/7.3.1/thumb/v7e-m/fpv4-sp/hard/crtn.o
 *(.fini)
 .fini          0x0000000008007e0c        0x4 d:/stm32/programs/stm32_cube_ide/stm32cubeide_1.5.0/stm32cubeide/plugins/com.st.stm32cube.ide.mcu.externaltools.gnu-tools-for-stm32.7-2018-q2-update.win32_1.5.0.202011040924/tools/bin/../lib/gcc/arm-none-eabi/7.3.1/thumb/v7e-m/fpv4-sp/hard/crti.o
                0x0000000008007e0c                _fini
 .fini          0x0000000008007e10        0x8 d:/stm32/programs/stm32_cube_ide/stm32cubeide_1.5.0/stm32cubeide/plugins/com.st.stm32cube.ide.mcu.externaltools.gnu-tools-for-stm32.7-2018-q2-update.win32_1.5.0.202011040924/tools/bin/../lib/gcc/arm-none-eabi/7.3.1/thumb/v7e-m/fpv4-sp/hard/crtn.o
                0x0000000008007e18                . = ALIGN (0x4)
                0x0000000008007e18                _etext = .

.vfp11_veneer   0x0000000008007e18        0x0
 .vfp11_veneer  0x0000000008007e18        0x0 linker stubs

.v4_bx          0x0000000008007e18        0x0
 .v4_bx         0x0000000008007e18        0x0 linker stubs

.iplt           0x0000000008007e18        0x0
 .iplt          0x0000000008007e18        0x0 d:/stm32/programs/stm32_cube_ide/stm32cubeide_1.5.0/stm32cubeide/plugins/com.st.stm32cube.ide.mcu.externaltools.gnu-tools-for-stm32.7-2018-q2-update.win32_1.5.0.202011040924/tools/bin/../lib/gcc/arm-none-eabi/7.3.1/thumb/v7e-m/fpv4-sp/hard/crtbegin.o

.rodata         0x0000000008007e18       0x1c
                0x0000000008007e18                . = ALIGN (0x4)
 *(.rodata)
 .rodata        0x0000000008007e18        0x4 Middlewares/ST/STM32_USB_Host_Library/Class/CDC/Src/usbh_cdc.o
 *(.rodata*)
 .rodata.AHBPrescTable
                0x0000000008007e1c       0x10 Core/Src/system_stm32f4xx.o
                0x0000000008007e1c                AHBPrescTable
 .rodata.APBPrescTable
                0x0000000008007e2c        0x8 Core/Src/system_stm32f4xx.o
                0x0000000008007e2c                APBPrescTable
                0x0000000008007e34                . = ALIGN (0x4)

.ARM.extab      0x0000000008007e34        0x0
                0x0000000008007e34                . = ALIGN (0x4)
 *(.ARM.extab* .gnu.linkonce.armextab.*)
                0x0000000008007e34                . = ALIGN (0x4)

.ARM            0x0000000008007e34        0x8
                0x0000000008007e34                . = ALIGN (0x4)
                0x0000000008007e34                __exidx_start = .
 *(.ARM.exidx*)
 .ARM.exidx     0x0000000008007e34        0x8 d:/stm32/programs/stm32_cube_ide/stm32cubeide_1.5.0/stm32cubeide/plugins/com.st.stm32cube.ide.mcu.externaltools.gnu-tools-for-stm32.7-2018-q2-update.win32_1.5.0.202011040924/tools/bin/../lib/gcc/arm-none-eabi/7.3.1/thumb/v7e-m/fpv4-sp/hard\libgcc.a(_udivmoddi4.o)
                0x0000000008007e3c                __exidx_end = .
                0x0000000008007e3c                . = ALIGN (0x4)

.rel.dyn        0x0000000008007e3c        0x0
 .rel.iplt      0x0000000008007e3c        0x0 d:/stm32/programs/stm32_cube_ide/stm32cubeide_1.5.0/stm32cubeide/plugins/com.st.stm32cube.ide.mcu.externaltools.gnu-tools-for-stm32.7-2018-q2-update.win32_1.5.0.202011040924/tools/bin/../lib/gcc/arm-none-eabi/7.3.1/thumb/v7e-m/fpv4-sp/hard/crtbegin.o

.preinit_array  0x0000000008007e3c        0x0
                0x0000000008007e3c                . = ALIGN (0x4)
                0x0000000008007e3c                PROVIDE (__preinit_array_start = .)
 *(.preinit_array*)
                0x0000000008007e3c                PROVIDE (__preinit_array_end = .)
                0x0000000008007e3c                . = ALIGN (0x4)

.init_array     0x0000000008007e3c        0x4
                0x0000000008007e3c                . = ALIGN (0x4)
                0x0000000008007e3c                PROVIDE (__init_array_start = .)
 *(SORT_BY_NAME(.init_array.*))
 *(.init_array*)
 .init_array    0x0000000008007e3c        0x4 d:/stm32/programs/stm32_cube_ide/stm32cubeide_1.5.0/stm32cubeide/plugins/com.st.stm32cube.ide.mcu.externaltools.gnu-tools-for-stm32.7-2018-q2-update.win32_1.5.0.202011040924/tools/bin/../lib/gcc/arm-none-eabi/7.3.1/thumb/v7e-m/fpv4-sp/hard/crtbegin.o
                0x0000000008007e40                PROVIDE (__init_array_end = .)
                0x0000000008007e40                . = ALIGN (0x4)

.fini_array     0x0000000008007e40        0x4
                0x0000000008007e40                . = ALIGN (0x4)
                [!provide]                        PROVIDE (__fini_array_start = .)
 *(SORT_BY_NAME(.fini_array.*))
 *(.fini_array*)
 .fini_array    0x0000000008007e40        0x4 d:/stm32/programs/stm32_cube_ide/stm32cubeide_1.5.0/stm32cubeide/plugins/com.st.stm32cube.ide.mcu.externaltools.gnu-tools-for-stm32.7-2018-q2-update.win32_1.5.0.202011040924/tools/bin/../lib/gcc/arm-none-eabi/7.3.1/thumb/v7e-m/fpv4-sp/hard/crtbegin.o
                [!provide]                        PROVIDE (__fini_array_end = .)
                0x0000000008007e44                . = ALIGN (0x4)
                0x0000000008007e44                _sidata = LOADADDR (.data)

.data           0x0000000020000000       0x90 load address 0x0000000008007e44
                0x0000000020000000                . = ALIGN (0x4)
                0x0000000020000000                _sdata = .
 *(.data)
 *(.data*)
 .data.SystemCoreClock
                0x0000000020000000        0x4 Core/Src/system_stm32f4xx.o
                0x0000000020000000                SystemCoreClock
 .data.uwTickPrio
                0x0000000020000004        0x4 Drivers/STM32F4xx_HAL_Driver/Src/stm32f4xx_hal.o
                0x0000000020000004                uwTickPrio
 .data.uwTickFreq
                0x0000000020000008        0x1 Drivers/STM32F4xx_HAL_Driver/Src/stm32f4xx_hal.o
                0x0000000020000008                uwTickFreq
 *fill*         0x0000000020000009        0x3 
 .data.CDC_Class
                0x000000002000000c       0x20 Middlewares/ST/STM32_USB_Host_Library/Class/CDC/Src/usbh_cdc.o
                0x000000002000000c                CDC_Class
 .data._impure_ptr
                0x000000002000002c        0x4 d:/stm32/programs/stm32_cube_ide/stm32cubeide_1.5.0/stm32cubeide/plugins/com.st.stm32cube.ide.mcu.externaltools.gnu-tools-for-stm32.7-2018-q2-update.win32_1.5.0.202011040924/tools/bin/../lib/gcc/arm-none-eabi/7.3.1/../../../../arm-none-eabi/lib/thumb/v7e-m/fpv4-sp/hard\libc_nano.a(lib_a-impure.o)
                0x000000002000002c                _impure_ptr
 .data.impure_data
                0x0000000020000030       0x60 d:/stm32/programs/stm32_cube_ide/stm32cubeide_1.5.0/stm32cubeide/plugins/com.st.stm32cube.ide.mcu.externaltools.gnu-tools-for-stm32.7-2018-q2-update.win32_1.5.0.202011040924/tools/bin/../lib/gcc/arm-none-eabi/7.3.1/../../../../arm-none-eabi/lib/thumb/v7e-m/fpv4-sp/hard\libc_nano.a(lib_a-impure.o)
 *(.RamFunc)
 *(.RamFunc*)
                0x0000000020000090                . = ALIGN (0x4)
                0x0000000020000090                _edata = .

.igot.plt       0x0000000020000090        0x0 load address 0x0000000008007ed4
 .igot.plt      0x0000000020000090        0x0 d:/stm32/programs/stm32_cube_ide/stm32cubeide_1.5.0/stm32cubeide/plugins/com.st.stm32cube.ide.mcu.externaltools.gnu-tools-for-stm32.7-2018-q2-update.win32_1.5.0.202011040924/tools/bin/../lib/gcc/arm-none-eabi/7.3.1/thumb/v7e-m/fpv4-sp/hard/crtbegin.o
                0x0000000020000090                . = ALIGN (0x4)

.bss            0x0000000020000090      0x840 load address 0x0000000008007ed4
                0x0000000020000090                _sbss = .
                0x0000000020000090                __bss_start__ = _sbss
 *(.bss)
 .bss           0x0000000020000090       0x1c d:/stm32/programs/stm32_cube_ide/stm32cubeide_1.5.0/stm32cubeide/plugins/com.st.stm32cube.ide.mcu.externaltools.gnu-tools-for-stm32.7-2018-q2-update.win32_1.5.0.202011040924/tools/bin/../lib/gcc/arm-none-eabi/7.3.1/thumb/v7e-m/fpv4-sp/hard/crtbegin.o
 *(.bss*)
 .bss.__sbrk_heap_end
                0x00000000200000ac        0x4 Core/Src/sysmem.o
 .bss.tmpreg.8283
                0x00000000200000b0        0x4 Drivers/STM32F4xx_HAL_Driver/Src/stm32f4xx_ll_usb.o
 .bss.Appli_state
                0x00000000200000b4        0x1 USB_HOST/App/usb_host.o
                0x00000000200000b4                Appli_state
 *fill*         0x00000000200000b5        0x3 
 .bss.__malloc_free_list
                0x00000000200000b8        0x4 d:/stm32/programs/stm32_cube_ide/stm32cubeide_1.5.0/stm32cubeide/plugins/com.st.stm32cube.ide.mcu.externaltools.gnu-tools-for-stm32.7-2018-q2-update.win32_1.5.0.202011040924/tools/bin/../lib/gcc/arm-none-eabi/7.3.1/../../../../arm-none-eabi/lib/thumb/v7e-m/fpv4-sp/hard\libc_nano.a(lib_a-nano-mallocr.o)
                0x00000000200000b8                __malloc_free_list
 .bss.__malloc_sbrk_start
                0x00000000200000bc        0x4 d:/stm32/programs/stm32_cube_ide/stm32cubeide_1.5.0/stm32cubeide/plugins/com.st.stm32cube.ide.mcu.externaltools.gnu-tools-for-stm32.7-2018-q2-update.win32_1.5.0.202011040924/tools/bin/../lib/gcc/arm-none-eabi/7.3.1/../../../../arm-none-eabi/lib/thumb/v7e-m/fpv4-sp/hard\libc_nano.a(lib_a-nano-mallocr.o)
                0x00000000200000bc                __malloc_sbrk_start
 *(COMMON)
 COMMON         0x00000000200000c0       0x30 Core/Src/button.o
                0x00000000200000c0                BlueKey
 COMMON         0x00000000200000f0       0x54 Core/Src/i2c.o
                0x00000000200000f0                hi2c1
 COMMON         0x0000000020000144       0x90 Core/Src/i2s.o
                0x0000000020000144                hi2s2
                0x000000002000018c                hi2s3
 COMMON         0x00000000200001d4       0x58 Core/Src/spi.o
                0x00000000200001d4                hspi1
 COMMON         0x000000002000022c        0x4 Drivers/STM32F4xx_HAL_Driver/Src/stm32f4xx_hal.o
                0x000000002000022c                uwTick
 COMMON         0x0000000020000230      0x3d8 USB_HOST/App/usb_host.o
                0x0000000020000230                hUsbHostFS
 COMMON         0x0000000020000608      0x2c4 USB_HOST/Target/usbh_conf.o
                0x0000000020000608                hhcd_USB_OTG_FS
 COMMON         0x00000000200008cc        0x4 d:/stm32/programs/stm32_cube_ide/stm32cubeide_1.5.0/stm32cubeide/plugins/com.st.stm32cube.ide.mcu.externaltools.gnu-tools-for-stm32.7-2018-q2-update.win32_1.5.0.202011040924/tools/bin/../lib/gcc/arm-none-eabi/7.3.1/../../../../arm-none-eabi/lib/thumb/v7e-m/fpv4-sp/hard\libc_nano.a(lib_a-reent.o)
                0x00000000200008cc                errno
                0x00000000200008d0                . = ALIGN (0x4)
                0x00000000200008d0                _ebss = .
                0x00000000200008d0                __bss_end__ = _ebss

._user_heap_stack
                0x00000000200008d0      0x600 load address 0x0000000008007ed4
                0x00000000200008d0                . = ALIGN (0x8)
                [!provide]                        PROVIDE (end = .)
                0x00000000200008d0                PROVIDE (_end = .)
                0x0000000020000ad0                . = (. + _Min_Heap_Size)
 *fill*         0x00000000200008d0      0x200 
                0x0000000020000ed0                . = (. + _Min_Stack_Size)
 *fill*         0x0000000020000ad0      0x400 
                0x0000000020000ed0                . = ALIGN (0x8)

/DISCARD/
 libc.a(*)
 libm.a(*)
 libgcc.a(*)

.ARM.attributes
                0x0000000000000000       0x30
 *(.ARM.attributes)
 .ARM.attributes
                0x0000000000000000       0x22 d:/stm32/programs/stm32_cube_ide/stm32cubeide_1.5.0/stm32cubeide/plugins/com.st.stm32cube.ide.mcu.externaltools.gnu-tools-for-stm32.7-2018-q2-update.win32_1.5.0.202011040924/tools/bin/../lib/gcc/arm-none-eabi/7.3.1/thumb/v7e-m/fpv4-sp/hard/crti.o
 .ARM.attributes
                0x0000000000000022       0x34 d:/stm32/programs/stm32_cube_ide/stm32cubeide_1.5.0/stm32cubeide/plugins/com.st.stm32cube.ide.mcu.externaltools.gnu-tools-for-stm32.7-2018-q2-update.win32_1.5.0.202011040924/tools/bin/../lib/gcc/arm-none-eabi/7.3.1/thumb/v7e-m/fpv4-sp/hard/crtbegin.o
 .ARM.attributes
                0x0000000000000056       0x39 Core/Src/button.o
 .ARM.attributes
                0x000000000000008f       0x39 Core/Src/gpio.o
 .ARM.attributes
                0x00000000000000c8       0x39 Core/Src/i2c.o
 .ARM.attributes
                0x0000000000000101       0x39 Core/Src/i2s.o
 .ARM.attributes
                0x000000000000013a       0x39 Core/Src/main.o
 .ARM.attributes
                0x0000000000000173       0x39 Core/Src/spi.o
 .ARM.attributes
                0x00000000000001ac       0x39 Core/Src/stm32f4xx_hal_msp.o
 .ARM.attributes
                0x00000000000001e5       0x39 Core/Src/stm32f4xx_it.o
 .ARM.attributes
                0x000000000000021e       0x39 Core/Src/sysmem.o
 .ARM.attributes
                0x0000000000000257       0x39 Core/Src/system_stm32f4xx.o
 .ARM.attributes
                0x0000000000000290       0x21 Core/Startup/startup_stm32f411vetx.o
 .ARM.attributes
                0x00000000000002b1       0x39 Drivers/STM32F4xx_HAL_Driver/Src/stm32f4xx_hal.o
 .ARM.attributes
                0x00000000000002ea       0x39 Drivers/STM32F4xx_HAL_Driver/Src/stm32f4xx_hal_cortex.o
 .ARM.attributes
                0x0000000000000323       0x39 Drivers/STM32F4xx_HAL_Driver/Src/stm32f4xx_hal_gpio.o
 .ARM.attributes
                0x000000000000035c       0x39 Drivers/STM32F4xx_HAL_Driver/Src/stm32f4xx_hal_hcd.o
 .ARM.attributes
                0x0000000000000395       0x39 Drivers/STM32F4xx_HAL_Driver/Src/stm32f4xx_hal_i2c.o
 .ARM.attributes
                0x00000000000003ce       0x39 Drivers/STM32F4xx_HAL_Driver/Src/stm32f4xx_hal_i2s.o
 .ARM.attributes
                0x0000000000000407       0x39 Drivers/STM32F4xx_HAL_Driver/Src/stm32f4xx_hal_i2s_ex.o
 .ARM.attributes
                0x0000000000000440       0x39 Drivers/STM32F4xx_HAL_Driver/Src/stm32f4xx_hal_rcc.o
 .ARM.attributes
                0x0000000000000479       0x39 Drivers/STM32F4xx_HAL_Driver/Src/stm32f4xx_hal_rcc_ex.o
 .ARM.attributes
                0x00000000000004b2       0x39 Drivers/STM32F4xx_HAL_Driver/Src/stm32f4xx_hal_spi.o
 .ARM.attributes
                0x00000000000004eb       0x39 Drivers/STM32F4xx_HAL_Driver/Src/stm32f4xx_ll_usb.o
 .ARM.attributes
                0x0000000000000524       0x39 Middlewares/ST/STM32_USB_Host_Library/Class/CDC/Src/usbh_cdc.o
 .ARM.attributes
                0x000000000000055d       0x39 Middlewares/ST/STM32_USB_Host_Library/Core/Src/usbh_core.o
 .ARM.attributes
                0x0000000000000596       0x39 Middlewares/ST/STM32_USB_Host_Library/Core/Src/usbh_ctlreq.o
 .ARM.attributes
                0x00000000000005cf       0x39 Middlewares/ST/STM32_USB_Host_Library/Core/Src/usbh_ioreq.o
 .ARM.attributes
                0x0000000000000608       0x39 Middlewares/ST/STM32_USB_Host_Library/Core/Src/usbh_pipes.o
 .ARM.attributes
                0x0000000000000641       0x39 USB_HOST/App/usb_host.o
 .ARM.attributes
                0x000000000000067a       0x39 USB_HOST/Target/usbh_conf.o
 .ARM.attributes
                0x00000000000006b3       0x39 USB_HOST/Target/usbh_platform.o
 .ARM.attributes
                0x00000000000006ec       0x34 d:/stm32/programs/stm32_cube_ide/stm32cubeide_1.5.0/stm32cubeide/plugins/com.st.stm32cube.ide.mcu.externaltools.gnu-tools-for-stm32.7-2018-q2-update.win32_1.5.0.202011040924/tools/bin/../lib/gcc/arm-none-eabi/7.3.1/../../../../arm-none-eabi/lib/thumb/v7e-m/fpv4-sp/hard\libc_nano.a(lib_a-errno.o)
 .ARM.attributes
                0x0000000000000720       0x34 d:/stm32/programs/stm32_cube_ide/stm32cubeide_1.5.0/stm32cubeide/plugins/com.st.stm32cube.ide.mcu.externaltools.gnu-tools-for-stm32.7-2018-q2-update.win32_1.5.0.202011040924/tools/bin/../lib/gcc/arm-none-eabi/7.3.1/../../../../arm-none-eabi/lib/thumb/v7e-m/fpv4-sp/hard\libc_nano.a(lib_a-impure.o)
 .ARM.attributes
                0x0000000000000754       0x34 d:/stm32/programs/stm32_cube_ide/stm32cubeide_1.5.0/stm32cubeide/plugins/com.st.stm32cube.ide.mcu.externaltools.gnu-tools-for-stm32.7-2018-q2-update.win32_1.5.0.202011040924/tools/bin/../lib/gcc/arm-none-eabi/7.3.1/../../../../arm-none-eabi/lib/thumb/v7e-m/fpv4-sp/hard\libc_nano.a(lib_a-init.o)
 .ARM.attributes
                0x0000000000000788       0x34 d:/stm32/programs/stm32_cube_ide/stm32cubeide_1.5.0/stm32cubeide/plugins/com.st.stm32cube.ide.mcu.externaltools.gnu-tools-for-stm32.7-2018-q2-update.win32_1.5.0.202011040924/tools/bin/../lib/gcc/arm-none-eabi/7.3.1/../../../../arm-none-eabi/lib/thumb/v7e-m/fpv4-sp/hard\libc_nano.a(lib_a-malloc.o)
 .ARM.attributes
                0x00000000000007bc       0x34 d:/stm32/programs/stm32_cube_ide/stm32cubeide_1.5.0/stm32cubeide/plugins/com.st.stm32cube.ide.mcu.externaltools.gnu-tools-for-stm32.7-2018-q2-update.win32_1.5.0.202011040924/tools/bin/../lib/gcc/arm-none-eabi/7.3.1/../../../../arm-none-eabi/lib/thumb/v7e-m/fpv4-sp/hard\libc_nano.a(lib_a-memset.o)
 .ARM.attributes
                0x00000000000007f0       0x34 d:/stm32/programs/stm32_cube_ide/stm32cubeide_1.5.0/stm32cubeide/plugins/com.st.stm32cube.ide.mcu.externaltools.gnu-tools-for-stm32.7-2018-q2-update.win32_1.5.0.202011040924/tools/bin/../lib/gcc/arm-none-eabi/7.3.1/../../../../arm-none-eabi/lib/thumb/v7e-m/fpv4-sp/hard\libc_nano.a(lib_a-nano-freer.o)
 .ARM.attributes
                0x0000000000000824       0x34 d:/stm32/programs/stm32_cube_ide/stm32cubeide_1.5.0/stm32cubeide/plugins/com.st.stm32cube.ide.mcu.externaltools.gnu-tools-for-stm32.7-2018-q2-update.win32_1.5.0.202011040924/tools/bin/../lib/gcc/arm-none-eabi/7.3.1/../../../../arm-none-eabi/lib/thumb/v7e-m/fpv4-sp/hard\libc_nano.a(lib_a-nano-mallocr.o)
 .ARM.attributes
                0x0000000000000858       0x34 d:/stm32/programs/stm32_cube_ide/stm32cubeide_1.5.0/stm32cubeide/plugins/com.st.stm32cube.ide.mcu.externaltools.gnu-tools-for-stm32.7-2018-q2-update.win32_1.5.0.202011040924/tools/bin/../lib/gcc/arm-none-eabi/7.3.1/../../../../arm-none-eabi/lib/thumb/v7e-m/fpv4-sp/hard\libc_nano.a(lib_a-sbrkr.o)
 .ARM.attributes
                0x000000000000088c       0x34 d:/stm32/programs/stm32_cube_ide/stm32cubeide_1.5.0/stm32cubeide/plugins/com.st.stm32cube.ide.mcu.externaltools.gnu-tools-for-stm32.7-2018-q2-update.win32_1.5.0.202011040924/tools/bin/../lib/gcc/arm-none-eabi/7.3.1/../../../../arm-none-eabi/lib/thumb/v7e-m/fpv4-sp/hard\libc_nano.a(lib_a-mlock.o)
 .ARM.attributes
                0x00000000000008c0       0x34 d:/stm32/programs/stm32_cube_ide/stm32cubeide_1.5.0/stm32cubeide/plugins/com.st.stm32cube.ide.mcu.externaltools.gnu-tools-for-stm32.7-2018-q2-update.win32_1.5.0.202011040924/tools/bin/../lib/gcc/arm-none-eabi/7.3.1/../../../../arm-none-eabi/lib/thumb/v7e-m/fpv4-sp/hard\libc_nano.a(lib_a-reent.o)
 .ARM.attributes
                0x00000000000008f4       0x22 d:/stm32/programs/stm32_cube_ide/stm32cubeide_1.5.0/stm32cubeide/plugins/com.st.stm32cube.ide.mcu.externaltools.gnu-tools-for-stm32.7-2018-q2-update.win32_1.5.0.202011040924/tools/bin/../lib/gcc/arm-none-eabi/7.3.1/thumb/v7e-m/fpv4-sp/hard\libgcc.a(_aeabi_uldivmod.o)
 .ARM.attributes
                0x0000000000000916       0x34 d:/stm32/programs/stm32_cube_ide/stm32cubeide_1.5.0/stm32cubeide/plugins/com.st.stm32cube.ide.mcu.externaltools.gnu-tools-for-stm32.7-2018-q2-update.win32_1.5.0.202011040924/tools/bin/../lib/gcc/arm-none-eabi/7.3.1/thumb/v7e-m/fpv4-sp/hard\libgcc.a(_udivmoddi4.o)
 .ARM.attributes
                0x000000000000094a       0x22 d:/stm32/programs/stm32_cube_ide/stm32cubeide_1.5.0/stm32cubeide/plugins/com.st.stm32cube.ide.mcu.externaltools.gnu-tools-for-stm32.7-2018-q2-update.win32_1.5.0.202011040924/tools/bin/../lib/gcc/arm-none-eabi/7.3.1/thumb/v7e-m/fpv4-sp/hard\libgcc.a(_dvmd_tls.o)
 .ARM.attributes
                0x000000000000096c       0x22 d:/stm32/programs/stm32_cube_ide/stm32cubeide_1.5.0/stm32cubeide/plugins/com.st.stm32cube.ide.mcu.externaltools.gnu-tools-for-stm32.7-2018-q2-update.win32_1.5.0.202011040924/tools/bin/../lib/gcc/arm-none-eabi/7.3.1/thumb/v7e-m/fpv4-sp/hard/crtn.o
OUTPUT(05_msn_maszyna_stanow.elf elf32-littlearm)

.debug_info     0x0000000000000000    0x1a301
 .debug_info    0x0000000000000000      0x4fe Core/Src/button.o
 .debug_info    0x00000000000004fe      0x52a Core/Src/gpio.o
 .debug_info    0x0000000000000a28      0xa08 Core/Src/i2c.o
 .debug_info    0x0000000000001430      0xa47 Core/Src/i2s.o
 .debug_info    0x0000000000001e77     0x10e9 Core/Src/main.o
 .debug_info    0x0000000000002f60      0x9d9 Core/Src/spi.o
 .debug_info    0x0000000000003939      0x38c Core/Src/stm32f4xx_hal_msp.o
 .debug_info    0x0000000000003cc5      0x6b4 Core/Src/stm32f4xx_it.o
 .debug_info    0x0000000000004379      0x985 Core/Src/sysmem.o
 .debug_info    0x0000000000004cfe      0x57e Core/Src/system_stm32f4xx.o
 .debug_info    0x000000000000527c       0x22 Core/Startup/startup_stm32f411vetx.o
 .debug_info    0x000000000000529e      0x8d5 Drivers/STM32F4xx_HAL_Driver/Src/stm32f4xx_hal.o
 .debug_info    0x0000000000005b73      0xd98 Drivers/STM32F4xx_HAL_Driver/Src/stm32f4xx_hal_cortex.o
 .debug_info    0x000000000000690b      0x7d7 Drivers/STM32F4xx_HAL_Driver/Src/stm32f4xx_hal_gpio.o
 .debug_info    0x00000000000070e2      0xe5f Drivers/STM32F4xx_HAL_Driver/Src/stm32f4xx_hal_hcd.o
 .debug_info    0x0000000000007f41     0x242b Drivers/STM32F4xx_HAL_Driver/Src/stm32f4xx_hal_i2c.o
 .debug_info    0x000000000000a36c      0xe56 Drivers/STM32F4xx_HAL_Driver/Src/stm32f4xx_hal_i2s.o
 .debug_info    0x000000000000b1c2      0xb6e Drivers/STM32F4xx_HAL_Driver/Src/stm32f4xx_hal_i2s_ex.o
 .debug_info    0x000000000000bd30      0x92a Drivers/STM32F4xx_HAL_Driver/Src/stm32f4xx_hal_rcc.o
 .debug_info    0x000000000000c65a      0x618 Drivers/STM32F4xx_HAL_Driver/Src/stm32f4xx_hal_rcc_ex.o
 .debug_info    0x000000000000cc72     0x1632 Drivers/STM32F4xx_HAL_Driver/Src/stm32f4xx_hal_spi.o
 .debug_info    0x000000000000e2a4     0x18dd Drivers/STM32F4xx_HAL_Driver/Src/stm32f4xx_ll_usb.o
 .debug_info    0x000000000000fb81     0x1ad3 Middlewares/ST/STM32_USB_Host_Library/Class/CDC/Src/usbh_cdc.o
 .debug_info    0x0000000000011654     0x16b2 Middlewares/ST/STM32_USB_Host_Library/Core/Src/usbh_core.o
 .debug_info    0x0000000000012d06     0x1772 Middlewares/ST/STM32_USB_Host_Library/Core/Src/usbh_ctlreq.o
 .debug_info    0x0000000000014478     0x14df Middlewares/ST/STM32_USB_Host_Library/Core/Src/usbh_ioreq.o
 .debug_info    0x0000000000015957     0x1321 Middlewares/ST/STM32_USB_Host_Library/Core/Src/usbh_pipes.o
 .debug_info    0x0000000000016c78     0x1275 USB_HOST/App/usb_host.o
 .debug_info    0x0000000000017eed     0x219a USB_HOST/Target/usbh_conf.o
 .debug_info    0x000000000001a087      0x27a USB_HOST/Target/usbh_platform.o

.debug_abbrev   0x0000000000000000     0x3c4d
 .debug_abbrev  0x0000000000000000      0x17e Core/Src/button.o
 .debug_abbrev  0x000000000000017e      0x134 Core/Src/gpio.o
 .debug_abbrev  0x00000000000002b2      0x199 Core/Src/i2c.o
 .debug_abbrev  0x000000000000044b      0x199 Core/Src/i2s.o
 .debug_abbrev  0x00000000000005e4      0x1d6 Core/Src/main.o
 .debug_abbrev  0x00000000000007ba      0x199 Core/Src/spi.o
 .debug_abbrev  0x0000000000000953      0x109 Core/Src/stm32f4xx_hal_msp.o
 .debug_abbrev  0x0000000000000a5c      0x164 Core/Src/stm32f4xx_it.o
 .debug_abbrev  0x0000000000000bc0      0x19b Core/Src/sysmem.o
 .debug_abbrev  0x0000000000000d5b      0x12b Core/Src/system_stm32f4xx.o
 .debug_abbrev  0x0000000000000e86       0x12 Core/Startup/startup_stm32f411vetx.o
 .debug_abbrev  0x0000000000000e98      0x1f2 Drivers/STM32F4xx_HAL_Driver/Src/stm32f4xx_hal.o
 .debug_abbrev  0x000000000000108a      0x2fa Drivers/STM32F4xx_HAL_Driver/Src/stm32f4xx_hal_cortex.o
 .debug_abbrev  0x0000000000001384      0x1c9 Drivers/STM32F4xx_HAL_Driver/Src/stm32f4xx_hal_gpio.o
 .debug_abbrev  0x000000000000154d      0x255 Drivers/STM32F4xx_HAL_Driver/Src/stm32f4xx_hal_hcd.o
 .debug_abbrev  0x00000000000017a2      0x263 Drivers/STM32F4xx_HAL_Driver/Src/stm32f4xx_hal_i2c.o
 .debug_abbrev  0x0000000000001a05      0x22a Drivers/STM32F4xx_HAL_Driver/Src/stm32f4xx_hal_i2s.o
 .debug_abbrev  0x0000000000001c2f      0x255 Drivers/STM32F4xx_HAL_Driver/Src/stm32f4xx_hal_i2s_ex.o
 .debug_abbrev  0x0000000000001e84      0x245 Drivers/STM32F4xx_HAL_Driver/Src/stm32f4xx_hal_rcc.o
 .debug_abbrev  0x00000000000020c9      0x173 Drivers/STM32F4xx_HAL_Driver/Src/stm32f4xx_hal_rcc_ex.o
 .debug_abbrev  0x000000000000223c      0x240 Drivers/STM32F4xx_HAL_Driver/Src/stm32f4xx_hal_spi.o
 .debug_abbrev  0x000000000000247c      0x26d Drivers/STM32F4xx_HAL_Driver/Src/stm32f4xx_ll_usb.o
 .debug_abbrev  0x00000000000026e9      0x308 Middlewares/ST/STM32_USB_Host_Library/Class/CDC/Src/usbh_cdc.o
 .debug_abbrev  0x00000000000029f1      0x362 Middlewares/ST/STM32_USB_Host_Library/Core/Src/usbh_core.o
 .debug_abbrev  0x0000000000002d53      0x31b Middlewares/ST/STM32_USB_Host_Library/Core/Src/usbh_ctlreq.o
 .debug_abbrev  0x000000000000306e      0x279 Middlewares/ST/STM32_USB_Host_Library/Core/Src/usbh_ioreq.o
 .debug_abbrev  0x00000000000032e7      0x2b1 Middlewares/ST/STM32_USB_Host_Library/Core/Src/usbh_pipes.o
 .debug_abbrev  0x0000000000003598      0x268 USB_HOST/App/usb_host.o
 .debug_abbrev  0x0000000000003800      0x349 USB_HOST/Target/usbh_conf.o
 .debug_abbrev  0x0000000000003b49      0x104 USB_HOST/Target/usbh_platform.o

.debug_aranges  0x0000000000000000     0x11f0
 .debug_aranges
                0x0000000000000000       0x60 Core/Src/button.o
 .debug_aranges
                0x0000000000000060       0x20 Core/Src/gpio.o
 .debug_aranges
                0x0000000000000080       0x30 Core/Src/i2c.o
 .debug_aranges
                0x00000000000000b0       0x38 Core/Src/i2s.o
 .debug_aranges
                0x00000000000000e8       0x48 Core/Src/main.o
 .debug_aranges
                0x0000000000000130       0x30 Core/Src/spi.o
 .debug_aranges
                0x0000000000000160       0x20 Core/Src/stm32f4xx_hal_msp.o
 .debug_aranges
                0x0000000000000180       0x68 Core/Src/stm32f4xx_it.o
 .debug_aranges
                0x00000000000001e8       0x20 Core/Src/sysmem.o
 .debug_aranges
                0x0000000000000208       0x28 Core/Src/system_stm32f4xx.o
 .debug_aranges
                0x0000000000000230       0x28 Core/Startup/startup_stm32f411vetx.o
 .debug_aranges
                0x0000000000000258       0xf0 Drivers/STM32F4xx_HAL_Driver/Src/stm32f4xx_hal.o
 .debug_aranges
                0x0000000000000348      0x118 Drivers/STM32F4xx_HAL_Driver/Src/stm32f4xx_hal_cortex.o
 .debug_aranges
                0x0000000000000460       0x58 Drivers/STM32F4xx_HAL_Driver/Src/stm32f4xx_hal_gpio.o
 .debug_aranges
                0x00000000000004b8       0xf8 Drivers/STM32F4xx_HAL_Driver/Src/stm32f4xx_hal_hcd.o
 .debug_aranges
                0x00000000000005b0      0x2a0 Drivers/STM32F4xx_HAL_Driver/Src/stm32f4xx_hal_i2c.o
 .debug_aranges
                0x0000000000000850      0x108 Drivers/STM32F4xx_HAL_Driver/Src/stm32f4xx_hal_i2s.o
 .debug_aranges
                0x0000000000000958       0x88 Drivers/STM32F4xx_HAL_Driver/Src/stm32f4xx_hal_i2s_ex.o
 .debug_aranges
                0x00000000000009e0       0x88 Drivers/STM32F4xx_HAL_Driver/Src/stm32f4xx_hal_rcc.o
 .debug_aranges
                0x0000000000000a68       0x50 Drivers/STM32F4xx_HAL_Driver/Src/stm32f4xx_hal_rcc_ex.o
 .debug_aranges
                0x0000000000000ab8      0x1d0 Drivers/STM32F4xx_HAL_Driver/Src/stm32f4xx_hal_spi.o
 .debug_aranges
                0x0000000000000c88      0x198 Drivers/STM32F4xx_HAL_Driver/Src/stm32f4xx_ll_usb.o
 .debug_aranges
                0x0000000000000e20       0xa8 Middlewares/ST/STM32_USB_Host_Library/Class/CDC/Src/usbh_cdc.o
 .debug_aranges
                0x0000000000000ec8       0xc0 Middlewares/ST/STM32_USB_Host_Library/Core/Src/usbh_core.o
 .debug_aranges
                0x0000000000000f88       0xa0 Middlewares/ST/STM32_USB_Host_Library/Core/Src/usbh_ctlreq.o
 .debug_aranges
                0x0000000000001028       0x60 Middlewares/ST/STM32_USB_Host_Library/Core/Src/usbh_ioreq.o
 .debug_aranges
                0x0000000000001088       0x40 Middlewares/ST/STM32_USB_Host_Library/Core/Src/usbh_pipes.o
 .debug_aranges
                0x00000000000010c8       0x30 USB_HOST/App/usb_host.o
 .debug_aranges
                0x00000000000010f8       0xd8 USB_HOST/Target/usbh_conf.o
 .debug_aranges
                0x00000000000011d0       0x20 USB_HOST/Target/usbh_platform.o

.debug_ranges   0x0000000000000000     0x1040
 .debug_ranges  0x0000000000000000       0x50 Core/Src/button.o
 .debug_ranges  0x0000000000000050       0x10 Core/Src/gpio.o
 .debug_ranges  0x0000000000000060       0x20 Core/Src/i2c.o
 .debug_ranges  0x0000000000000080       0x28 Core/Src/i2s.o
 .debug_ranges  0x00000000000000a8       0x38 Core/Src/main.o
 .debug_ranges  0x00000000000000e0       0x20 Core/Src/spi.o
 .debug_ranges  0x0000000000000100       0x10 Core/Src/stm32f4xx_hal_msp.o
 .debug_ranges  0x0000000000000110       0x58 Core/Src/stm32f4xx_it.o
 .debug_ranges  0x0000000000000168       0x10 Core/Src/sysmem.o
 .debug_ranges  0x0000000000000178       0x18 Core/Src/system_stm32f4xx.o
 .debug_ranges  0x0000000000000190       0x20 Core/Startup/startup_stm32f411vetx.o
 .debug_ranges  0x00000000000001b0       0xe0 Drivers/STM32F4xx_HAL_Driver/Src/stm32f4xx_hal.o
 .debug_ranges  0x0000000000000290      0x108 Drivers/STM32F4xx_HAL_Driver/Src/stm32f4xx_hal_cortex.o
 .debug_ranges  0x0000000000000398       0x48 Drivers/STM32F4xx_HAL_Driver/Src/stm32f4xx_hal_gpio.o
 .debug_ranges  0x00000000000003e0       0xe8 Drivers/STM32F4xx_HAL_Driver/Src/stm32f4xx_hal_hcd.o
 .debug_ranges  0x00000000000004c8      0x2b8 Drivers/STM32F4xx_HAL_Driver/Src/stm32f4xx_hal_i2c.o
 .debug_ranges  0x0000000000000780       0xf8 Drivers/STM32F4xx_HAL_Driver/Src/stm32f4xx_hal_i2s.o
 .debug_ranges  0x0000000000000878       0x78 Drivers/STM32F4xx_HAL_Driver/Src/stm32f4xx_hal_i2s_ex.o
 .debug_ranges  0x00000000000008f0       0x78 Drivers/STM32F4xx_HAL_Driver/Src/stm32f4xx_hal_rcc.o
 .debug_ranges  0x0000000000000968       0x40 Drivers/STM32F4xx_HAL_Driver/Src/stm32f4xx_hal_rcc_ex.o
 .debug_ranges  0x00000000000009a8      0x1c0 Drivers/STM32F4xx_HAL_Driver/Src/stm32f4xx_hal_spi.o
 .debug_ranges  0x0000000000000b68      0x188 Drivers/STM32F4xx_HAL_Driver/Src/stm32f4xx_ll_usb.o
 .debug_ranges  0x0000000000000cf0       0x98 Middlewares/ST/STM32_USB_Host_Library/Class/CDC/Src/usbh_cdc.o
 .debug_ranges  0x0000000000000d88       0xb0 Middlewares/ST/STM32_USB_Host_Library/Core/Src/usbh_core.o
 .debug_ranges  0x0000000000000e38       0x90 Middlewares/ST/STM32_USB_Host_Library/Core/Src/usbh_ctlreq.o
 .debug_ranges  0x0000000000000ec8       0x50 Middlewares/ST/STM32_USB_Host_Library/Core/Src/usbh_ioreq.o
 .debug_ranges  0x0000000000000f18       0x30 Middlewares/ST/STM32_USB_Host_Library/Core/Src/usbh_pipes.o
 .debug_ranges  0x0000000000000f48       0x20 USB_HOST/App/usb_host.o
 .debug_ranges  0x0000000000000f68       0xc8 USB_HOST/Target/usbh_conf.o
 .debug_ranges  0x0000000000001030       0x10 USB_HOST/Target/usbh_platform.o

.debug_macro    0x0000000000000000    0x199c8
 .debug_macro   0x0000000000000000      0x21e Core/Src/button.o
 .debug_macro   0x000000000000021e      0xa5a Core/Src/button.o
 .debug_macro   0x0000000000000c78      0x2a0 Core/Src/button.o
 .debug_macro   0x0000000000000f18       0x2e Core/Src/button.o
 .debug_macro   0x0000000000000f46       0x28 Core/Src/button.o
 .debug_macro   0x0000000000000f6e       0x22 Core/Src/button.o
 .debug_macro   0x0000000000000f90       0x8e Core/Src/button.o
 .debug_macro   0x000000000000101e       0x51 Core/Src/button.o
 .debug_macro   0x000000000000106f       0xef Core/Src/button.o
 .debug_macro   0x000000000000115e       0x6a Core/Src/button.o
 .debug_macro   0x00000000000011c8      0x1df Core/Src/button.o
 .debug_macro   0x00000000000013a7       0x1c Core/Src/button.o
 .debug_macro   0x00000000000013c3       0x22 Core/Src/button.o
 .debug_macro   0x00000000000013e5       0xdf Core/Src/button.o
 .debug_macro   0x00000000000014c4     0x102d Core/Src/button.o
 .debug_macro   0x00000000000024f1      0x11f Core/Src/button.o
 .debug_macro   0x0000000000002610     0xb937 Core/Src/button.o
 .debug_macro   0x000000000000df47       0x43 Core/Src/button.o
 .debug_macro   0x000000000000df8a     0x3659 Core/Src/button.o
 .debug_macro   0x00000000000115e3      0x174 Core/Src/button.o
 .debug_macro   0x0000000000011757       0x5a Core/Src/button.o
 .debug_macro   0x00000000000117b1      0x447 Core/Src/button.o
 .debug_macro   0x0000000000011bf8      0x9fe Core/Src/button.o
 .debug_macro   0x00000000000125f6      0x117 Core/Src/button.o
 .debug_macro   0x000000000001270d      0x11b Core/Src/button.o
 .debug_macro   0x0000000000012828       0x27 Core/Src/button.o
 .debug_macro   0x000000000001284f      0x15f Core/Src/button.o
 .debug_macro   0x00000000000129ae      0x287 Core/Src/button.o
 .debug_macro   0x0000000000012c35       0x5f Core/Src/button.o
 .debug_macro   0x0000000000012c94      0x236 Core/Src/button.o
 .debug_macro   0x0000000000012eca      0x132 Core/Src/button.o
 .debug_macro   0x0000000000012ffc      0x264 Core/Src/button.o
 .debug_macro   0x0000000000013260       0x2e Core/Src/button.o
 .debug_macro   0x000000000001328e      0x1b5 Core/Src/button.o
 .debug_macro   0x0000000000013443       0x22 Core/Src/button.o
 .debug_macro   0x0000000000013465       0xd6 Core/Src/button.o
 .debug_macro   0x000000000001353b      0x1a7 Core/Src/button.o
 .debug_macro   0x00000000000136e2       0x46 Core/Src/button.o
 .debug_macro   0x0000000000013728       0x4a Core/Src/button.o
 .debug_macro   0x0000000000013772      0x11a Core/Src/button.o
 .debug_macro   0x000000000001388c       0x85 Core/Src/button.o
 .debug_macro   0x0000000000013911       0x89 Core/Src/button.o
 .debug_macro   0x000000000001399a      0x225 Core/Src/button.o
 .debug_macro   0x0000000000013bbf      0x21e Core/Src/button.o
 .debug_macro   0x0000000000013ddd       0x68 Core/Src/button.o
 .debug_macro   0x0000000000013e45      0x126 Core/Src/button.o
 .debug_macro   0x0000000000013f6b      0x1ac Core/Src/button.o
 .debug_macro   0x0000000000014117      0x21e Core/Src/gpio.o
 .debug_macro   0x0000000000014335      0x21e Core/Src/i2c.o
 .debug_macro   0x0000000000014553      0x21e Core/Src/i2s.o
 .debug_macro   0x0000000000014771      0x254 Core/Src/main.o
 .debug_macro   0x00000000000149c5      0x21e Core/Src/spi.o
 .debug_macro   0x0000000000014be3      0x214 Core/Src/stm32f4xx_hal_msp.o
 .debug_macro   0x0000000000014df7      0x21e Core/Src/stm32f4xx_it.o
 .debug_macro   0x0000000000015015       0xee Core/Src/sysmem.o
 .debug_macro   0x0000000000015103      0x23b Core/Src/sysmem.o
 .debug_macro   0x000000000001533e      0x20b Core/Src/system_stm32f4xx.o
 .debug_macro   0x0000000000015549      0x265 Drivers/STM32F4xx_HAL_Driver/Src/stm32f4xx_hal.o
 .debug_macro   0x00000000000157ae      0x205 Drivers/STM32F4xx_HAL_Driver/Src/stm32f4xx_hal_cortex.o
 .debug_macro   0x00000000000159b3      0x23b Drivers/STM32F4xx_HAL_Driver/Src/stm32f4xx_hal_gpio.o
 .debug_macro   0x0000000000015bee      0x205 Drivers/STM32F4xx_HAL_Driver/Src/stm32f4xx_hal_hcd.o
 .debug_macro   0x0000000000015df3      0x24c Drivers/STM32F4xx_HAL_Driver/Src/stm32f4xx_hal_i2c.o
 .debug_macro   0x000000000001603f      0x20d Drivers/STM32F4xx_HAL_Driver/Src/stm32f4xx_hal_i2s.o
 .debug_macro   0x000000000001624c      0x205 Drivers/STM32F4xx_HAL_Driver/Src/stm32f4xx_hal_i2s_ex.o
 .debug_macro   0x0000000000016451      0x229 Drivers/STM32F4xx_HAL_Driver/Src/stm32f4xx_hal_rcc.o
 .debug_macro   0x000000000001667a      0x205 Drivers/STM32F4xx_HAL_Driver/Src/stm32f4xx_hal_rcc_ex.o
 .debug_macro   0x000000000001687f      0x214 Drivers/STM32F4xx_HAL_Driver/Src/stm32f4xx_hal_spi.o
 .debug_macro   0x0000000000016a93      0x205 Drivers/STM32F4xx_HAL_Driver/Src/stm32f4xx_ll_usb.o
 .debug_macro   0x0000000000016c98      0x42a Middlewares/ST/STM32_USB_Host_Library/Class/CDC/Src/usbh_cdc.o
 .debug_macro   0x00000000000170c2       0x16 Middlewares/ST/STM32_USB_Host_Library/Class/CDC/Src/usbh_cdc.o
 .debug_macro   0x00000000000170d8       0x97 Middlewares/ST/STM32_USB_Host_Library/Class/CDC/Src/usbh_cdc.o
 .debug_macro   0x000000000001716f       0xfd Middlewares/ST/STM32_USB_Host_Library/Class/CDC/Src/usbh_cdc.o
 .debug_macro   0x000000000001726c       0x16 Middlewares/ST/STM32_USB_Host_Library/Class/CDC/Src/usbh_cdc.o
 .debug_macro   0x0000000000017282       0x20 Middlewares/ST/STM32_USB_Host_Library/Class/CDC/Src/usbh_cdc.o
 .debug_macro   0x00000000000172a2       0xd9 Middlewares/ST/STM32_USB_Host_Library/Class/CDC/Src/usbh_cdc.o
 .debug_macro   0x000000000001737b       0x54 Middlewares/ST/STM32_USB_Host_Library/Class/CDC/Src/usbh_cdc.o
 .debug_macro   0x00000000000173cf       0x73 Middlewares/ST/STM32_USB_Host_Library/Class/CDC/Src/usbh_cdc.o
 .debug_macro   0x0000000000017442      0x218 Middlewares/ST/STM32_USB_Host_Library/Class/CDC/Src/usbh_cdc.o
 .debug_macro   0x000000000001765a       0x2e Middlewares/ST/STM32_USB_Host_Library/Class/CDC/Src/usbh_cdc.o
 .debug_macro   0x0000000000017688       0x2e Middlewares/ST/STM32_USB_Host_Library/Class/CDC/Src/usbh_cdc.o
 .debug_macro   0x00000000000176b6       0x28 Middlewares/ST/STM32_USB_Host_Library/Class/CDC/Src/usbh_cdc.o
 .debug_macro   0x00000000000176de      0x15c Middlewares/ST/STM32_USB_Host_Library/Class/CDC/Src/usbh_cdc.o
 .debug_macro   0x000000000001783a      0x427 Middlewares/ST/STM32_USB_Host_Library/Core/Src/usbh_core.o
 .debug_macro   0x0000000000017c61      0x41f Middlewares/ST/STM32_USB_Host_Library/Core/Src/usbh_ctlreq.o
 .debug_macro   0x0000000000018080       0x28 Middlewares/ST/STM32_USB_Host_Library/Core/Src/usbh_ctlreq.o
 .debug_macro   0x00000000000180a8      0x419 Middlewares/ST/STM32_USB_Host_Library/Core/Src/usbh_ioreq.o
 .debug_macro   0x00000000000184c1      0x419 Middlewares/ST/STM32_USB_Host_Library/Core/Src/usbh_pipes.o
 .debug_macro   0x00000000000188da      0x428 USB_HOST/App/usb_host.o
 .debug_macro   0x0000000000018d02       0x46 USB_HOST/App/usb_host.o
 .debug_macro   0x0000000000018d48      0x32a USB_HOST/App/usb_host.o
 .debug_macro   0x0000000000019072      0x1b2 USB_HOST/App/usb_host.o
 .debug_macro   0x0000000000019224      0x162 USB_HOST/App/usb_host.o
 .debug_macro   0x0000000000019386      0x429 USB_HOST/Target/usbh_conf.o
 .debug_macro   0x00000000000197af      0x219 USB_HOST/Target/usbh_platform.o

.debug_line     0x0000000000000000    0x16e6e
 .debug_line    0x0000000000000000      0x99e Core/Src/button.o
 .debug_line    0x000000000000099e      0x904 Core/Src/gpio.o
 .debug_line    0x00000000000012a2      0x913 Core/Src/i2c.o
 .debug_line    0x0000000000001bb5      0x958 Core/Src/i2s.o
 .debug_line    0x000000000000250d      0x9be Core/Src/main.o
 .debug_line    0x0000000000002ecb      0x915 Core/Src/spi.o
 .debug_line    0x00000000000037e0      0x8e2 Core/Src/stm32f4xx_hal_msp.o
 .debug_line    0x00000000000040c2      0x99b Core/Src/stm32f4xx_it.o
 .debug_line    0x0000000000004a5d      0x773 Core/Src/sysmem.o
 .debug_line    0x00000000000051d0      0x8fc Core/Src/system_stm32f4xx.o
 .debug_line    0x0000000000005acc       0x85 Core/Startup/startup_stm32f411vetx.o
 .debug_line    0x0000000000005b51      0xae6 Drivers/STM32F4xx_HAL_Driver/Src/stm32f4xx_hal.o
 .debug_line    0x0000000000006637      0xc0a Drivers/STM32F4xx_HAL_Driver/Src/stm32f4xx_hal_cortex.o
 .debug_line    0x0000000000007241      0xa89 Drivers/STM32F4xx_HAL_Driver/Src/stm32f4xx_hal_gpio.o
 .debug_line    0x0000000000007cca      0xd81 Drivers/STM32F4xx_HAL_Driver/Src/stm32f4xx_hal_hcd.o
 .debug_line    0x0000000000008a4b     0x1d94 Drivers/STM32F4xx_HAL_Driver/Src/stm32f4xx_hal_i2c.o
 .debug_line    0x000000000000a7df      0xf82 Drivers/STM32F4xx_HAL_Driver/Src/stm32f4xx_hal_i2s.o
 .debug_line    0x000000000000b761     0x10b0 Drivers/STM32F4xx_HAL_Driver/Src/stm32f4xx_hal_i2s_ex.o
 .debug_line    0x000000000000c811      0xb3e Drivers/STM32F4xx_HAL_Driver/Src/stm32f4xx_hal_rcc.o
 .debug_line    0x000000000000d34f      0xa23 Drivers/STM32F4xx_HAL_Driver/Src/stm32f4xx_hal_rcc_ex.o
 .debug_line    0x000000000000dd72     0x12a2 Drivers/STM32F4xx_HAL_Driver/Src/stm32f4xx_hal_spi.o
 .debug_line    0x000000000000f014     0x1011 Drivers/STM32F4xx_HAL_Driver/Src/stm32f4xx_ll_usb.o
 .debug_line    0x0000000000010025      0xf44 Middlewares/ST/STM32_USB_Host_Library/Class/CDC/Src/usbh_cdc.o
 .debug_line    0x0000000000010f69     0x106f Middlewares/ST/STM32_USB_Host_Library/Core/Src/usbh_core.o
 .debug_line    0x0000000000011fd8      0xf56 Middlewares/ST/STM32_USB_Host_Library/Core/Src/usbh_ctlreq.o
 .debug_line    0x0000000000012f2e      0xd5c Middlewares/ST/STM32_USB_Host_Library/Core/Src/usbh_ioreq.o
 .debug_line    0x0000000000013c8a      0xd14 Middlewares/ST/STM32_USB_Host_Library/Core/Src/usbh_pipes.o
 .debug_line    0x000000000001499e      0xd15 USB_HOST/App/usb_host.o
 .debug_line    0x00000000000156b3      0xeae USB_HOST/Target/usbh_conf.o
 .debug_line    0x0000000000016561      0x90d USB_HOST/Target/usbh_platform.o

.debug_str      0x0000000000000000    0x8e3a8
 .debug_str     0x0000000000000000    0x82d1e Core/Src/button.o
                                      0x82fd7 (size before relaxing)
 .debug_str     0x0000000000082d1e      0x16c Core/Src/gpio.o
                                      0x82f91 (size before relaxing)
 .debug_str     0x0000000000082e8a      0x4f9 Core/Src/i2c.o
                                      0x83496 (size before relaxing)
 .debug_str     0x0000000000083383      0x202 Core/Src/i2s.o
                                      0x833f1 (size before relaxing)
 .debug_str     0x0000000000083585      0x371 Core/Src/main.o
                                      0x83a80 (size before relaxing)
 .debug_str     0x00000000000838f6       0x4b Core/Src/spi.o
                                      0x833ee (size before relaxing)
 .debug_str     0x0000000000083941       0x2c Core/Src/stm32f4xx_hal_msp.o
                                      0x82ef4 (size before relaxing)
 .debug_str     0x000000000008396d      0x43d Core/Src/stm32f4xx_it.o
                                      0x83298 (size before relaxing)
 .debug_str     0x0000000000083daa     0x1fc8 Core/Src/sysmem.o
                                       0x5f58 (size before relaxing)
 .debug_str     0x0000000000085d72       0xc4 Core/Src/system_stm32f4xx.o
                                      0x828ba (size before relaxing)
 .debug_str     0x0000000000085e36       0x36 Core/Startup/startup_stm32f411vetx.o
                                         0x65 (size before relaxing)
 .debug_str     0x0000000000085e6c      0x919 Drivers/STM32F4xx_HAL_Driver/Src/stm32f4xx_hal.o
                                      0x8322f (size before relaxing)
 .debug_str     0x0000000000086785      0x392 Drivers/STM32F4xx_HAL_Driver/Src/stm32f4xx_hal_cortex.o
                                      0x8300c (size before relaxing)
 .debug_str     0x0000000000086b17      0x20c Drivers/STM32F4xx_HAL_Driver/Src/stm32f4xx_hal_gpio.o