16:16:21 **** Incremental Build of configuration Debug for project 05_msn_maszyna_stanow ****
make -j4 all 
arm-none-eabi-gcc "../Core/Src/main.c" -mcpu=cortex-m4 -std=gnu11 -g3 -DUSE_HAL_DRIVER -DSTM32F411xE -DDEBUG -c -I../USB_HOST/App -I../USB_HOST/Target -I../Core/Inc -I../Drivers/STM32F4xx_HAL_Driver/Inc -I../Drivers/STM32F4xx_HAL_Driver/Inc/Legacy -I../Middlewares/ST/STM32_USB_Host_Library/Core/Inc -I../Middlewares/ST/STM32_USB_Host_Library/Class/CDC/Inc -I../Drivers/CMSIS/Device/ST/STM32F4xx/Include -I../Drivers/CMSIS/Include -O0 -ffunction-sections -fdata-sections -Wall -fstack-usage -MMD -MP -MF"Core/Src/main.d" -MT"Core/Src/main.o" --specs=nano.specs -mfpu=fpv4-sp-d16 -mfloat-abi=hard -mthumb -o "Core/Src/main.o"
arm-none-eabi-gcc -o "05_msn_maszyna_stanow.elf" @"objects.list"   -mcpu=cortex-m4 -T"D:\STM32\workspace\05_msn_maszyna_stanow\STM32F411VETX_FLASH.ld" --specs=nosys.specs -Wl,-Map="05_msn_maszyna_stanow.map" -Wl,--gc-sections -static --specs=nano.specs -mfpu=fpv4-sp-d16 -mfloat-abi=hard -mthumb -Wl,--start-group -lc -lm -Wl,--end-group
Finished building target: 05_msn_maszyna_stanow.elf
 
arm-none-eabi-objdump -h -S  05_msn_maszyna_stanow.elf  > "05_msn_maszyna_stanow.list"
arm-none-eabi-objcopy  -O binary  05_msn_maszyna_stanow.elf  "05_msn_maszyna_stanow.bin"
arm-none-eabi-size   05_msn_maszyna_stanow.elf 
   text	   data	    bss	    dec	    hex	filename
  32316	    152	   3648	  36116	   8d14	05_msn_maszyna_stanow.elf
Finished building: default.size.stdout
 
Finished building: 05_msn_maszyna_stanow.bin
 
Finished building: 05_msn_maszyna_stanow.list
 

16:16:22 Build Finished. 0 errors, 0 warnings. (took 1s.150ms)

