11:45:52 **** Incremental Build of configuration Debug for project Forbot_01_DS18B20 ****
make -j8 all 
arm-none-eabi-size   Forbot_01_DS18B20.elf 
   text	   data	    bss	    dec	    hex	filename
  32520	    488	   1736	  34744	   87b8	Forbot_01_DS18B20.elf
Finished building: default.size.stdout
 
11:45:58 **** Incremental Build of configuration Debug for project Forbot_01_DS18B20 ****
make -j8 all 
arm-none-eabi-size   Forbot_01_DS18B20.elf 
   text	   data	    bss	    dec	    hex	filename
  32520	    488	   1736	  34744	   87b8	Forbot_01_DS18B20.elf
Finished building: default.size.stdout
 
11:47:39 **** Incremental Build of configuration Debug for project Forbot_01_DS18B20 ****
make -j8 all 
arm-none-eabi-size   Forbot_01_DS18B20.elf 
   text	   data	    bss	    dec	    hex	filename
  32520	    488	   1736	  34744	   87b8	Forbot_01_DS18B20.elf
Finished building: default.size.stdout
 
11:47:44 **** Incremental Build of configuration Debug for project Forbot_01_DS18B20 ****
make -j8 all 
arm-none-eabi-size   Forbot_01_DS18B20.elf 
   text	   data	    bss	    dec	    hex	filename
  32520	    488	   1736	  34744	   87b8	Forbot_01_DS18B20.elf
Finished building: default.size.stdout
 
11:49:16 **** Incremental Build of configuration Debug for project Forbot_01_DS18B20 ****
make -j8 all 
arm-none-eabi-gcc "../Core/Src/main.c" -mcpu=cortex-m4 -std=gnu11 -g3 -DDEBUG -DUSE_HAL_DRIVER -DSTM32F411xE -c -I../Core/Inc -I../Drivers/STM32F4xx_HAL_Driver/Inc -I../Drivers/STM32F4xx_HAL_Driver/Inc/Legacy -I../Drivers/CMSIS/Device/ST/STM32F4xx/Include -I../Drivers/CMSIS/Include -O0 -ffunction-sections -fdata-sections -Wall -fstack-usage -MMD -MP -MF"Core/Src/main.d" -MT"Core/Src/main.o" --specs=nano.specs -mfpu=fpv4-sp-d16 -mfloat-abi=hard -mthumb -o "Core/Src/main.o"
../Core/Src/main.c:74:6: warning: '__io_putchar' defined but not used [-Wunused-function]
   74 |  int __io_putchar(int ch)
      |      ^~~~~~~~~~~~
arm-none-eabi-gcc -o "Forbot_01_DS18B20.elf" @"objects.list"   -mcpu=cortex-m4 -T"D:\STM32\workspace\kurs_msalomon\Forbot_01_DS18B20\STM32F411RETX_FLASH.ld" --specs=nosys.specs -Wl,-Map="Forbot_01_DS18B20.map" -Wl,--gc-sections -static --specs=nano.specs -mfpu=fpv4-sp-d16 -mfloat-abi=hard -mthumb -u _printf_float -u _scanf_float -Wl,--start-group -lc -lm -Wl,--end-group
Finished building target: Forbot_01_DS18B20.elf
 
arm-none-eabi-size   Forbot_01_DS18B20.elf 
arm-none-eabi-objdump -h -S  Forbot_01_DS18B20.elf  > "Forbot_01_DS18B20.list"
arm-none-eabi-objcopy  -O binary  Forbot_01_DS18B20.elf  "Forbot_01_DS18B20.bin"
   text	   data	    bss	    dec	    hex	filename
  33056	    488	   1736	  35280	   89d0	Forbot_01_DS18B20.elf
Finished building: default.size.stdout
 
Finished building: Forbot_01_DS18B20.bin
 
Finished building: Forbot_01_DS18B20.list
 
11:49:25 **** Incremental Build of configuration Debug for project Forbot_01_DS18B20 ****
make -j8 all 
arm-none-eabi-size   Forbot_01_DS18B20.elf 
   text	   data	    bss	    dec	    hex	filename
  33056	    488	   1736	  35280	   89d0	Forbot_01_DS18B20.elf
Finished building: default.size.stdout
 
11:49:56 **** Incremental Build of configuration Debug for project Forbot_01_DS18B20 ****
make -j8 all 
arm-none-eabi-gcc "../Core/Src/main.c" -mcpu=cortex-m4 -std=gnu11 -g3 -DDEBUG -DUSE_HAL_DRIVER -DSTM32F411xE -c -I../Core/Inc -I../Drivers/STM32F4xx_HAL_Driver/Inc -I../Drivers/STM32F4xx_HAL_Driver/Inc/Legacy -I../Drivers/CMSIS/Device/ST/STM32F4xx/Include -I../Drivers/CMSIS/Include -O0 -ffunction-sections -fdata-sections -Wall -fstack-usage -MMD -MP -MF"Core/Src/main.d" -MT"Core/Src/main.o" --specs=nano.specs -mfpu=fpv4-sp-d16 -mfloat-abi=hard -mthumb -o "Core/Src/main.o"
../Core/Src/main.c:74:6: warning: '__io_putchar' defined but not used [-Wunused-function]
   74 |  int __io_putchar(int ch)
      |      ^~~~~~~~~~~~
arm-none-eabi-gcc -o "Forbot_01_DS18B20.elf" @"objects.list"   -mcpu=cortex-m4 -T"D:\STM32\workspace\kurs_msalomon\Forbot_01_DS18B20\STM32F411RETX_FLASH.ld" --specs=nosys.specs -Wl,-Map="Forbot_01_DS18B20.map" -Wl,--gc-sections -static --specs=nano.specs -mfpu=fpv4-sp-d16 -mfloat-abi=hard -mthumb -u _printf_float -u _scanf_float -Wl,--start-group -lc -lm -Wl,--end-group
Finished building target: Forbot_01_DS18B20.elf
 
arm-none-eabi-size   Forbot_01_DS18B20.elf 
arm-none-eabi-objdump -h -S  Forbot_01_DS18B20.elf  > "Forbot_01_DS18B20.list"
arm-none-eabi-objcopy  -O binary  Forbot_01_DS18B20.elf  "Forbot_01_DS18B20.bin"
   text	   data	    bss	    dec	    hex	filename
  33056	    488	   1736	  35280	   89d0	Forbot_01_DS18B20.elf
Finished building: default.size.stdout
 
Finished building: Forbot_01_DS18B20.bin
 
Finished building: Forbot_01_DS18B20.list
 
11:50:02 **** Incremental Build of configuration Debug for project Forbot_01_DS18B20 ****
make -j8 all 
arm-none-eabi-size   Forbot_01_DS18B20.elf 
   text	   data	    bss	    dec	    hex	filename
  33056	    488	   1736	  35280	   89d0	Forbot_01_DS18B20.elf
Finished building: default.size.stdout
 
11:53:23 **** Incremental Build of configuration Debug for project Forbot_01_DS18B20 ****
make -j8 all 
arm-none-eabi-size   Forbot_01_DS18B20.elf 
   text	   data	    bss	    dec	    hex	filename
  33056	    488	   1736	  35280	   89d0	Forbot_01_DS18B20.elf
Finished building: default.size.stdout
 
12:00:39 **** Incremental Build of configuration Debug for project Forbot_01_DS18B20 ****
make -j8 all 
arm-none-eabi-gcc "../Core/Src/main.c" -mcpu=cortex-m4 -std=gnu11 -g3 -DDEBUG -DUSE_HAL_DRIVER -DSTM32F411xE -c -I../Core/Inc -I../Drivers/STM32F4xx_HAL_Driver/Inc -I../Drivers/STM32F4xx_HAL_Driver/Inc/Legacy -I../Drivers/CMSIS/Device/ST/STM32F4xx/Include -I../Drivers/CMSIS/Include -O0 -ffunction-sections -fdata-sections -Wall -fstack-usage -MMD -MP -MF"Core/Src/main.d" -MT"Core/Src/main.o" --specs=nano.specs -mfpu=fpv4-sp-d16 -mfloat-abi=hard -mthumb -o "Core/Src/main.o"
../Core/Src/main.c:74:6: warning: '__io_putchar' defined but not used [-Wunused-function]
   74 |  int __io_putchar(int ch)
      |      ^~~~~~~~~~~~
arm-none-eabi-gcc -o "Forbot_01_DS18B20.elf" @"objects.list"   -mcpu=cortex-m4 -T"D:\STM32\workspace\kurs_msalomon\Forbot_01_DS18B20\STM32F411RETX_FLASH.ld" --specs=nosys.specs -Wl,-Map="Forbot_01_DS18B20.map" -Wl,--gc-sections -static --specs=nano.specs -mfpu=fpv4-sp-d16 -mfloat-abi=hard -mthumb -u _printf_float -u _scanf_float -Wl,--start-group -lc -lm -Wl,--end-group
Finished building target: Forbot_01_DS18B20.elf
 
arm-none-eabi-size   Forbot_01_DS18B20.elf 
arm-none-eabi-objdump -h -S  Forbot_01_DS18B20.elf  > "Forbot_01_DS18B20.list"
arm-none-eabi-objcopy  -O binary  Forbot_01_DS18B20.elf  "Forbot_01_DS18B20.bin"
   text	   data	    bss	    dec	    hex	filename
  32576	    488	   1736	  34800	   87f0	Forbot_01_DS18B20.elf
Finished building: default.size.stdout
 
Finished building: Forbot_01_DS18B20.bin
 
Finished building: Forbot_01_DS18B20.list
 
